<?xml version="1.0"?>
<link_info>
   <banner>TI ARM Linker PC v5.2.5</banner>
   <copyright>Copyright (c) 1996-2015 Texas Instruments Incorporated</copyright>
   <link_time>0x572c8f94</link_time>
   <link_errors>0x0</link_errors>
   <output_file>layers123.out</output_file>
   <entry_point>
      <name>_c_int00</name>
      <address>0x1989</address>
   </entry_point>
   <input_file_list>
      <input_file id="fl-2">
         <path>.\</path>
         <kind>object</kind>
         <file>Accelerometer.obj</file>
         <name>Accelerometer.obj</name>
      </input_file>
      <input_file id="fl-3">
         <path>.\</path>
         <kind>object</kind>
         <file>Sensors.obj</file>
         <name>Sensors.obj</name>
      </input_file>
      <input_file id="fl-4">
         <path>.\</path>
         <kind>object</kind>
         <file>Uart0.obj</file>
         <name>Uart0.obj</name>
      </input_file>
      <input_file id="fl-5">
         <path>.\</path>
         <kind>object</kind>
         <file>UartCommands.obj</file>
         <name>UartCommands.obj</name>
      </input_file>
      <input_file id="fl-6">
         <path>.\</path>
         <kind>object</kind>
         <file>Utils.obj</file>
         <name>Utils.obj</name>
      </input_file>
      <input_file id="fl-7">
         <path>.\</path>
         <kind>object</kind>
         <file>i2c0.obj</file>
         <name>i2c0.obj</name>
      </input_file>
      <input_file id="fl-8">
         <path>.\</path>
         <kind>object</kind>
         <file>main.obj</file>
         <name>main.obj</name>
      </input_file>
      <input_file id="fl-9">
         <path>.\</path>
         <kind>object</kind>
         <file>msp432_startup_ccs.obj</file>
         <name>msp432_startup_ccs.obj</name>
      </input_file>
      <input_file id="fl-f">
         <path>..\</path>
         <kind>archive</kind>
         <file>msp432p4xx_driverlib.lib</file>
         <name>cs.o</name>
      </input_file>
      <input_file id="fl-10">
         <path>..\</path>
         <kind>archive</kind>
         <file>msp432p4xx_driverlib.lib</file>
         <name>gpio.o</name>
      </input_file>
      <input_file id="fl-11">
         <path>..\</path>
         <kind>archive</kind>
         <file>msp432p4xx_driverlib.lib</file>
         <name>i2c.o</name>
      </input_file>
      <input_file id="fl-12">
         <path>..\</path>
         <kind>archive</kind>
         <file>msp432p4xx_driverlib.lib</file>
         <name>interrupt.o</name>
      </input_file>
      <input_file id="fl-13">
         <path>..\</path>
         <kind>archive</kind>
         <file>msp432p4xx_driverlib.lib</file>
         <name>pcm.o</name>
      </input_file>
      <input_file id="fl-14">
         <path>..\</path>
         <kind>archive</kind>
         <file>msp432p4xx_driverlib.lib</file>
         <name>sysctl.o</name>
      </input_file>
      <input_file id="fl-15">
         <path>..\</path>
         <kind>archive</kind>
         <file>msp432p4xx_driverlib.lib</file>
         <name>uart.o</name>
      </input_file>
      <input_file id="fl-16">
         <path>..\</path>
         <kind>archive</kind>
         <file>msp432p4xx_driverlib.lib</file>
         <name>wdt_a.o</name>
      </input_file>
      <input_file id="fl-17">
         <path>..\</path>
         <kind>archive</kind>
         <file>msp432p4xx_driverlib.lib</file>
         <name>cpu.o</name>
      </input_file>
      <input_file id="fl-139">
         <path>C:\ti\ccsv6\tools\compiler\ti-cgt-arm_5.2.5\lib\</path>
         <kind>archive</kind>
         <file>rtsv7M4_T_le_v4SPD16_eabi.lib</file>
         <name>atoi.obj</name>
      </input_file>
      <input_file id="fl-13a">
         <path>C:\ti\ccsv6\tools\compiler\ti-cgt-arm_5.2.5\lib\</path>
         <kind>archive</kind>
         <file>rtsv7M4_T_le_v4SPD16_eabi.lib</file>
         <name>boot.obj</name>
      </input_file>
      <input_file id="fl-13b">
         <path>C:\ti\ccsv6\tools\compiler\ti-cgt-arm_5.2.5\lib\</path>
         <kind>archive</kind>
         <file>rtsv7M4_T_le_v4SPD16_eabi.lib</file>
         <name>copy_decompress_none.obj</name>
      </input_file>
      <input_file id="fl-13c">
         <path>C:\ti\ccsv6\tools\compiler\ti-cgt-arm_5.2.5\lib\</path>
         <kind>archive</kind>
         <file>rtsv7M4_T_le_v4SPD16_eabi.lib</file>
         <name>copy_decompress_rle.obj</name>
      </input_file>
      <input_file id="fl-13d">
         <path>C:\ti\ccsv6\tools\compiler\ti-cgt-arm_5.2.5\lib\</path>
         <kind>archive</kind>
         <file>rtsv7M4_T_le_v4SPD16_eabi.lib</file>
         <name>copy_zero_init.obj</name>
      </input_file>
      <input_file id="fl-13e">
         <path>C:\ti\ccsv6\tools\compiler\ti-cgt-arm_5.2.5\lib\</path>
         <kind>archive</kind>
         <file>rtsv7M4_T_le_v4SPD16_eabi.lib</file>
         <name>ctype.obj</name>
      </input_file>
      <input_file id="fl-13f">
         <path>C:\ti\ccsv6\tools\compiler\ti-cgt-arm_5.2.5\lib\</path>
         <kind>archive</kind>
         <file>rtsv7M4_T_le_v4SPD16_eabi.lib</file>
         <name>exit.obj</name>
      </input_file>
      <input_file id="fl-140">
         <path>C:\ti\ccsv6\tools\compiler\ti-cgt-arm_5.2.5\lib\</path>
         <kind>archive</kind>
         <file>rtsv7M4_T_le_v4SPD16_eabi.lib</file>
         <name>fd_add_t2.obj</name>
      </input_file>
      <input_file id="fl-141">
         <path>C:\ti\ccsv6\tools\compiler\ti-cgt-arm_5.2.5\lib\</path>
         <kind>archive</kind>
         <file>rtsv7M4_T_le_v4SPD16_eabi.lib</file>
         <name>fd_toi_t2.obj</name>
      </input_file>
      <input_file id="fl-142">
         <path>C:\ti\ccsv6\tools\compiler\ti-cgt-arm_5.2.5\lib\</path>
         <kind>archive</kind>
         <file>rtsv7M4_T_le_v4SPD16_eabi.lib</file>
         <name>i_tofd_t2.obj</name>
      </input_file>
      <input_file id="fl-143">
         <path>C:\ti\ccsv6\tools\compiler\ti-cgt-arm_5.2.5\lib\</path>
         <kind>archive</kind>
         <file>rtsv7M4_T_le_v4SPD16_eabi.lib</file>
         <name>memcpy_t2.obj</name>
      </input_file>
      <input_file id="fl-144">
         <path>C:\ti\ccsv6\tools\compiler\ti-cgt-arm_5.2.5\lib\</path>
         <kind>archive</kind>
         <file>rtsv7M4_T_le_v4SPD16_eabi.lib</file>
         <name>memset_t2.obj</name>
      </input_file>
      <input_file id="fl-145">
         <path>C:\ti\ccsv6\tools\compiler\ti-cgt-arm_5.2.5\lib\</path>
         <kind>archive</kind>
         <file>rtsv7M4_T_le_v4SPD16_eabi.lib</file>
         <name>pre_init.obj</name>
      </input_file>
      <input_file id="fl-146">
         <path>C:\ti\ccsv6\tools\compiler\ti-cgt-arm_5.2.5\lib\</path>
         <kind>archive</kind>
         <file>rtsv7M4_T_le_v4SPD16_eabi.lib</file>
         <name>stkdepth_vars.obj</name>
      </input_file>
      <input_file id="fl-147">
         <path>C:\ti\ccsv6\tools\compiler\ti-cgt-arm_5.2.5\lib\</path>
         <kind>archive</kind>
         <file>rtsv7M4_T_le_v4SPD16_eabi.lib</file>
         <name>strcmp.obj</name>
      </input_file>
      <input_file id="fl-148">
         <path>C:\ti\ccsv6\tools\compiler\ti-cgt-arm_5.2.5\lib\</path>
         <kind>archive</kind>
         <file>rtsv7M4_T_le_v4SPD16_eabi.lib</file>
         <name>strcpy.obj</name>
      </input_file>
      <input_file id="fl-149">
         <path>C:\ti\ccsv6\tools\compiler\ti-cgt-arm_5.2.5\lib\</path>
         <kind>archive</kind>
         <file>rtsv7M4_T_le_v4SPD16_eabi.lib</file>
         <name>strtok.obj</name>
      </input_file>
      <input_file id="fl-14a">
         <path>C:\ti\ccsv6\tools\compiler\ti-cgt-arm_5.2.5\lib\</path>
         <kind>archive</kind>
         <file>rtsv7M4_T_le_v4SPD16_eabi.lib</file>
         <name>_lock.obj</name>
      </input_file>
      <input_file id="fl-14b">
         <path>C:\ti\ccsv6\tools\compiler\ti-cgt-arm_5.2.5\lib\</path>
         <kind>archive</kind>
         <file>rtsv7M4_T_le_v4SPD16_eabi.lib</file>
         <name>args_main.obj</name>
      </input_file>
      <input_file id="fl-14c">
         <path>C:\ti\ccsv6\tools\compiler\ti-cgt-arm_5.2.5\lib\</path>
         <kind>archive</kind>
         <file>rtsv7M4_T_le_v4SPD16_eabi.lib</file>
         <name>autoinit.obj</name>
      </input_file>
      <input_file id="fl-14d">
         <path>C:\ti\ccsv6\tools\compiler\ti-cgt-arm_5.2.5\lib\</path>
         <kind>archive</kind>
         <file>rtsv7M4_T_le_v4SPD16_eabi.lib</file>
         <name>cpy_tbl.obj</name>
      </input_file>
      <input_file id="fl-14e">
         <path>C:\ti\ccsv6\tools\compiler\ti-cgt-arm_5.2.5\lib\</path>
         <kind>archive</kind>
         <file>rtsv7M4_T_le_v4SPD16_eabi.lib</file>
         <name>strcspn.obj</name>
      </input_file>
      <input_file id="fl-14f">
         <path>C:\ti\ccsv6\tools\compiler\ti-cgt-arm_5.2.5\lib\</path>
         <kind>archive</kind>
         <file>rtsv7M4_T_le_v4SPD16_eabi.lib</file>
         <name>strspn.obj</name>
      </input_file>
   </input_file_list>
   <object_component_list>
      <object_component id="oc-10">
         <name>.intvecs</name>
         <load_address>0x0</load_address>
         <run_address>0x0</run_address>
         <size>0x144</size>
         <input_file_ref idref="fl-9"/>
      </object_component>
      <object_component id="oc-31">
         <name>.text</name>
         <load_address>0x144</load_address>
         <run_address>0x144</run_address>
         <size>0x3cc</size>
         <input_file_ref idref="fl-8"/>
      </object_component>
      <object_component id="oc-17c">
         <name>.text</name>
         <load_address>0x510</load_address>
         <run_address>0x510</run_address>
         <size>0x344</size>
         <input_file_ref idref="fl-2"/>
      </object_component>
      <object_component id="oc-be">
         <name>.text</name>
         <load_address>0x854</load_address>
         <run_address>0x854</run_address>
         <size>0x248</size>
         <input_file_ref idref="fl-5"/>
      </object_component>
      <object_component id="oc-26e">
         <name>.text</name>
         <load_address>0xa9c</load_address>
         <run_address>0xa9c</run_address>
         <size>0x1b6</size>
         <input_file_ref idref="fl-140"/>
      </object_component>
      <object_component id="oc-152">
         <name>.text</name>
         <load_address>0xc54</load_address>
         <run_address>0xc54</run_address>
         <size>0x1a0</size>
         <input_file_ref idref="fl-4"/>
      </object_component>
      <object_component id="oc-135">
         <name>.text:PCM_setPowerStateWithTimeout</name>
         <load_address>0xdf4</load_address>
         <run_address>0xdf4</run_address>
         <size>0x182</size>
         <input_file_ref idref="fl-13"/>
      </object_component>
      <object_component id="oc-b2">
         <name>.text</name>
         <load_address>0xf78</load_address>
         <run_address>0xf78</run_address>
         <size>0x104</size>
         <input_file_ref idref="fl-6"/>
      </object_component>
      <object_component id="oc-263">
         <name>.text</name>
         <load_address>0x107c</load_address>
         <run_address>0x107c</run_address>
         <size>0xec</size>
         <input_file_ref idref="fl-7"/>
      </object_component>
      <object_component id="oc-c4">
         <name>.text</name>
         <load_address>0x1168</load_address>
         <run_address>0x1168</run_address>
         <size>0xe4</size>
         <input_file_ref idref="fl-3"/>
      </object_component>
      <object_component id="oc-a0">
         <name>.text:CS_initClockSignal</name>
         <load_address>0x124c</load_address>
         <run_address>0x124c</run_address>
         <size>0xe0</size>
         <input_file_ref idref="fl-f"/>
      </object_component>
      <object_component id="oc-1ed">
         <name>.text:PCM_setPowerModeWithTimeout</name>
         <load_address>0x132c</load_address>
         <run_address>0x132c</run_address>
         <size>0xd4</size>
         <input_file_ref idref="fl-13"/>
      </object_component>
      <object_component id="oc-12d">
         <name>.text:PCM_setCoreVoltageLevelWithTimeout</name>
         <load_address>0x1400</load_address>
         <run_address>0x1400</run_address>
         <size>0xa8</size>
         <input_file_ref idref="fl-13"/>
      </object_component>
      <object_component id="oc-3a">
         <name>.text</name>
         <load_address>0x14a8</load_address>
         <run_address>0x14a8</run_address>
         <size>0x9c</size>
         <input_file_ref idref="fl-143"/>
      </object_component>
      <object_component id="oc-224">
         <name>.text:UART_initModule</name>
         <load_address>0x1544</load_address>
         <run_address>0x1544</run_address>
         <size>0x94</size>
         <input_file_ref idref="fl-15"/>
      </object_component>
      <object_component id="oc-13c">
         <name>.text:CS_startHFXTWithTimeout</name>
         <load_address>0x15d8</load_address>
         <run_address>0x15d8</run_address>
         <size>0x90</size>
         <input_file_ref idref="fl-f"/>
      </object_component>
      <object_component id="oc-143">
         <name>.text:CS_startLFXTWithTimeout</name>
         <load_address>0x1668</load_address>
         <run_address>0x1668</run_address>
         <size>0x90</size>
         <input_file_ref idref="fl-f"/>
      </object_component>
      <object_component id="oc-1e1">
         <name>.text:PCM_gotoLPM3</name>
         <load_address>0x16f8</load_address>
         <run_address>0x16f8</run_address>
         <size>0x7c</size>
         <input_file_ref idref="fl-13"/>
      </object_component>
      <object_component id="oc-53">
         <name>.text</name>
         <load_address>0x1774</load_address>
         <run_address>0x1774</run_address>
         <size>0x7a</size>
         <input_file_ref idref="fl-144"/>
      </object_component>
      <object_component id="oc-206">
         <name>.text:_CSGetHFXTFrequency</name>
         <load_address>0x17f0</load_address>
         <run_address>0x17f0</run_address>
         <size>0x70</size>
         <input_file_ref idref="fl-f"/>
      </object_component>
      <object_component id="oc-65">
         <name>.text</name>
         <load_address>0x1860</load_address>
         <run_address>0x1860</run_address>
         <size>0x6c</size>
         <input_file_ref idref="fl-14c"/>
      </object_component>
      <object_component id="oc-46">
         <name>.text</name>
         <load_address>0x18cc</load_address>
         <run_address>0x18cc</run_address>
         <size>0x6a</size>
         <input_file_ref idref="fl-13c"/>
      </object_component>
      <object_component id="oc-1e7">
         <name>.text:PCM_shutdownDevice</name>
         <load_address>0x1938</load_address>
         <run_address>0x1938</run_address>
         <size>0x50</size>
         <input_file_ref idref="fl-13"/>
      </object_component>
      <object_component id="oc-25">
         <name>.text</name>
         <load_address>0x1988</load_address>
         <run_address>0x1988</run_address>
         <size>0x50</size>
         <input_file_ref idref="fl-13a"/>
      </object_component>
      <object_component id="oc-218">
         <name>.text:GPIO_setAsPeripheralModuleFunctionInputPin</name>
         <load_address>0x19d8</load_address>
         <run_address>0x19d8</run_address>
         <size>0x4c</size>
         <input_file_ref idref="fl-10"/>
      </object_component>
      <object_component id="oc-7c">
         <name>.text:GPIO_setAsPeripheralModuleFunctionOutputPin</name>
         <load_address>0x1a24</load_address>
         <run_address>0x1a24</run_address>
         <size>0x4c</size>
         <input_file_ref idref="fl-10"/>
      </object_component>
      <object_component id="oc-2c1">
         <name>.text:I2C_masterSendSingleByte</name>
         <load_address>0x1a70</load_address>
         <run_address>0x1a70</run_address>
         <size>0x4c</size>
         <input_file_ref idref="fl-11"/>
      </object_component>
      <object_component id="oc-164">
         <name>.text</name>
         <load_address>0x1abc</load_address>
         <run_address>0x1abc</run_address>
         <size>0x4c</size>
         <input_file_ref idref="fl-139"/>
      </object_component>
      <object_component id="oc-10e">
         <name>.text</name>
         <load_address>0x1b08</load_address>
         <run_address>0x1b08</run_address>
         <size>0x4c</size>
         <input_file_ref idref="fl-14d"/>
      </object_component>
      <object_component id="oc-273">
         <name>.text</name>
         <load_address>0x1b54</load_address>
         <run_address>0x1b54</run_address>
         <size>0x48</size>
         <input_file_ref idref="fl-141"/>
      </object_component>
      <object_component id="oc-71">
         <name>.text</name>
         <load_address>0x1b9c</load_address>
         <run_address>0x1b9c</run_address>
         <size>0x44</size>
         <input_file_ref idref="fl-13f"/>
      </object_component>
      <object_component id="oc-158">
         <name>.text</name>
         <load_address>0x1be0</load_address>
         <run_address>0x1be0</run_address>
         <size>0x40</size>
         <input_file_ref idref="fl-149"/>
      </object_component>
      <object_component id="oc-2c7">
         <name>.text:I2C_masterReceiveSingleByte</name>
         <load_address>0x1c20</load_address>
         <run_address>0x1c20</run_address>
         <size>0x30</size>
         <input_file_ref idref="fl-11"/>
      </object_component>
      <object_component id="oc-269">
         <name>.text</name>
         <load_address>0x1c50</load_address>
         <run_address>0x1c50</run_address>
         <size>0x2e</size>
         <input_file_ref idref="fl-142"/>
      </object_component>
      <object_component id="oc-1cc">
         <name>.text:PCM_getCoreVoltageLevel</name>
         <load_address>0x1c7e</load_address>
         <run_address>0x1c7e</run_address>
         <size>0x2c</size>
         <input_file_ref idref="fl-13"/>
      </object_component>
      <object_component id="oc-1c6">
         <name>.text:PCM_getPowerMode</name>
         <load_address>0x1caa</load_address>
         <run_address>0x1caa</run_address>
         <size>0x2a</size>
         <input_file_ref idref="fl-13"/>
      </object_component>
      <object_component id="oc-23e">
         <name>.text</name>
         <load_address>0x1cd4</load_address>
         <run_address>0x1cd4</run_address>
         <size>0x2a</size>
         <input_file_ref idref="fl-14f"/>
      </object_component>
      <object_component id="oc-1f3">
         <name>.text:PCM_gotoLPM0</name>
         <load_address>0x1d00</load_address>
         <run_address>0x1d00</run_address>
         <size>0x28</size>
         <input_file_ref idref="fl-13"/>
      </object_component>
      <object_component id="oc-21e">
         <name>.text:CS_setDCOCenteredFrequency</name>
         <load_address>0x1d28</load_address>
         <run_address>0x1d28</run_address>
         <size>0x24</size>
         <input_file_ref idref="fl-f"/>
      </object_component>
      <object_component id="oc-a6">
         <name>.text:GPIO_setAsOutputPin</name>
         <load_address>0x1d4c</load_address>
         <run_address>0x1d4c</run_address>
         <size>0x24</size>
         <input_file_ref idref="fl-10"/>
      </object_component>
      <object_component id="oc-230">
         <name>.text:UART_transmitData</name>
         <load_address>0x1d70</load_address>
         <run_address>0x1d70</run_address>
         <size>0x24</size>
         <input_file_ref idref="fl-15"/>
      </object_component>
      <object_component id="oc-244">
         <name>.text</name>
         <load_address>0x1d94</load_address>
         <run_address>0x1d94</run_address>
         <size>0x24</size>
         <input_file_ref idref="fl-14e"/>
      </object_component>
      <object_component id="oc-ac">
         <name>.text:GPIO_setOutputLowOnPin</name>
         <load_address>0x1db8</load_address>
         <run_address>0x1db8</run_address>
         <size>0x18</size>
         <input_file_ref idref="fl-10"/>
      </object_component>
      <object_component id="oc-ca">
         <name>.text:WDT_A_holdTimer</name>
         <load_address>0x1dd0</load_address>
         <run_address>0x1dd0</run_address>
         <size>0x18</size>
         <input_file_ref idref="fl-16"/>
      </object_component>
      <object_component id="oc-6b">
         <name>.text</name>
         <load_address>0x1de8</load_address>
         <run_address>0x1de8</run_address>
         <size>0x18</size>
         <input_file_ref idref="fl-14b"/>
      </object_component>
      <object_component id="oc-15e">
         <name>.text</name>
         <load_address>0x1e00</load_address>
         <run_address>0x1e00</run_address>
         <size>0x18</size>
         <input_file_ref idref="fl-147"/>
      </object_component>
      <object_component id="oc-82">
         <name>.text:CS_setExternalClockSourceFrequency</name>
         <load_address>0x1e18</load_address>
         <run_address>0x1e18</run_address>
         <size>0x14</size>
         <input_file_ref idref="fl-f"/>
      </object_component>
      <object_component id="oc-d0">
         <name>.text:GPIO_setOutputHighOnPin</name>
         <load_address>0x1e2c</load_address>
         <run_address>0x1e2c</run_address>
         <size>0x14</size>
         <input_file_ref idref="fl-10"/>
      </object_component>
      <object_component id="oc-1b2">
         <name>.text</name>
         <load_address>0x1e40</load_address>
         <run_address>0x1e40</run_address>
         <size>0x14</size>
         <input_file_ref idref="fl-14a"/>
      </object_component>
      <object_component id="oc-b8">
         <name>.text</name>
         <load_address>0x1e54</load_address>
         <run_address>0x1e54</run_address>
         <size>0x14</size>
         <input_file_ref idref="fl-148"/>
      </object_component>
      <object_component id="oc-1d2">
         <name>.text:PCM_getPowerState</name>
         <load_address>0x1e68</load_address>
         <run_address>0x1e68</run_address>
         <size>0x10</size>
         <input_file_ref idref="fl-13"/>
      </object_component>
      <object_component id="oc-200">
         <name>.text:SysCtl_disableNMISource</name>
         <load_address>0x1e78</load_address>
         <run_address>0x1e78</run_address>
         <size>0x10</size>
         <input_file_ref idref="fl-14"/>
      </object_component>
      <object_component id="oc-20c">
         <name>.text:SysCtl_enableNMISource</name>
         <load_address>0x1e88</load_address>
         <run_address>0x1e88</run_address>
         <size>0x10</size>
         <input_file_ref idref="fl-14"/>
      </object_component>
      <object_component id="oc-13">
         <name>.text:decompress:none</name>
         <load_address>0x1e98</load_address>
         <run_address>0x1e98</run_address>
         <size>0xe</size>
         <input_file_ref idref="fl-13b"/>
      </object_component>
      <object_component id="oc-1fa">
         <name>.text:SysCtl_getNMISourceStatus</name>
         <load_address>0x1ea8</load_address>
         <run_address>0x1ea8</run_address>
         <size>0xc</size>
         <input_file_ref idref="fl-14"/>
      </object_component>
      <object_component id="oc-22a">
         <name>.text:UART_enableModule</name>
         <load_address>0x1eb4</load_address>
         <run_address>0x1eb4</run_address>
         <size>0xc</size>
         <input_file_ref idref="fl-15"/>
      </object_component>
      <object_component id="oc-1f">
         <name>.text:decompress:ZI</name>
         <load_address>0x1ec0</load_address>
         <run_address>0x1ec0</run_address>
         <size>0xc</size>
         <input_file_ref idref="fl-13d"/>
      </object_component>
      <object_component id="oc-2b">
         <name>.text</name>
         <load_address>0x1ecc</load_address>
         <run_address>0x1ecc</run_address>
         <size>0xc</size>
         <input_file_ref idref="fl-9"/>
      </object_component>
      <object_component id="oc-94">
         <name>.text:CS_startHFXT</name>
         <load_address>0x1ed8</load_address>
         <run_address>0x1ed8</run_address>
         <size>0x6</size>
         <input_file_ref idref="fl-f"/>
      </object_component>
      <object_component id="oc-9a">
         <name>.text:CS_startLFXT</name>
         <load_address>0x1ede</load_address>
         <run_address>0x1ede</run_address>
         <size>0x6</size>
         <input_file_ref idref="fl-f"/>
      </object_component>
      <object_component id="oc-88">
         <name>.text:PCM_setCoreVoltageLevel</name>
         <load_address>0x1ee4</load_address>
         <run_address>0x1ee4</run_address>
         <size>0x6</size>
         <input_file_ref idref="fl-13"/>
      </object_component>
      <object_component id="oc-1d8">
         <name>.text:PCM_setPowerMode</name>
         <load_address>0x1eea</load_address>
         <run_address>0x1eea</run_address>
         <size>0x6</size>
         <input_file_ref idref="fl-13"/>
      </object_component>
      <object_component id="oc-8e">
         <name>.text:PCM_setPowerState</name>
         <load_address>0x1ef0</load_address>
         <run_address>0x1ef0</run_address>
         <size>0x6</size>
         <input_file_ref idref="fl-13"/>
      </object_component>
      <object_component id="oc-19">
         <name>.text:decompress:rle24</name>
         <load_address>0x1ef6</load_address>
         <run_address>0x1ef6</run_address>
         <size>0x6</size>
         <input_file_ref idref="fl-13c"/>
      </object_component>
      <object_component id="oc-295">
         <name>.text:CPU_wfi</name>
         <load_address>0x1efc</load_address>
         <run_address>0x1efc</run_address>
         <size>0x4</size>
         <input_file_ref idref="fl-17"/>
      </object_component>
      <object_component id="oc-2bb">
         <name>.text:I2C_setSlaveAddress</name>
         <load_address>0x1f00</load_address>
         <run_address>0x1f00</run_address>
         <size>0x4</size>
         <input_file_ref idref="fl-11"/>
      </object_component>
      <object_component id="oc-5f">
         <name>.text</name>
         <load_address>0x1f04</load_address>
         <run_address>0x1f04</run_address>
         <size>0x4</size>
         <input_file_ref idref="fl-145"/>
      </object_component>
      <object_component id="oc-251">
         <name>.const:.string:_ctypes_</name>
         <load_address>0x1f08</load_address>
         <run_address>0x1f08</run_address>
         <size>0x101</size>
         <input_file_ref idref="fl-13e"/>
      </object_component>
      <object_component id="oc-123">
         <name>.const:GPIO_PORT_TO_BASE</name>
         <load_address>0x200c</load_address>
         <run_address>0x200c</run_address>
         <size>0x30</size>
         <input_file_ref idref="fl-10"/>
      </object_component>
      <object_component id="oc-d6">
         <name>.const</name>
         <load_address>0x203c</load_address>
         <run_address>0x203c</run_address>
         <size>0x18</size>
         <input_file_ref idref="fl-8"/>
      </object_component>
      <object_component id="oc-319">
         <name>.cinit..data.load</name>
         <load_address>0x2058</load_address>
         <run_address>0x2058</run_address>
         <size>0x7a</size>
      </object_component>
      <object_component id="oc-317">
         <name>__TI_handler_table</name>
         <load_address>0x20d4</load_address>
         <run_address>0x20d4</run_address>
         <size>0xc</size>
      </object_component>
      <object_component id="oc-31a">
         <name>.cinit..bss.load</name>
         <load_address>0x20e0</load_address>
         <run_address>0x20e0</run_address>
         <size>0x8</size>
      </object_component>
      <object_component id="oc-318">
         <name>__TI_cinit_table</name>
         <load_address>0x20e8</load_address>
         <run_address>0x20e8</run_address>
         <size>0x10</size>
      </object_component>
      <object_component id="oc-2a">
         <name>.stack</name>
         <uninitialized>true</uninitialized>
         <run_address>0x2000fe00</run_address>
         <size>0x0</size>
         <input_file_ref idref="fl-13a"/>
      </object_component>
      <object_component id="oc-31b">
         <name>.stack</name>
         <uninitialized>true</uninitialized>
         <run_address>0x2000fe00</run_address>
         <size>0x0</size>
      </object_component>
      <object_component id="oc-278">
         <name>.bss:defaultSensor</name>
         <uninitialized>true</uninitialized>
         <run_address>0x20000228</run_address>
         <size>0x48</size>
         <input_file_ref idref="fl-2"/>
      </object_component>
      <object_component id="oc-16a">
         <name>.bss:defaultUartModule</name>
         <uninitialized>true</uninitialized>
         <run_address>0x20000270</run_address>
         <size>0x30</size>
         <input_file_ref idref="fl-5"/>
      </object_component>
      <object_component id="oc-27f">
         <name>.common:temperature$7</name>
         <uninitialized>true</uninitialized>
         <run_address>0x200002e8</run_address>
         <size>0x2</size>
      </object_component>
      <object_component id="oc-170">
         <name>.common:command$1</name>
         <uninitialized>true</uninitialized>
         <run_address>0x200002d8</run_address>
         <size>0x4</size>
      </object_component>
      <object_component id="oc-174">
         <name>.common:setValue$2</name>
         <uninitialized>true</uninitialized>
         <run_address>0x200002e4</run_address>
         <size>0x4</size>
      </object_component>
      <object_component id="oc-14d">
         <name>.common:buf$1</name>
         <uninitialized>true</uninitialized>
         <run_address>0x200002c0</run_address>
         <size>0x18</size>
      </object_component>
      <object_component id="oc-2cd">
         <name>.common:dataReceived$1</name>
         <uninitialized>true</uninitialized>
         <run_address>0x200002ea</run_address>
         <size>0x1</size>
      </object_component>
      <object_component id="oc-df">
         <name>.common:rxxx_buffer</name>
         <uninitialized>true</uninitialized>
         <run_address>0x200002a0</run_address>
         <size>0x20</size>
      </object_component>
      <object_component id="oc-d9">
         <name>.common:status</name>
         <uninitialized>true</uninitialized>
         <run_address>0x200002eb</run_address>
         <size>0x1</size>
      </object_component>
      <object_component id="oc-12b">
         <name>.common:hfxtFreq</name>
         <uninitialized>true</uninitialized>
         <run_address>0x200002dc</run_address>
         <size>0x4</size>
      </object_component>
      <object_component id="oc-128">
         <name>.common:lfxtFreq</name>
         <uninitialized>true</uninitialized>
         <run_address>0x200002e0</run_address>
         <size>0x4</size>
      </object_component>
      <object_component id="oc-27b">
         <name>.data:sensorMpu</name>
         <load_address>0x20000170</load_address>
         <run_address>0x20000170</run_address>
         <size>0x48</size>
         <input_file_ref idref="fl-2"/>
      </object_component>
      <object_component id="oc-27e">
         <name>.data</name>
         <load_address>0x200001e8</load_address>
         <run_address>0x200001e8</run_address>
         <size>0x14</size>
         <input_file_ref idref="fl-2"/>
      </object_component>
      <object_component id="oc-182">
         <name>.data</name>
         <load_address>0x20000218</load_address>
         <run_address>0x20000218</run_address>
         <size>0x4</size>
         <input_file_ref idref="fl-3"/>
      </object_component>
      <object_component id="oc-236">
         <name>.data</name>
         <load_address>0x200001fc</load_address>
         <run_address>0x200001fc</run_address>
         <size>0xc</size>
         <input_file_ref idref="fl-4"/>
      </object_component>
      <object_component id="oc-171">
         <name>.data</name>
         <load_address>0x20000226</load_address>
         <run_address>0x20000226</run_address>
         <size>0x1</size>
         <input_file_ref idref="fl-5"/>
      </object_component>
      <object_component id="oc-16d">
         <name>.data:UartModule0</name>
         <load_address>0x200001b8</load_address>
         <run_address>0x200001b8</run_address>
         <size>0x30</size>
         <input_file_ref idref="fl-5"/>
      </object_component>
      <object_component id="oc-e0">
         <name>.data</name>
         <load_address>0x20000224</load_address>
         <run_address>0x20000224</run_address>
         <size>0x2</size>
         <input_file_ref idref="fl-8"/>
      </object_component>
      <object_component id="oc-dc">
         <name>.data:rx_buffer</name>
         <load_address>0x20000000</load_address>
         <run_address>0x20000000</run_address>
         <size>0x170</size>
         <input_file_ref idref="fl-8"/>
      </object_component>
      <object_component id="oc-11b">
         <name>.data</name>
         <load_address>0x20000210</load_address>
         <run_address>0x20000210</run_address>
         <size>0x8</size>
         <input_file_ref idref="fl-13f"/>
      </object_component>
      <object_component id="oc-77">
         <name>.data</name>
         <load_address>0x2000021c</load_address>
         <run_address>0x2000021c</run_address>
         <size>0x4</size>
         <input_file_ref idref="fl-146"/>
      </object_component>
      <object_component id="oc-24a">
         <name>.data</name>
         <load_address>0x20000220</load_address>
         <run_address>0x20000220</run_address>
         <size>0x4</size>
         <input_file_ref idref="fl-149"/>
      </object_component>
      <object_component id="oc-118">
         <name>.data</name>
         <load_address>0x20000208</load_address>
         <run_address>0x20000208</run_address>
         <size>0x8</size>
         <input_file_ref idref="fl-14a"/>
      </object_component>
      <object_component id="oc-286">
         <name>.debug_info</name>
         <load_address>0x0</load_address>
         <run_address>0x0</run_address>
         <size>0x407</size>
         <input_file_ref idref="fl-2"/>
      </object_component>
      <object_component id="oc-27c">
         <name>.debug_info</name>
         <load_address>0x407</load_address>
         <run_address>0x407</run_address>
         <size>0xd9</size>
         <input_file_ref idref="fl-2"/>
      </object_component>
      <object_component id="oc-279">
         <name>.debug_info</name>
         <load_address>0x4e0</load_address>
         <run_address>0x4e0</run_address>
         <size>0xe1</size>
         <input_file_ref idref="fl-2"/>
      </object_component>
      <object_component id="oc-17d">
         <name>.debug_info</name>
         <load_address>0x5c1</load_address>
         <run_address>0x5c1</run_address>
         <size>0x707</size>
         <input_file_ref idref="fl-2"/>
      </object_component>
      <object_component id="oc-281">
         <name>.debug_info</name>
         <load_address>0xcc8</load_address>
         <run_address>0xcc8</run_address>
         <size>0x142</size>
         <input_file_ref idref="fl-2"/>
      </object_component>
      <object_component id="oc-2de">
         <name>.debug_info</name>
         <load_address>0xe0a</load_address>
         <run_address>0xe0a</run_address>
         <size>0x9a</size>
         <input_file_ref idref="fl-2"/>
      </object_component>
      <object_component id="oc-18f">
         <name>.debug_info</name>
         <load_address>0xea4</load_address>
         <run_address>0xea4</run_address>
         <size>0x103c</size>
         <input_file_ref idref="fl-2"/>
      </object_component>
      <object_component id="oc-2d5">
         <name>.debug_info</name>
         <load_address>0x1ee0</load_address>
         <run_address>0x1ee0</run_address>
         <size>0x2c7</size>
         <input_file_ref idref="fl-2"/>
      </object_component>
      <object_component id="oc-194">
         <name>.debug_info</name>
         <load_address>0x21a7</load_address>
         <run_address>0x21a7</run_address>
         <size>0x341</size>
         <input_file_ref idref="fl-2"/>
      </object_component>
      <object_component id="oc-f5">
         <name>.debug_info</name>
         <load_address>0x24e8</load_address>
         <run_address>0x24e8</run_address>
         <size>0x84</size>
         <input_file_ref idref="fl-2"/>
      </object_component>
      <object_component id="oc-ee">
         <name>.debug_info</name>
         <load_address>0x256c</load_address>
         <run_address>0x256c</run_address>
         <size>0x18b</size>
         <input_file_ref idref="fl-2"/>
      </object_component>
      <object_component id="oc-105">
         <name>.debug_info</name>
         <load_address>0x26f7</load_address>
         <run_address>0x26f7</run_address>
         <size>0x2c</size>
         <input_file_ref idref="fl-2"/>
      </object_component>
      <object_component id="oc-238">
         <name>.debug_info</name>
         <load_address>0x2723</load_address>
         <run_address>0x2723</run_address>
         <size>0xee</size>
         <input_file_ref idref="fl-2"/>
      </object_component>
      <object_component id="oc-c6">
         <name>.debug_info</name>
         <load_address>0x2811</load_address>
         <run_address>0x2811</run_address>
         <size>0x35d</size>
         <input_file_ref idref="fl-3"/>
      </object_component>
      <object_component id="oc-184">
         <name>.debug_info</name>
         <load_address>0x2b6e</load_address>
         <run_address>0x2b6e</run_address>
         <size>0xd9</size>
         <input_file_ref idref="fl-3"/>
      </object_component>
      <object_component id="oc-23d">
         <name>.debug_info</name>
         <load_address>0x2c47</load_address>
         <run_address>0x2c47</run_address>
         <size>0x594</size>
         <input_file_ref idref="fl-4"/>
      </object_component>
      <object_component id="oc-153">
         <name>.debug_info</name>
         <load_address>0x31db</load_address>
         <run_address>0x31db</run_address>
         <size>0x8e0</size>
         <input_file_ref idref="fl-4"/>
      </object_component>
      <object_component id="oc-176">
         <name>.debug_info</name>
         <load_address>0x3abb</load_address>
         <run_address>0x3abb</run_address>
         <size>0x83</size>
         <input_file_ref idref="fl-4"/>
      </object_component>
      <object_component id="oc-e9">
         <name>.debug_info</name>
         <load_address>0x3b3e</load_address>
         <run_address>0x3b3e</run_address>
         <size>0x8b</size>
         <input_file_ref idref="fl-4"/>
      </object_component>
      <object_component id="oc-17b">
         <name>.debug_info</name>
         <load_address>0x3bc9</load_address>
         <run_address>0x3bc9</run_address>
         <size>0x4c8</size>
         <input_file_ref idref="fl-5"/>
      </object_component>
      <object_component id="oc-172">
         <name>.debug_info</name>
         <load_address>0x4091</load_address>
         <run_address>0x4091</run_address>
         <size>0xda</size>
         <input_file_ref idref="fl-5"/>
      </object_component>
      <object_component id="oc-16e">
         <name>.debug_info</name>
         <load_address>0x416b</load_address>
         <run_address>0x416b</run_address>
         <size>0xdc</size>
         <input_file_ref idref="fl-5"/>
      </object_component>
      <object_component id="oc-16b">
         <name>.debug_info</name>
         <load_address>0x4247</load_address>
         <run_address>0x4247</run_address>
         <size>0xe8</size>
         <input_file_ref idref="fl-5"/>
      </object_component>
      <object_component id="oc-c2">
         <name>.debug_info</name>
         <load_address>0x432f</load_address>
         <run_address>0x432f</run_address>
         <size>0x444</size>
         <input_file_ref idref="fl-5"/>
      </object_component>
      <object_component id="oc-258">
         <name>.debug_info</name>
         <load_address>0x4773</load_address>
         <run_address>0x4773</run_address>
         <size>0x105</size>
         <input_file_ref idref="fl-5"/>
      </object_component>
      <object_component id="oc-14f">
         <name>.debug_info</name>
         <load_address>0x4878</load_address>
         <run_address>0x4878</run_address>
         <size>0x345</size>
         <input_file_ref idref="fl-6"/>
      </object_component>
      <object_component id="oc-b3">
         <name>.debug_info</name>
         <load_address>0x4bbd</load_address>
         <run_address>0x4bbd</run_address>
         <size>0x2a6</size>
         <input_file_ref idref="fl-6"/>
      </object_component>
      <object_component id="oc-2cf">
         <name>.debug_info</name>
         <load_address>0x4e63</load_address>
         <run_address>0x4e63</run_address>
         <size>0x475</size>
         <input_file_ref idref="fl-7"/>
      </object_component>
      <object_component id="oc-267">
         <name>.debug_info</name>
         <load_address>0x52d8</load_address>
         <run_address>0x52d8</run_address>
         <size>0x4f3</size>
         <input_file_ref idref="fl-7"/>
      </object_component>
      <object_component id="oc-da">
         <name>.debug_info</name>
         <load_address>0x57cb</load_address>
         <run_address>0x57cb</run_address>
         <size>0x84b</size>
         <input_file_ref idref="fl-8"/>
      </object_component>
      <object_component id="oc-d7">
         <name>.debug_info</name>
         <load_address>0x6016</load_address>
         <run_address>0x6016</run_address>
         <size>0xce</size>
         <input_file_ref idref="fl-8"/>
      </object_component>
      <object_component id="oc-e1">
         <name>.debug_info</name>
         <load_address>0x60e4</load_address>
         <run_address>0x60e4</run_address>
         <size>0xd4</size>
         <input_file_ref idref="fl-8"/>
      </object_component>
      <object_component id="oc-dd">
         <name>.debug_info</name>
         <load_address>0x61b8</load_address>
         <run_address>0x61b8</run_address>
         <size>0xd0</size>
         <input_file_ref idref="fl-8"/>
      </object_component>
      <object_component id="oc-33">
         <name>.debug_info</name>
         <load_address>0x6288</load_address>
         <run_address>0x6288</run_address>
         <size>0xc2d</size>
         <input_file_ref idref="fl-8"/>
      </object_component>
      <object_component id="oc-e4">
         <name>.debug_info</name>
         <load_address>0x6eb5</load_address>
         <run_address>0x6eb5</run_address>
         <size>0xa3</size>
         <input_file_ref idref="fl-8"/>
      </object_component>
      <object_component id="oc-39">
         <name>.debug_info</name>
         <load_address>0x6f58</load_address>
         <run_address>0x6f58</run_address>
         <size>0x161</size>
         <input_file_ref idref="fl-9"/>
      </object_component>
      <object_component id="oc-11">
         <name>.debug_info</name>
         <load_address>0x70b9</load_address>
         <run_address>0x70b9</run_address>
         <size>0xec</size>
         <input_file_ref idref="fl-9"/>
      </object_component>
      <object_component id="oc-2c">
         <name>.debug_info</name>
         <load_address>0x71a5</load_address>
         <run_address>0x71a5</run_address>
         <size>0x21a</size>
         <input_file_ref idref="fl-9"/>
      </object_component>
      <object_component id="oc-129">
         <name>.debug_info</name>
         <load_address>0x73bf</load_address>
         <run_address>0x73bf</run_address>
         <size>0x52b</size>
         <input_file_ref idref="fl-f"/>
      </object_component>
      <object_component id="oc-146">
         <name>.debug_info</name>
         <load_address>0x78ea</load_address>
         <run_address>0x78ea</run_address>
         <size>0x216</size>
         <input_file_ref idref="fl-f"/>
      </object_component>
      <object_component id="oc-9d">
         <name>.debug_info</name>
         <load_address>0x7b00</load_address>
         <run_address>0x7b00</run_address>
         <size>0x12f</size>
         <input_file_ref idref="fl-f"/>
      </object_component>
      <object_component id="oc-209">
         <name>.debug_info</name>
         <load_address>0x7c2f</load_address>
         <run_address>0x7c2f</run_address>
         <size>0xfc</size>
         <input_file_ref idref="fl-f"/>
      </object_component>
      <object_component id="oc-13f">
         <name>.debug_info</name>
         <load_address>0x7d2b</load_address>
         <run_address>0x7d2b</run_address>
         <size>0x238</size>
         <input_file_ref idref="fl-f"/>
      </object_component>
      <object_component id="oc-97">
         <name>.debug_info</name>
         <load_address>0x7f63</load_address>
         <run_address>0x7f63</run_address>
         <size>0x13b</size>
         <input_file_ref idref="fl-f"/>
      </object_component>
      <object_component id="oc-85">
         <name>.debug_info</name>
         <load_address>0x809e</load_address>
         <run_address>0x809e</run_address>
         <size>0x1dd</size>
         <input_file_ref idref="fl-f"/>
      </object_component>
      <object_component id="oc-221">
         <name>.debug_info</name>
         <load_address>0x827b</load_address>
         <run_address>0x827b</run_address>
         <size>0x132</size>
         <input_file_ref idref="fl-f"/>
      </object_component>
      <object_component id="oc-a3">
         <name>.debug_info</name>
         <load_address>0x83ad</load_address>
         <run_address>0x83ad</run_address>
         <size>0x1e8</size>
         <input_file_ref idref="fl-f"/>
      </object_component>
      <object_component id="oc-127">
         <name>.debug_info</name>
         <load_address>0x8595</load_address>
         <run_address>0x8595</run_address>
         <size>0x440</size>
         <input_file_ref idref="fl-10"/>
      </object_component>
      <object_component id="oc-124">
         <name>.debug_info</name>
         <load_address>0x89d5</load_address>
         <run_address>0x89d5</run_address>
         <size>0xd0</size>
         <input_file_ref idref="fl-10"/>
      </object_component>
      <object_component id="oc-b0">
         <name>.debug_info</name>
         <load_address>0x8aa5</load_address>
         <run_address>0x8aa5</run_address>
         <size>0x183</size>
         <input_file_ref idref="fl-10"/>
      </object_component>
      <object_component id="oc-d4">
         <name>.debug_info</name>
         <load_address>0x8c28</load_address>
         <run_address>0x8c28</run_address>
         <size>0x185</size>
         <input_file_ref idref="fl-10"/>
      </object_component>
      <object_component id="oc-80">
         <name>.debug_info</name>
         <load_address>0x8dad</load_address>
         <run_address>0x8dad</run_address>
         <size>0x1ee</size>
         <input_file_ref idref="fl-10"/>
      </object_component>
      <object_component id="oc-21c">
         <name>.debug_info</name>
         <load_address>0x8f9b</load_address>
         <run_address>0x8f9b</run_address>
         <size>0x1ec</size>
         <input_file_ref idref="fl-10"/>
      </object_component>
      <object_component id="oc-aa">
         <name>.debug_info</name>
         <load_address>0x9187</load_address>
         <run_address>0x9187</run_address>
         <size>0x17d</size>
         <input_file_ref idref="fl-10"/>
      </object_component>
      <object_component id="oc-2ef">
         <name>.debug_info</name>
         <load_address>0x9304</load_address>
         <run_address>0x9304</run_address>
         <size>0x448</size>
         <input_file_ref idref="fl-11"/>
      </object_component>
      <object_component id="oc-2bc">
         <name>.debug_info</name>
         <load_address>0x974c</load_address>
         <run_address>0x974c</run_address>
         <size>0x182</size>
         <input_file_ref idref="fl-11"/>
      </object_component>
      <object_component id="oc-2c2">
         <name>.debug_info</name>
         <load_address>0x98ce</load_address>
         <run_address>0x98ce</run_address>
         <size>0x191</size>
         <input_file_ref idref="fl-11"/>
      </object_component>
      <object_component id="oc-2c8">
         <name>.debug_info</name>
         <load_address>0x9a5f</load_address>
         <run_address>0x9a5f</run_address>
         <size>0x154</size>
         <input_file_ref idref="fl-11"/>
      </object_component>
      <object_component id="oc-134">
         <name>.debug_info</name>
         <load_address>0x9bb3</load_address>
         <run_address>0x9bb3</run_address>
         <size>0x4a6</size>
         <input_file_ref idref="fl-13"/>
      </object_component>
      <object_component id="oc-1e8">
         <name>.debug_info</name>
         <load_address>0xa059</load_address>
         <run_address>0xa059</run_address>
         <size>0x174</size>
         <input_file_ref idref="fl-13"/>
      </object_component>
      <object_component id="oc-1d3">
         <name>.debug_info</name>
         <load_address>0xa1cd</load_address>
         <run_address>0xa1cd</run_address>
         <size>0xf9</size>
         <input_file_ref idref="fl-13"/>
      </object_component>
      <object_component id="oc-1c7">
         <name>.debug_info</name>
         <load_address>0xa2c6</load_address>
         <run_address>0xa2c6</run_address>
         <size>0x13d</size>
         <input_file_ref idref="fl-13"/>
      </object_component>
      <object_component id="oc-1ee">
         <name>.debug_info</name>
         <load_address>0xa403</load_address>
         <run_address>0xa403</run_address>
         <size>0x28e</size>
         <input_file_ref idref="fl-13"/>
      </object_component>
      <object_component id="oc-1d9">
         <name>.debug_info</name>
         <load_address>0xa691</load_address>
         <run_address>0xa691</run_address>
         <size>0x147</size>
         <input_file_ref idref="fl-13"/>
      </object_component>
      <object_component id="oc-8f">
         <name>.debug_info</name>
         <load_address>0xa7d8</load_address>
         <run_address>0xa7d8</run_address>
         <size>0x151</size>
         <input_file_ref idref="fl-13"/>
      </object_component>
      <object_component id="oc-1e2">
         <name>.debug_info</name>
         <load_address>0xa929</load_address>
         <run_address>0xa929</run_address>
         <size>0x1b7</size>
         <input_file_ref idref="fl-13"/>
      </object_component>
      <object_component id="oc-1cd">
         <name>.debug_info</name>
         <load_address>0xaae0</load_address>
         <run_address>0xaae0</run_address>
         <size>0x14b</size>
         <input_file_ref idref="fl-13"/>
      </object_component>
      <object_component id="oc-12e">
         <name>.debug_info</name>
         <load_address>0xac2b</load_address>
         <run_address>0xac2b</run_address>
         <size>0x2e2</size>
         <input_file_ref idref="fl-13"/>
      </object_component>
      <object_component id="oc-1f4">
         <name>.debug_info</name>
         <load_address>0xaf0d</load_address>
         <run_address>0xaf0d</run_address>
         <size>0xfd</size>
         <input_file_ref idref="fl-13"/>
      </object_component>
      <object_component id="oc-136">
         <name>.debug_info</name>
         <load_address>0xb00a</load_address>
         <run_address>0xb00a</run_address>
         <size>0x51f</size>
         <input_file_ref idref="fl-13"/>
      </object_component>
      <object_component id="oc-89">
         <name>.debug_info</name>
         <load_address>0xb529</load_address>
         <run_address>0xb529</run_address>
         <size>0x168</size>
         <input_file_ref idref="fl-13"/>
      </object_component>
      <object_component id="oc-2a1">
         <name>.debug_info</name>
         <load_address>0xb691</load_address>
         <run_address>0xb691</run_address>
         <size>0x2f4</size>
         <input_file_ref idref="fl-14"/>
      </object_component>
      <object_component id="oc-1fb">
         <name>.debug_info</name>
         <load_address>0xb985</load_address>
         <run_address>0xb985</run_address>
         <size>0x10f</size>
         <input_file_ref idref="fl-14"/>
      </object_component>
      <object_component id="oc-20d">
         <name>.debug_info</name>
         <load_address>0xba94</load_address>
         <run_address>0xba94</run_address>
         <size>0x12b</size>
         <input_file_ref idref="fl-14"/>
      </object_component>
      <object_component id="oc-201">
         <name>.debug_info</name>
         <load_address>0xbbbf</load_address>
         <run_address>0xbbbf</run_address>
         <size>0x12d</size>
         <input_file_ref idref="fl-14"/>
      </object_component>
      <object_component id="oc-2a7">
         <name>.debug_info</name>
         <load_address>0xbcec</load_address>
         <run_address>0xbcec</run_address>
         <size>0x434</size>
         <input_file_ref idref="fl-15"/>
      </object_component>
      <object_component id="oc-233">
         <name>.debug_info</name>
         <load_address>0xc120</load_address>
         <run_address>0xc120</run_address>
         <size>0x181</size>
         <input_file_ref idref="fl-15"/>
      </object_component>
      <object_component id="oc-226">
         <name>.debug_info</name>
         <load_address>0xc2a1</load_address>
         <run_address>0xc2a1</run_address>
         <size>0x169</size>
         <input_file_ref idref="fl-15"/>
      </object_component>
      <object_component id="oc-22c">
         <name>.debug_info</name>
         <load_address>0xc40a</load_address>
         <run_address>0xc40a</run_address>
         <size>0x13f</size>
         <input_file_ref idref="fl-15"/>
      </object_component>
      <object_component id="oc-cc">
         <name>.debug_info</name>
         <load_address>0xc549</load_address>
         <run_address>0xc549</run_address>
         <size>0x115</size>
         <input_file_ref idref="fl-16"/>
      </object_component>
      <object_component id="oc-296">
         <name>.debug_info</name>
         <load_address>0xc65e</load_address>
         <run_address>0xc65e</run_address>
         <size>0xe1</size>
         <input_file_ref idref="fl-17"/>
      </object_component>
      <object_component id="oc-255">
         <name>.debug_info</name>
         <load_address>0xc73f</load_address>
         <run_address>0xc73f</run_address>
         <size>0xf5</size>
         <input_file_ref idref="fl-139"/>
      </object_component>
      <object_component id="oc-168">
         <name>.debug_info</name>
         <load_address>0xc834</load_address>
         <run_address>0xc834</run_address>
         <size>0x152</size>
         <input_file_ref idref="fl-139"/>
      </object_component>
      <object_component id="oc-26">
         <name>.debug_info</name>
         <load_address>0xc986</load_address>
         <run_address>0xc986</run_address>
         <size>0x134</size>
         <input_file_ref idref="fl-13a"/>
      </object_component>
      <object_component id="oc-45">
         <name>.debug_info</name>
         <load_address>0xcaba</load_address>
         <run_address>0xcaba</run_address>
         <size>0x121</size>
         <input_file_ref idref="fl-13b"/>
      </object_component>
      <object_component id="oc-14">
         <name>.debug_info</name>
         <load_address>0xcbdb</load_address>
         <run_address>0xcbdb</run_address>
         <size>0x1c0</size>
         <input_file_ref idref="fl-13b"/>
      </object_component>
      <object_component id="oc-40">
         <name>.debug_info</name>
         <load_address>0xcd9b</load_address>
         <run_address>0xcd9b</run_address>
         <size>0x46</size>
         <input_file_ref idref="fl-13b"/>
      </object_component>
      <object_component id="oc-fb">
         <name>.debug_info</name>
         <load_address>0xcde1</load_address>
         <run_address>0xcde1</run_address>
         <size>0x2c</size>
         <input_file_ref idref="fl-13b"/>
      </object_component>
      <object_component id="oc-4d">
         <name>.debug_info</name>
         <load_address>0xce0d</load_address>
         <run_address>0xce0d</run_address>
         <size>0x115</size>
         <input_file_ref idref="fl-13c"/>
      </object_component>
      <object_component id="oc-48">
         <name>.debug_info</name>
         <load_address>0xcf22</load_address>
         <run_address>0xcf22</run_address>
         <size>0x228</size>
         <input_file_ref idref="fl-13c"/>
      </object_component>
      <object_component id="oc-1c">
         <name>.debug_info</name>
         <load_address>0xd14a</load_address>
         <run_address>0xd14a</run_address>
         <size>0x192</size>
         <input_file_ref idref="fl-13c"/>
      </object_component>
      <object_component id="oc-4e">
         <name>.debug_info</name>
         <load_address>0xd2dc</load_address>
         <run_address>0xd2dc</run_address>
         <size>0x39</size>
         <input_file_ref idref="fl-13c"/>
      </object_component>
      <object_component id="oc-5e">
         <name>.debug_info</name>
         <load_address>0xd315</load_address>
         <run_address>0xd315</run_address>
         <size>0x110</size>
         <input_file_ref idref="fl-13d"/>
      </object_component>
      <object_component id="oc-20">
         <name>.debug_info</name>
         <load_address>0xd425</load_address>
         <run_address>0xd425</run_address>
         <size>0x18b</size>
         <input_file_ref idref="fl-13d"/>
      </object_component>
      <object_component id="oc-59">
         <name>.debug_info</name>
         <load_address>0xd5b0</load_address>
         <run_address>0xd5b0</run_address>
         <size>0x46</size>
         <input_file_ref idref="fl-13d"/>
      </object_component>
      <object_component id="oc-2b8">
         <name>.debug_info</name>
         <load_address>0xd5f6</load_address>
         <run_address>0xd5f6</run_address>
         <size>0xcf</size>
         <input_file_ref idref="fl-13e"/>
      </object_component>
      <object_component id="oc-252">
         <name>.debug_info</name>
         <load_address>0xd6c5</load_address>
         <run_address>0xd6c5</run_address>
         <size>0xdb</size>
         <input_file_ref idref="fl-13e"/>
      </object_component>
      <object_component id="oc-11f">
         <name>.debug_info</name>
         <load_address>0xd7a0</load_address>
         <run_address>0xd7a0</run_address>
         <size>0x172</size>
         <input_file_ref idref="fl-13f"/>
      </object_component>
      <object_component id="oc-11c">
         <name>.debug_info</name>
         <load_address>0xd912</load_address>
         <run_address>0xd912</run_address>
         <size>0x117</size>
         <input_file_ref idref="fl-13f"/>
      </object_component>
      <object_component id="oc-73">
         <name>.debug_info</name>
         <load_address>0xda29</load_address>
         <run_address>0xda29</run_address>
         <size>0x1ee</size>
         <input_file_ref idref="fl-13f"/>
      </object_component>
      <object_component id="oc-26f">
         <name>.debug_info</name>
         <load_address>0xdc17</load_address>
         <run_address>0xdc17</run_address>
         <size>0x129</size>
         <input_file_ref idref="fl-140"/>
      </object_component>
      <object_component id="oc-275">
         <name>.debug_info</name>
         <load_address>0xdd40</load_address>
         <run_address>0xdd40</run_address>
         <size>0x10b</size>
         <input_file_ref idref="fl-141"/>
      </object_component>
      <object_component id="oc-26b">
         <name>.debug_info</name>
         <load_address>0xde4b</load_address>
         <run_address>0xde4b</run_address>
         <size>0x109</size>
         <input_file_ref idref="fl-142"/>
      </object_component>
      <object_component id="oc-3d">
         <name>.debug_info</name>
         <load_address>0xdf54</load_address>
         <run_address>0xdf54</run_address>
         <size>0xf6</size>
         <input_file_ref idref="fl-143"/>
      </object_component>
      <object_component id="oc-55">
         <name>.debug_info</name>
         <load_address>0xe04a</load_address>
         <run_address>0xe04a</run_address>
         <size>0x124</size>
         <input_file_ref idref="fl-144"/>
      </object_component>
      <object_component id="oc-60">
         <name>.debug_info</name>
         <load_address>0xe16e</load_address>
         <run_address>0xe16e</run_address>
         <size>0x129</size>
         <input_file_ref idref="fl-145"/>
      </object_component>
      <object_component id="oc-78">
         <name>.debug_info</name>
         <load_address>0xe297</load_address>
         <run_address>0xe297</run_address>
         <size>0xea</size>
         <input_file_ref idref="fl-146"/>
      </object_component>
      <object_component id="oc-250">
         <name>.debug_info</name>
         <load_address>0xe381</load_address>
         <run_address>0xe381</run_address>
         <size>0xc6</size>
         <input_file_ref idref="fl-147"/>
      </object_component>
      <object_component id="oc-15f">
         <name>.debug_info</name>
         <load_address>0xe447</load_address>
         <run_address>0xe447</run_address>
         <size>0x225</size>
         <input_file_ref idref="fl-147"/>
      </object_component>
      <object_component id="oc-151">
         <name>.debug_info</name>
         <load_address>0xe66c</load_address>
         <run_address>0xe66c</run_address>
         <size>0xd1</size>
         <input_file_ref idref="fl-148"/>
      </object_component>
      <object_component id="oc-b9">
         <name>.debug_info</name>
         <load_address>0xe73d</load_address>
         <run_address>0xe73d</run_address>
         <size>0x1fe</size>
         <input_file_ref idref="fl-148"/>
      </object_component>
      <object_component id="oc-24e">
         <name>.debug_info</name>
         <load_address>0xe93b</load_address>
         <run_address>0xe93b</run_address>
         <size>0x126</size>
         <input_file_ref idref="fl-149"/>
      </object_component>
      <object_component id="oc-24b">
         <name>.debug_info</name>
         <load_address>0xea61</load_address>
         <run_address>0xea61</run_address>
         <size>0xdb</size>
         <input_file_ref idref="fl-149"/>
      </object_component>
      <object_component id="oc-159">
         <name>.debug_info</name>
         <load_address>0xeb3c</load_address>
         <run_address>0xeb3c</run_address>
         <size>0x181</size>
         <input_file_ref idref="fl-149"/>
      </object_component>
      <object_component id="oc-1ba">
         <name>.debug_info</name>
         <load_address>0xecbd</load_address>
         <run_address>0xecbd</run_address>
         <size>0x105</size>
         <input_file_ref idref="fl-14a"/>
      </object_component>
      <object_component id="oc-119">
         <name>.debug_info</name>
         <load_address>0xedc2</load_address>
         <run_address>0xedc2</run_address>
         <size>0xf4</size>
         <input_file_ref idref="fl-14a"/>
      </object_component>
      <object_component id="oc-1b4">
         <name>.debug_info</name>
         <load_address>0xeeb6</load_address>
         <run_address>0xeeb6</run_address>
         <size>0x200</size>
         <input_file_ref idref="fl-14a"/>
      </object_component>
      <object_component id="oc-117">
         <name>.debug_info</name>
         <load_address>0xf0b6</load_address>
         <run_address>0xf0b6</run_address>
         <size>0x147</size>
         <input_file_ref idref="fl-14b"/>
      </object_component>
      <object_component id="oc-6f">
         <name>.debug_info</name>
         <load_address>0xf1fd</load_address>
         <run_address>0xf1fd</run_address>
         <size>0x148</size>
         <input_file_ref idref="fl-14b"/>
      </object_component>
      <object_component id="oc-1ad">
         <name>.debug_info</name>
         <load_address>0xf345</load_address>
         <run_address>0xf345</run_address>
         <size>0x5e</size>
         <input_file_ref idref="fl-14b"/>
      </object_component>
      <object_component id="oc-115">
         <name>.debug_info</name>
         <load_address>0xf3a3</load_address>
         <run_address>0xf3a3</run_address>
         <size>0x29e</size>
         <input_file_ref idref="fl-14c"/>
      </object_component>
      <object_component id="oc-66">
         <name>.debug_info</name>
         <load_address>0xf641</load_address>
         <run_address>0xf641</run_address>
         <size>0x158</size>
         <input_file_ref idref="fl-14c"/>
      </object_component>
      <object_component id="oc-1a1">
         <name>.debug_info</name>
         <load_address>0xf799</load_address>
         <run_address>0xf799</run_address>
         <size>0x39</size>
         <input_file_ref idref="fl-14c"/>
      </object_component>
      <object_component id="oc-1a6">
         <name>.debug_info</name>
         <load_address>0xf7d2</load_address>
         <run_address>0xf7d2</run_address>
         <size>0xcd</size>
         <input_file_ref idref="fl-14c"/>
      </object_component>
      <object_component id="oc-19e">
         <name>.debug_info</name>
         <load_address>0xf89f</load_address>
         <run_address>0xf89f</run_address>
         <size>0x1c1</size>
         <input_file_ref idref="fl-14d"/>
      </object_component>
      <object_component id="oc-10f">
         <name>.debug_info</name>
         <load_address>0xfa60</load_address>
         <run_address>0xfa60</run_address>
         <size>0x164</size>
         <input_file_ref idref="fl-14d"/>
      </object_component>
      <object_component id="oc-289">
         <name>.debug_info</name>
         <load_address>0xfbc4</load_address>
         <run_address>0xfbc4</run_address>
         <size>0x2c</size>
         <input_file_ref idref="fl-14d"/>
      </object_component>
      <object_component id="oc-2af">
         <name>.debug_info</name>
         <load_address>0xfbf0</load_address>
         <run_address>0xfbf0</run_address>
         <size>0xcc</size>
         <input_file_ref idref="fl-14e"/>
      </object_component>
      <object_component id="oc-245">
         <name>.debug_info</name>
         <load_address>0xfcbc</load_address>
         <run_address>0xfcbc</run_address>
         <size>0x16e</size>
         <input_file_ref idref="fl-14e"/>
      </object_component>
      <object_component id="oc-2ad">
         <name>.debug_info</name>
         <load_address>0xfe2a</load_address>
         <run_address>0xfe2a</run_address>
         <size>0xd1</size>
         <input_file_ref idref="fl-14f"/>
      </object_component>
      <object_component id="oc-23f">
         <name>.debug_info</name>
         <load_address>0xfefb</load_address>
         <run_address>0xfefb</run_address>
         <size>0x199</size>
         <input_file_ref idref="fl-14f"/>
      </object_component>
      <object_component id="oc-31c">
         <name>.debug_info</name>
         <load_address>0x10094</load_address>
         <run_address>0x10094</run_address>
         <size>0xa4</size>
      </object_component>
      <object_component id="oc-2dd">
         <name>.debug_line</name>
         <load_address>0x0</load_address>
         <run_address>0x0</run_address>
         <size>0x3b</size>
         <input_file_ref idref="fl-2"/>
      </object_component>
      <object_component id="oc-2db">
         <name>.debug_line</name>
         <load_address>0x3b</load_address>
         <run_address>0x3b</run_address>
         <size>0x36</size>
         <input_file_ref idref="fl-2"/>
      </object_component>
      <object_component id="oc-2d4">
         <name>.debug_line</name>
         <load_address>0x71</load_address>
         <run_address>0x71</run_address>
         <size>0x36</size>
         <input_file_ref idref="fl-2"/>
      </object_component>
      <object_component id="oc-181">
         <name>.debug_line</name>
         <load_address>0xa7</load_address>
         <run_address>0xa7</run_address>
         <size>0x102</size>
         <input_file_ref idref="fl-2"/>
      </object_component>
      <object_component id="oc-284">
         <name>.debug_line</name>
         <load_address>0x1a9</load_address>
         <run_address>0x1a9</run_address>
         <size>0x36</size>
         <input_file_ref idref="fl-2"/>
      </object_component>
      <object_component id="oc-2e1">
         <name>.debug_line</name>
         <load_address>0x1df</load_address>
         <run_address>0x1df</run_address>
         <size>0x6f</size>
         <input_file_ref idref="fl-2"/>
      </object_component>
      <object_component id="oc-192">
         <name>.debug_line</name>
         <load_address>0x24e</load_address>
         <run_address>0x24e</run_address>
         <size>0x55</size>
         <input_file_ref idref="fl-2"/>
      </object_component>
      <object_component id="oc-2d8">
         <name>.debug_line</name>
         <load_address>0x2a3</load_address>
         <run_address>0x2a3</run_address>
         <size>0x36</size>
         <input_file_ref idref="fl-2"/>
      </object_component>
      <object_component id="oc-197">
         <name>.debug_line</name>
         <load_address>0x2d9</load_address>
         <run_address>0x2d9</run_address>
         <size>0x73</size>
         <input_file_ref idref="fl-2"/>
      </object_component>
      <object_component id="oc-f8">
         <name>.debug_line</name>
         <load_address>0x34c</load_address>
         <run_address>0x34c</run_address>
         <size>0x20</size>
         <input_file_ref idref="fl-2"/>
      </object_component>
      <object_component id="oc-f1">
         <name>.debug_line</name>
         <load_address>0x36c</load_address>
         <run_address>0x36c</run_address>
         <size>0x60</size>
         <input_file_ref idref="fl-2"/>
      </object_component>
      <object_component id="oc-108">
         <name>.debug_line</name>
         <load_address>0x3cc</load_address>
         <run_address>0x3cc</run_address>
         <size>0x60</size>
         <input_file_ref idref="fl-2"/>
      </object_component>
      <object_component id="oc-23b">
         <name>.debug_line</name>
         <load_address>0x42c</load_address>
         <run_address>0x42c</run_address>
         <size>0x70</size>
         <input_file_ref idref="fl-2"/>
      </object_component>
      <object_component id="oc-c5">
         <name>.debug_line</name>
         <load_address>0x49c</load_address>
         <run_address>0x49c</run_address>
         <size>0xa5</size>
         <input_file_ref idref="fl-3"/>
      </object_component>
      <object_component id="oc-187">
         <name>.debug_line</name>
         <load_address>0x541</load_address>
         <run_address>0x541</run_address>
         <size>0x30</size>
         <input_file_ref idref="fl-3"/>
      </object_component>
      <object_component id="oc-2ab">
         <name>.debug_line</name>
         <load_address>0x571</load_address>
         <run_address>0x571</run_address>
         <size>0x181</size>
         <input_file_ref idref="fl-4"/>
      </object_component>
      <object_component id="oc-157">
         <name>.debug_line</name>
         <load_address>0x6f2</load_address>
         <run_address>0x6f2</run_address>
         <size>0xf1</size>
         <input_file_ref idref="fl-4"/>
      </object_component>
      <object_component id="oc-179">
         <name>.debug_line</name>
         <load_address>0x7e3</load_address>
         <run_address>0x7e3</run_address>
         <size>0x35</size>
         <input_file_ref idref="fl-4"/>
      </object_component>
      <object_component id="oc-ec">
         <name>.debug_line</name>
         <load_address>0x818</load_address>
         <run_address>0x818</run_address>
         <size>0x20</size>
         <input_file_ref idref="fl-4"/>
      </object_component>
      <object_component id="oc-262">
         <name>.debug_line</name>
         <load_address>0x838</load_address>
         <run_address>0x838</run_address>
         <size>0xae</size>
         <input_file_ref idref="fl-5"/>
      </object_component>
      <object_component id="oc-260">
         <name>.debug_line</name>
         <load_address>0x8e6</load_address>
         <run_address>0x8e6</run_address>
         <size>0x35</size>
         <input_file_ref idref="fl-5"/>
      </object_component>
      <object_component id="oc-25e">
         <name>.debug_line</name>
         <load_address>0x91b</load_address>
         <run_address>0x91b</run_address>
         <size>0x35</size>
         <input_file_ref idref="fl-5"/>
      </object_component>
      <object_component id="oc-257">
         <name>.debug_line</name>
         <load_address>0x950</load_address>
         <run_address>0x950</run_address>
         <size>0x35</size>
         <input_file_ref idref="fl-5"/>
      </object_component>
      <object_component id="oc-c1">
         <name>.debug_line</name>
         <load_address>0x985</load_address>
         <run_address>0x985</run_address>
         <size>0xf0</size>
         <input_file_ref idref="fl-5"/>
      </object_component>
      <object_component id="oc-25b">
         <name>.debug_line</name>
         <load_address>0xa75</load_address>
         <run_address>0xa75</run_address>
         <size>0x35</size>
         <input_file_ref idref="fl-5"/>
      </object_component>
      <object_component id="oc-215">
         <name>.debug_line</name>
         <load_address>0xaaa</load_address>
         <run_address>0xaaa</run_address>
         <size>0x20</size>
         <input_file_ref idref="fl-6"/>
      </object_component>
      <object_component id="oc-b6">
         <name>.debug_line</name>
         <load_address>0xaca</load_address>
         <run_address>0xaca</run_address>
         <size>0xb8</size>
         <input_file_ref idref="fl-6"/>
      </object_component>
      <object_component id="oc-2f3">
         <name>.debug_line</name>
         <load_address>0xb82</load_address>
         <run_address>0xb82</run_address>
         <size>0xbf</size>
         <input_file_ref idref="fl-7"/>
      </object_component>
      <object_component id="oc-265">
         <name>.debug_line</name>
         <load_address>0xc41</load_address>
         <run_address>0xc41</run_address>
         <size>0x8f</size>
         <input_file_ref idref="fl-7"/>
      </object_component>
      <object_component id="oc-18e">
         <name>.debug_line</name>
         <load_address>0xcd0</load_address>
         <run_address>0xcd0</run_address>
         <size>0x1de</size>
         <input_file_ref idref="fl-8"/>
      </object_component>
      <object_component id="oc-18c">
         <name>.debug_line</name>
         <load_address>0xeae</load_address>
         <run_address>0xeae</run_address>
         <size>0x2d</size>
         <input_file_ref idref="fl-8"/>
      </object_component>
      <object_component id="oc-19c">
         <name>.debug_line</name>
         <load_address>0xedb</load_address>
         <run_address>0xedb</run_address>
         <size>0x2d</size>
         <input_file_ref idref="fl-8"/>
      </object_component>
      <object_component id="oc-19a">
         <name>.debug_line</name>
         <load_address>0xf08</load_address>
         <run_address>0xf08</run_address>
         <size>0x2d</size>
         <input_file_ref idref="fl-8"/>
      </object_component>
      <object_component id="oc-35">
         <name>.debug_line</name>
         <load_address>0xf35</load_address>
         <run_address>0xf35</run_address>
         <size>0x1d8</size>
         <input_file_ref idref="fl-8"/>
      </object_component>
      <object_component id="oc-e7">
         <name>.debug_line</name>
         <load_address>0x110d</load_address>
         <run_address>0x110d</run_address>
         <size>0x2d</size>
         <input_file_ref idref="fl-8"/>
      </object_component>
      <object_component id="oc-f4">
         <name>.debug_line</name>
         <load_address>0x113a</load_address>
         <run_address>0x113a</run_address>
         <size>0x3b</size>
         <input_file_ref idref="fl-9"/>
      </object_component>
      <object_component id="oc-38">
         <name>.debug_line</name>
         <load_address>0x1175</load_address>
         <run_address>0x1175</run_address>
         <size>0x3b</size>
         <input_file_ref idref="fl-9"/>
      </object_component>
      <object_component id="oc-30">
         <name>.debug_line</name>
         <load_address>0x11b0</load_address>
         <run_address>0x11b0</run_address>
         <size>0x9b</size>
         <input_file_ref idref="fl-9"/>
      </object_component>
      <object_component id="oc-1c5">
         <name>.debug_line</name>
         <load_address>0x124b</load_address>
         <run_address>0x124b</run_address>
         <size>0x47</size>
         <input_file_ref idref="fl-f"/>
      </object_component>
      <object_component id="oc-148">
         <name>.debug_line</name>
         <load_address>0x1292</load_address>
         <run_address>0x1292</run_address>
         <size>0x71</size>
         <input_file_ref idref="fl-f"/>
      </object_component>
      <object_component id="oc-9f">
         <name>.debug_line</name>
         <load_address>0x1303</load_address>
         <run_address>0x1303</run_address>
         <size>0x3d</size>
         <input_file_ref idref="fl-f"/>
      </object_component>
      <object_component id="oc-20b">
         <name>.debug_line</name>
         <load_address>0x1340</load_address>
         <run_address>0x1340</run_address>
         <size>0x5b</size>
         <input_file_ref idref="fl-f"/>
      </object_component>
      <object_component id="oc-141">
         <name>.debug_line</name>
         <load_address>0x139b</load_address>
         <run_address>0x139b</run_address>
         <size>0x72</size>
         <input_file_ref idref="fl-f"/>
      </object_component>
      <object_component id="oc-99">
         <name>.debug_line</name>
         <load_address>0x140d</load_address>
         <run_address>0x140d</run_address>
         <size>0x3d</size>
         <input_file_ref idref="fl-f"/>
      </object_component>
      <object_component id="oc-87">
         <name>.debug_line</name>
         <load_address>0x144a</load_address>
         <run_address>0x144a</run_address>
         <size>0x3e</size>
         <input_file_ref idref="fl-f"/>
      </object_component>
      <object_component id="oc-223">
         <name>.debug_line</name>
         <load_address>0x1488</load_address>
         <run_address>0x1488</run_address>
         <size>0x41</size>
         <input_file_ref idref="fl-f"/>
      </object_component>
      <object_component id="oc-a5">
         <name>.debug_line</name>
         <load_address>0x14c9</load_address>
         <run_address>0x14c9</run_address>
         <size>0x99</size>
         <input_file_ref idref="fl-f"/>
      </object_component>
      <object_component id="oc-1c3">
         <name>.debug_line</name>
         <load_address>0x1562</load_address>
         <run_address>0x1562</run_address>
         <size>0x31</size>
         <input_file_ref idref="fl-10"/>
      </object_component>
      <object_component id="oc-1c1">
         <name>.debug_line</name>
         <load_address>0x1593</load_address>
         <run_address>0x1593</run_address>
         <size>0x2a</size>
         <input_file_ref idref="fl-10"/>
      </object_component>
      <object_component id="oc-ae">
         <name>.debug_line</name>
         <load_address>0x15bd</load_address>
         <run_address>0x15bd</run_address>
         <size>0x3f</size>
         <input_file_ref idref="fl-10"/>
      </object_component>
      <object_component id="oc-d2">
[...]
      <symbol id="sm-bd">
         <name>defaultSensor</name>
         <value>0x20000228</value>
         <object_component_ref idref="oc-278"/>
      </symbol>
      <symbol id="sm-be">
         <name>ConfigAccelerometer</name>
         <value>0x583</value>
         <object_component_ref idref="oc-17c"/>
      </symbol>
      <symbol id="sm-bf">
         <name>ReadTemperature</name>
         <value>0x699</value>
         <object_component_ref idref="oc-17c"/>
      </symbol>
      <symbol id="sm-c0">
         <name>InitAccelerometer</name>
         <value>0x511</value>
         <object_component_ref idref="oc-17c"/>
      </symbol>
      <symbol id="sm-c1">
         <name>ReadAccelerometer</name>
         <value>0x5eb</value>
         <object_component_ref idref="oc-17c"/>
      </symbol>
      <symbol id="sm-c2">
         <name>sensorMpu</name>
         <value>0x20000170</value>
         <object_component_ref idref="oc-27b"/>
      </symbol>
      <symbol id="sm-c3">
         <name>ReadGyroscope</name>
         <value>0x6f9</value>
         <object_component_ref idref="oc-17c"/>
      </symbol>
      <symbol id="sm-eb">
         <name>InitSensors</name>
         <value>0x1169</value>
         <object_component_ref idref="oc-c4"/>
      </symbol>
      <symbol id="sm-ec">
         <name>ConfigSensors</name>
         <value>0x1185</value>
         <object_component_ref idref="oc-c4"/>
      </symbol>
      <symbol id="sm-ed">
         <name>ReadSensors</name>
         <value>0x11c5</value>
         <object_component_ref idref="oc-c4"/>
      </symbol>
      <symbol id="sm-122">
         <name>SendUartTest</name>
         <value>0xcd9</value>
         <object_component_ref idref="oc-152"/>
      </symbol>
      <symbol id="sm-123">
         <name>InitUart</name>
         <value>0xc55</value>
         <object_component_ref idref="oc-152"/>
      </symbol>
      <symbol id="sm-124">
         <name>SendString</name>
         <value>0xcad</value>
         <object_component_ref idref="oc-152"/>
      </symbol>
      <symbol id="sm-125">
         <name>SendCharacter</name>
         <value>0xc99</value>
         <object_component_ref idref="oc-152"/>
      </symbol>
      <symbol id="sm-126">
         <name>StartAquisition</name>
         <value>0xd49</value>
         <object_component_ref idref="oc-152"/>
      </symbol>
      <symbol id="sm-127">
         <name>SetPeriod</name>
         <value>0xccf</value>
         <object_component_ref idref="oc-152"/>
      </symbol>
      <symbol id="sm-175">
         <name>SendAccelData</name>
         <value>0x951</value>
         <object_component_ref idref="oc-be"/>
      </symbol>
      <symbol id="sm-176">
         <name>SendCharacterData</name>
         <value>0x92b</value>
         <object_component_ref idref="oc-be"/>
      </symbol>
      <symbol id="sm-177">
         <name>InitUartReceive</name>
         <value>0x8b5</value>
         <object_component_ref idref="oc-be"/>
      </symbol>
      <symbol id="sm-178">
         <name>UartModule0</name>
         <value>0x200001b8</value>
         <object_component_ref idref="oc-16d"/>
      </symbol>
      <symbol id="sm-179">
         <name>verifyFlag</name>
         <value>0x20000226</value>
         <object_component_ref idref="oc-171"/>
      </symbol>
      <symbol id="sm-17a">
         <name>InitUarts</name>
         <value>0x855</value>
         <object_component_ref idref="oc-be"/>
      </symbol>
      <symbol id="sm-17b">
         <name>UartCommands</name>
         <value>0x973</value>
         <object_component_ref idref="oc-be"/>
      </symbol>
      <symbol id="sm-17c">
         <name>defaultUartModule</name>
         <value>0x20000270</value>
         <object_component_ref idref="oc-16a"/>
      </symbol>
      <symbol id="sm-195">
         <name>HexaToDecGyro</name>
         <value>0xfc1</value>
         <object_component_ref idref="oc-b2"/>
      </symbol>
      <symbol id="sm-196">
         <name>HexaToDecG</name>
         <value>0xf79</value>
         <object_component_ref idref="oc-b2"/>
      </symbol>
      <symbol id="sm-197">
         <name>IntToString</name>
         <value>0x1007</value>
         <object_component_ref idref="oc-b2"/>
      </symbol>
      <symbol id="sm-1ad">
         <name>SendI2c0</name>
         <value>0x10d7</value>
         <object_component_ref idref="oc-263"/>
      </symbol>
      <symbol id="sm-1ae">
         <name>ReadI2c0</name>
         <value>0x111f</value>
         <object_component_ref idref="oc-263"/>
      </symbol>
      <symbol id="sm-1af">
         <name>InitI2c0</name>
         <value>0x107d</value>
         <object_component_ref idref="oc-263"/>
      </symbol>
      <symbol id="sm-1f4">
         <name>rxxx_buffer</name>
         <value>0x200002a0</value>
      </symbol>
      <symbol id="sm-1f5">
         <name>status</name>
         <value>0x200002eb</value>
      </symbol>
      <symbol id="sm-1f6">
         <name>timer_a_0_isr</name>
         <value>0x49f</value>
         <object_component_ref idref="oc-31"/>
      </symbol>
      <symbol id="sm-1f7">
         <name>rx_buffer</name>
         <value>0x20000000</value>
         <object_component_ref idref="oc-dc"/>
      </symbol>
      <symbol id="sm-1f8">
         <name>setSystemClock</name>
         <value>0x1ef</value>
         <object_component_ref idref="oc-31"/>
      </symbol>
      <symbol id="sm-1f9">
         <name>add</name>
         <value>0x385</value>
         <object_component_ref idref="oc-31"/>
      </symbol>
      <symbol id="sm-1fa">
         <name>euscia0_isr</name>
         <value>0x481</value>
         <object_component_ref idref="oc-31"/>
      </symbol>
      <symbol id="sm-1fb">
         <name>send</name>
         <value>0x2fd</value>
         <object_component_ref idref="oc-31"/>
      </symbol>
      <symbol id="sm-1fc">
         <name>upConfig</name>
         <value>0x203c</value>
         <object_component_ref idref="oc-d6"/>
      </symbol>
      <symbol id="sm-1fd">
         <name>bufferWrite</name>
         <value>0x145</value>
         <object_component_ref idref="oc-31"/>
      </symbol>
      <symbol id="sm-1fe">
         <name>initTimers</name>
         <value>0x26b</value>
         <object_component_ref idref="oc-31"/>
      </symbol>
      <symbol id="sm-1ff">
         <name>main</name>
         <value>0x3b9</value>
         <object_component_ref idref="oc-31"/>
      </symbol>
      <symbol id="sm-200">
         <name>bufferRead</name>
         <value>0x18d</value>
         <object_component_ref idref="oc-31"/>
      </symbol>
      <symbol id="sm-201">
         <name>bufferIndex</name>
         <value>0x20000224</value>
         <object_component_ref idref="oc-e0"/>
      </symbol>
      <symbol id="sm-202">
         <name>timer_a_1_isr</name>
         <value>0x4b5</value>
         <object_component_ref idref="oc-31"/>
      </symbol>
      <symbol id="sm-203">
         <name>startCrystalOscillator</name>
         <value>0x1d7</value>
         <object_component_ref idref="oc-31"/>
      </symbol>
      <symbol id="sm-220">
         <name>interruptVectors</name>
         <value>0x0</value>
         <object_component_ref idref="oc-10"/>
      </symbol>
      <symbol id="sm-2a4">
         <name>CS_startLFXT</name>
         <value>0x1edf</value>
         <object_component_ref idref="oc-9a"/>
      </symbol>
      <symbol id="sm-2a5">
         <name>CS_startHFXT</name>
         <value>0x1ed9</value>
         <object_component_ref idref="oc-94"/>
      </symbol>
      <symbol id="sm-2a6">
         <name>CS_setExternalClockSourceFrequency</name>
         <value>0x1e19</value>
         <object_component_ref idref="oc-82"/>
      </symbol>
      <symbol id="sm-2a7">
         <name>CS_setDCOCenteredFrequency</name>
         <value>0x1d29</value>
         <object_component_ref idref="oc-21e"/>
      </symbol>
      <symbol id="sm-2a8">
         <name>CS_startHFXTWithTimeout</name>
         <value>0x15d9</value>
         <object_component_ref idref="oc-13c"/>
      </symbol>
      <symbol id="sm-2a9">
         <name>CS_startLFXTWithTimeout</name>
         <value>0x1669</value>
         <object_component_ref idref="oc-143"/>
      </symbol>
      <symbol id="sm-2aa">
         <name>CS_initClockSignal</name>
         <value>0x124d</value>
         <object_component_ref idref="oc-a0"/>
      </symbol>
      <symbol id="sm-2f2">
         <name>GPIO_setOutputHighOnPin</name>
         <value>0x1e2d</value>
         <object_component_ref idref="oc-d0"/>
      </symbol>
      <symbol id="sm-2f3">
         <name>GPIO_setAsOutputPin</name>
         <value>0x1d4d</value>
         <object_component_ref idref="oc-a6"/>
      </symbol>
      <symbol id="sm-2f4">
         <name>GPIO_setOutputLowOnPin</name>
         <value>0x1db9</value>
         <object_component_ref idref="oc-ac"/>
      </symbol>
      <symbol id="sm-2f5">
         <name>GPIO_setAsPeripheralModuleFunctionOutputPin</name>
         <value>0x1a25</value>
         <object_component_ref idref="oc-7c"/>
      </symbol>
      <symbol id="sm-2f6">
         <name>GPIO_setAsPeripheralModuleFunctionInputPin</name>
         <value>0x19d9</value>
         <object_component_ref idref="oc-218"/>
      </symbol>
      <symbol id="sm-31a">
         <name>I2C_masterSendSingleByte</name>
         <value>0x1a71</value>
         <object_component_ref idref="oc-2c1"/>
      </symbol>
      <symbol id="sm-31b">
         <name>I2C_setSlaveAddress</name>
         <value>0x1f01</value>
         <object_component_ref idref="oc-2bb"/>
      </symbol>
      <symbol id="sm-31c">
         <name>I2C_masterReceiveSingleByte</name>
         <value>0x1c21</value>
         <object_component_ref idref="oc-2c7"/>
      </symbol>
      <symbol id="sm-3d4">
         <name>PCM_setCoreVoltageLevel</name>
         <value>0x1ee5</value>
         <object_component_ref idref="oc-88"/>
      </symbol>
      <symbol id="sm-3d5">
         <name>PCM_getCoreVoltageLevel</name>
         <value>0x1c7f</value>
         <object_component_ref idref="oc-1cc"/>
      </symbol>
      <symbol id="sm-3d6">
         <name>PCM_shutdownDevice</name>
         <value>0x1939</value>
         <object_component_ref idref="oc-1e7"/>
      </symbol>
      <symbol id="sm-3d7">
         <name>PCM_setPowerStateWithTimeout</name>
         <value>0xdf5</value>
         <object_component_ref idref="oc-135"/>
      </symbol>
      <symbol id="sm-3d8">
         <name>PCM_setPowerState</name>
         <value>0x1ef1</value>
         <object_component_ref idref="oc-8e"/>
      </symbol>
      <symbol id="sm-3d9">
         <name>PCM_setPowerModeWithTimeout</name>
         <value>0x132d</value>
         <object_component_ref idref="oc-1ed"/>
      </symbol>
      <symbol id="sm-3da">
         <name>PCM_getPowerMode</name>
         <value>0x1cab</value>
         <object_component_ref idref="oc-1c6"/>
      </symbol>
      <symbol id="sm-3db">
         <name>PCM_getPowerState</name>
         <value>0x1e69</value>
         <object_component_ref idref="oc-1d2"/>
      </symbol>
      <symbol id="sm-3dc">
         <name>PCM_setCoreVoltageLevelWithTimeout</name>
         <value>0x1401</value>
         <object_component_ref idref="oc-12d"/>
      </symbol>
      <symbol id="sm-3dd">
         <name>PCM_gotoLPM3</name>
         <value>0x16f9</value>
         <object_component_ref idref="oc-1e1"/>
      </symbol>
      <symbol id="sm-3de">
         <name>PCM_gotoLPM0</name>
         <value>0x1d01</value>
         <object_component_ref idref="oc-1f3"/>
      </symbol>
      <symbol id="sm-3df">
         <name>PCM_setPowerMode</name>
         <value>0x1eeb</value>
         <object_component_ref idref="oc-1d8"/>
      </symbol>
      <symbol id="sm-402">
         <name>SysCtl_getNMISourceStatus</name>
         <value>0x1ea9</value>
         <object_component_ref idref="oc-1fa"/>
      </symbol>
      <symbol id="sm-403">
         <name>SysCtl_enableNMISource</name>
         <value>0x1e89</value>
         <object_component_ref idref="oc-20c"/>
      </symbol>
      <symbol id="sm-404">
         <name>SysCtl_disableNMISource</name>
         <value>0x1e79</value>
         <object_component_ref idref="oc-200"/>
      </symbol>
      <symbol id="sm-42e">
         <name>UART_enableModule</name>
         <value>0x1eb5</value>
         <object_component_ref idref="oc-22a"/>
      </symbol>
      <symbol id="sm-42f">
         <name>UART_transmitData</name>
         <value>0x1d71</value>
         <object_component_ref idref="oc-230"/>
      </symbol>
      <symbol id="sm-430">
         <name>UART_initModule</name>
         <value>0x1545</value>
         <object_component_ref idref="oc-224"/>
      </symbol>
      <symbol id="sm-43c">
         <name>WDT_A_holdTimer</name>
         <value>0x1dd1</value>
         <object_component_ref idref="oc-ca"/>
      </symbol>
      <symbol id="sm-446">
         <name>CPU_wfi</name>
         <value>0x1efd</value>
         <object_component_ref idref="oc-295"/>
      </symbol>
      <symbol id="sm-45c">
         <name>atoi</name>
         <value>0x1abd</value>
         <object_component_ref idref="oc-164"/>
      </symbol>
      <symbol id="sm-46e">
         <name>_c_int00</name>
         <value>0x1989</value>
         <object_component_ref idref="oc-25"/>
      </symbol>
      <symbol id="sm-46f">
         <name>__stack</name>
         <value>0x2000fe00</value>
         <object_component_ref idref="oc-2a"/>
      </symbol>
      <symbol id="sm-486">
         <name>__TI_decompress_none</name>
         <value>0x1e99</value>
         <object_component_ref idref="oc-13"/>
      </symbol>
      <symbol id="sm-4a9">
         <name>__TI_decompress_rle24</name>
         <value>0x1ef7</value>
         <object_component_ref idref="oc-19"/>
      </symbol>
      <symbol id="sm-4bb">
         <name>__TI_zero_init</name>
         <value>0x1ec1</value>
         <object_component_ref idref="oc-1f"/>
      </symbol>
      <symbol id="sm-4c6">
         <name>_ctypes_</name>
         <value>0x1f08</value>
         <object_component_ref idref="oc-251"/>
      </symbol>
      <symbol id="sm-4e5">
         <name>C$$EXIT</name>
         <value>0x1b9d</value>
         <object_component_ref idref="oc-71"/>
      </symbol>
      <symbol id="sm-4e6">
         <name>abort</name>
         <value>0x1ba1</value>
         <object_component_ref idref="oc-71"/>
      </symbol>
      <symbol id="sm-4e7">
         <name>exit</name>
         <value>0x1ba9</value>
         <object_component_ref idref="oc-71"/>
      </symbol>
      <symbol id="sm-4e8">
         <name>__TI_dtors_ptr</name>
         <value>0x20000214</value>
         <object_component_ref idref="oc-11b"/>
      </symbol>
      <symbol id="sm-4e9">
         <name>__TI_cleanup_ptr</name>
         <value>0x20000210</value>
         <object_component_ref idref="oc-11b"/>
      </symbol>
      <symbol id="sm-50d">
         <name>__aeabi_dsub</name>
         <value>0xa9d</value>
         <object_component_ref idref="oc-26e"/>
      </symbol>
      <symbol id="sm-50e">
         <name>__aeabi_dadd</name>
         <value>0xaa7</value>
         <object_component_ref idref="oc-26e"/>
      </symbol>
      <symbol id="sm-51c">
         <name>__aeabi_d2iz</name>
         <value>0x1b55</value>
         <object_component_ref idref="oc-273"/>
      </symbol>
      <symbol id="sm-528">
         <name>__aeabi_i2d</name>
         <value>0x1c51</value>
         <object_component_ref idref="oc-269"/>
      </symbol>
      <symbol id="sm-543">
         <name>memcpy</name>
         <value>0x14a9</value>
         <object_component_ref idref="oc-3a"/>
      </symbol>
      <symbol id="sm-544">
         <name>__aeabi_memcpy</name>
         <value>0x14a9</value>
         <object_component_ref idref="oc-3a"/>
      </symbol>
      <symbol id="sm-545">
         <name>__aeabi_memcpy8</name>
         <value>0x14a9</value>
         <object_component_ref idref="oc-3a"/>
      </symbol>
      <symbol id="sm-546">
         <name>__aeabi_memcpy4</name>
         <value>0x14a9</value>
         <object_component_ref idref="oc-3a"/>
      </symbol>
      <symbol id="sm-555">
         <name>__aeabi_memset</name>
         <value>0x1777</value>
         <object_component_ref idref="oc-53"/>
      </symbol>
      <symbol id="sm-556">
         <name>memset</name>
         <value>0x177d</value>
         <object_component_ref idref="oc-53"/>
      </symbol>
      <symbol id="sm-557">
         <name>__aeabi_memset8</name>
         <value>0x1777</value>
         <object_component_ref idref="oc-53"/>
      </symbol>
      <symbol id="sm-558">
         <name>__aeabi_memset4</name>
         <value>0x1777</value>
         <object_component_ref idref="oc-53"/>
      </symbol>
      <symbol id="sm-559">
         <name>__aeabi_memclr8</name>
         <value>0x1775</value>
         <object_component_ref idref="oc-53"/>
      </symbol>
      <symbol id="sm-55a">
         <name>__aeabi_memclr4</name>
         <value>0x1775</value>
         <object_component_ref idref="oc-53"/>
      </symbol>
      <symbol id="sm-55b">
         <name>__aeabi_memclr</name>
         <value>0x1775</value>
         <object_component_ref idref="oc-53"/>
      </symbol>
      <symbol id="sm-565">
         <name>_system_pre_init</name>
         <value>0x1f05</value>
         <object_component_ref idref="oc-5f"/>
      </symbol>
      <symbol id="sm-56d">
         <name>main_func_sp</name>
         <value>0x2000021c</value>
         <object_component_ref idref="oc-77"/>
      </symbol>
      <symbol id="sm-57c">
         <name>strcmp</name>
         <value>0x1e01</value>
         <object_component_ref idref="oc-15e"/>
      </symbol>
      <symbol id="sm-58a">
         <name>strcpy</name>
         <value>0x1e55</value>
         <object_component_ref idref="oc-b8"/>
      </symbol>
      <symbol id="sm-5a2">
         <name>strtok</name>
         <value>0x1be1</value>
         <object_component_ref idref="oc-158"/>
      </symbol>
      <symbol id="sm-5bb">
         <name>_nop</name>
         <value>0x1e4f</value>
         <object_component_ref idref="oc-1b2"/>
      </symbol>
      <symbol id="sm-5bc">
         <name>_lock</name>
         <value>0x20000208</value>
         <object_component_ref idref="oc-118"/>
      </symbol>
      <symbol id="sm-5bd">
         <name>_unlock</name>
         <value>0x2000020c</value>
         <object_component_ref idref="oc-118"/>
      </symbol>
      <symbol id="sm-5be">
         <name>_register_lock</name>
         <value>0x1e47</value>
         <object_component_ref idref="oc-1b2"/>
      </symbol>
      <symbol id="sm-5bf">
         <name>_register_unlock</name>
         <value>0x1e41</value>
         <object_component_ref idref="oc-1b2"/>
      </symbol>
      <symbol id="sm-5d4">
         <name>_args_main</name>
         <value>0x1de9</value>
         <object_component_ref idref="oc-6b"/>
      </symbol>
      <symbol id="sm-5fa">
         <name>__TI_auto_init</name>
         <value>0x1861</value>
         <object_component_ref idref="oc-65"/>
      </symbol>
      <symbol id="sm-614">
         <name>copy_in</name>
         <value>0x1b09</value>
         <object_component_ref idref="oc-10e"/>
      </symbol>
      <symbol id="sm-625">
         <name>strcspn</name>
         <value>0x1d95</value>
         <object_component_ref idref="oc-244"/>
      </symbol>
      <symbol id="sm-637">
         <name>strspn</name>
         <value>0x1cd5</value>
         <object_component_ref idref="oc-23e"/>
      </symbol>
      <symbol id="sm-638">
         <name>__TI_static_base__</name>
         <value>0x0</value>
      </symbol>
      <symbol id="sm-63b">
         <name>SHT$$INIT_ARRAY$$Limit</name>
         <value>0x0</value>
      </symbol>
      <symbol id="sm-63c">
         <name>SHT$$INIT_ARRAY$$Base</name>
         <value>0x0</value>
      </symbol>
   </symbol_table>
   <title>Link successful</title>
</link_info>
