******************************************************************************
                  TI ARM Linker PC v5.2.5                      
******************************************************************************
>> Linked Fri May 06 15:35:32 2016

OUTPUT FILE NAME:   <layers123.out>
ENTRY POINT SYMBOL: "_c_int00"  address: 00001989


MEMORY CONFIGURATION

         name            origin    length      used     unused   attr    fill
----------------------  --------  ---------  --------  --------  ----  --------
  MAIN                  00000000   00040000  000020f4  0003df0c  R  X
  INFO                  00200000   00004000  00000000  00004000  R  X
  SRAM_CODE             01000000   00010000  00000000  00010000  RW X
  SRAM_DATA             20000000   00010000  000004eb  0000fb15  RW  


SEGMENT ALLOCATION MAP

run origin  load origin   length   init length attrs members
----------  ----------- ---------- ----------- ----- -------
00000000    00000000    000020f8   000020f8    r-x
  00000000    00000000    00000144   00000144    r-- .intvecs
  00000144    00000144    00001dc4   00001dc4    r-x .text
  00001f08    00001f08    0000014c   0000014c    r-- .const
  00002058    00002058    000000a0   000000a0    r-- .cinit
20000000    20000000    000002ec   00000000    rw-
  20000000    20000000    00000227   00000000    rw- .data
  20000228    20000228    000000c4   00000000    rw- .bss
2000fe00    2000fe00    00000200   00000000    rw-
  2000fe00    2000fe00    00000200   00000000    rw- .stack


SECTION ALLOCATION MAP

 output                                  attributes/
section   page    origin      length       input sections
--------  ----  ----------  ----------   ----------------
.intvecs   0    00000000    00000144     
                  00000000    00000144     msp432_startup_ccs.obj (.intvecs)

.text      0    00000144    00001dc4     
                  00000144    000003cc     main.obj (.text)
                  00000510    00000344     Accelerometer.obj (.text)
                  00000854    00000248     UartCommands.obj (.text)
                  00000a9c    000001b6     rtsv7M4_T_le_v4SPD16_eabi.lib : fd_add_t2.obj (.text)
                  00000c52    00000002     --HOLE-- [fill = 0]
                  00000c54    000001a0     Uart0.obj (.text)
                  00000df4    00000182     msp432p4xx_driverlib.lib : pcm.o (.text:PCM_setPowerStateWithTimeout)
                  00000f76    00000002     --HOLE-- [fill = 0]
                  00000f78    00000104     Utils.obj (.text)
                  0000107c    000000ec     i2c0.obj (.text)
                  00001168    000000e4     Sensors.obj (.text)
                  0000124c    000000e0     msp432p4xx_driverlib.lib : cs.o (.text:CS_initClockSignal)
                  0000132c    000000d4                              : pcm.o (.text:PCM_setPowerModeWithTimeout)
                  00001400    000000a8                              : pcm.o (.text:PCM_setCoreVoltageLevelWithTimeout)
                  000014a8    0000009c     rtsv7M4_T_le_v4SPD16_eabi.lib : memcpy_t2.obj (.text)
                  00001544    00000094     msp432p4xx_driverlib.lib : uart.o (.text:UART_initModule)
                  000015d8    00000090                              : cs.o (.text:CS_startHFXTWithTimeout)
                  00001668    00000090                              : cs.o (.text:CS_startLFXTWithTimeout)
                  000016f8    0000007c                              : pcm.o (.text:PCM_gotoLPM3)
                  00001774    0000007a     rtsv7M4_T_le_v4SPD16_eabi.lib : memset_t2.obj (.text)
                  000017ee    00000002     --HOLE-- [fill = 0]
                  000017f0    00000070     msp432p4xx_driverlib.lib : cs.o (.text:_CSGetHFXTFrequency)
                  00001860    0000006c     rtsv7M4_T_le_v4SPD16_eabi.lib : autoinit.obj (.text)
                  000018cc    0000006a                                   : copy_decompress_rle.obj (.text)
                  00001936    00000002     --HOLE-- [fill = 0]
                  00001938    00000050     msp432p4xx_driverlib.lib : pcm.o (.text:PCM_shutdownDevice)
                  00001988    00000050     rtsv7M4_T_le_v4SPD16_eabi.lib : boot.obj (.text)
                  000019d8    0000004c     msp432p4xx_driverlib.lib : gpio.o (.text:GPIO_setAsPeripheralModuleFunctionInputPin)
                  00001a24    0000004c                              : gpio.o (.text:GPIO_setAsPeripheralModuleFunctionOutputPin)
                  00001a70    0000004c                              : i2c.o (.text:I2C_masterSendSingleByte)
                  00001abc    0000004c     rtsv7M4_T_le_v4SPD16_eabi.lib : atoi.obj (.text)
                  00001b08    0000004c                                   : cpy_tbl.obj (.text)
                  00001b54    00000048                                   : fd_toi_t2.obj (.text)
                  00001b9c    00000044                                   : exit.obj (.text)
                  00001be0    00000040                                   : strtok.obj (.text)
                  00001c20    00000030     msp432p4xx_driverlib.lib : i2c.o (.text:I2C_masterReceiveSingleByte)
                  00001c50    0000002e     rtsv7M4_T_le_v4SPD16_eabi.lib : i_tofd_t2.obj (.text)
                  00001c7e    0000002c     msp432p4xx_driverlib.lib : pcm.o (.text:PCM_getCoreVoltageLevel)
                  00001caa    0000002a                              : pcm.o (.text:PCM_getPowerMode)
                  00001cd4    0000002a     rtsv7M4_T_le_v4SPD16_eabi.lib : strspn.obj (.text)
                  00001cfe    00000002     --HOLE-- [fill = 0]
                  00001d00    00000028     msp432p4xx_driverlib.lib : pcm.o (.text:PCM_gotoLPM0)
                  00001d28    00000024                              : cs.o (.text:CS_setDCOCenteredFrequency)
                  00001d4c    00000024                              : gpio.o (.text:GPIO_setAsOutputPin)
                  00001d70    00000024                              : uart.o (.text:UART_transmitData)
                  00001d94    00000024     rtsv7M4_T_le_v4SPD16_eabi.lib : strcspn.obj (.text)
                  00001db8    00000018     msp432p4xx_driverlib.lib : gpio.o (.text:GPIO_setOutputLowOnPin)
                  00001dd0    00000018                              : wdt_a.o (.text:WDT_A_holdTimer)
                  00001de8    00000018     rtsv7M4_T_le_v4SPD16_eabi.lib : args_main.obj (.text)
                  00001e00    00000018                                   : strcmp.obj (.text)
                  00001e18    00000014     msp432p4xx_driverlib.lib : cs.o (.text:CS_setExternalClockSourceFrequency)
                  00001e2c    00000014                              : gpio.o (.text:GPIO_setOutputHighOnPin)
                  00001e40    00000014     rtsv7M4_T_le_v4SPD16_eabi.lib : _lock.obj (.text)
                  00001e54    00000014                                   : strcpy.obj (.text)
                  00001e68    00000010     msp432p4xx_driverlib.lib : pcm.o (.text:PCM_getPowerState)
                  00001e78    00000010                              : sysctl.o (.text:SysCtl_disableNMISource)
                  00001e88    00000010                              : sysctl.o (.text:SysCtl_enableNMISource)
                  00001e98    0000000e     rtsv7M4_T_le_v4SPD16_eabi.lib : copy_decompress_none.obj (.text:decompress:none)
                  00001ea6    00000002     --HOLE-- [fill = 0]
                  00001ea8    0000000c     msp432p4xx_driverlib.lib : sysctl.o (.text:SysCtl_getNMISourceStatus)
                  00001eb4    0000000c                              : uart.o (.text:UART_enableModule)
                  00001ec0    0000000c     rtsv7M4_T_le_v4SPD16_eabi.lib : copy_zero_init.obj (.text:decompress:ZI)
                  00001ecc    0000000c     msp432_startup_ccs.obj (.text)
                  00001ed8    00000006     msp432p4xx_driverlib.lib : cs.o (.text:CS_startHFXT)
                  00001ede    00000006                              : cs.o (.text:CS_startLFXT)
                  00001ee4    00000006                              : pcm.o (.text:PCM_setCoreVoltageLevel)
                  00001eea    00000006                              : pcm.o (.text:PCM_setPowerMode)
                  00001ef0    00000006                              : pcm.o (.text:PCM_setPowerState)
                  00001ef6    00000006     rtsv7M4_T_le_v4SPD16_eabi.lib : copy_decompress_rle.obj (.text:decompress:rle24)
                  00001efc    00000004     msp432p4xx_driverlib.lib : cpu.o (.text:CPU_wfi)
                  00001f00    00000004                              : i2c.o (.text:I2C_setSlaveAddress)
                  00001f04    00000004     rtsv7M4_T_le_v4SPD16_eabi.lib : pre_init.obj (.text)

.const     0    00001f08    0000014c     
                  00001f08    00000101     rtsv7M4_T_le_v4SPD16_eabi.lib : ctype.obj (.const:.string:_ctypes_)
                  00002009    00000003     --HOLE-- [fill = 0]
                  0000200c    00000030     msp432p4xx_driverlib.lib : gpio.o (.const:GPIO_PORT_TO_BASE)
                  0000203c    00000018     main.obj (.const)

.cinit     0    00002058    000000a0     
                  00002058    0000007a     (.cinit..data.load) [load image, compression = rle]
                  000020d2    00000002     --HOLE-- [fill = 0]
                  000020d4    0000000c     (__TI_handler_table)
                  000020e0    00000008     (.cinit..bss.load) [load image, compression = zero_init]
                  000020e8    00000010     (__TI_cinit_table)

.data      0    20000000    00000227     UNINITIALIZED
                  20000000    00000170     main.obj (.data:rx_buffer)
                  20000170    00000048     Accelerometer.obj (.data:sensorMpu)
                  200001b8    00000030     UartCommands.obj (.data:UartModule0)
                  200001e8    00000014     Accelerometer.obj (.data)
                  200001fc    0000000c     Uart0.obj (.data)
                  20000208    00000008     rtsv7M4_T_le_v4SPD16_eabi.lib : _lock.obj (.data)
                  20000210    00000008                                   : exit.obj (.data)
                  20000218    00000004     Sensors.obj (.data)
                  2000021c    00000004     rtsv7M4_T_le_v4SPD16_eabi.lib : stkdepth_vars.obj (.data)
                  20000220    00000004                                   : strtok.obj (.data)
                  20000224    00000002     main.obj (.data)
                  20000226    00000001     UartCommands.obj (.data)

.bss       0    20000228    000000c4     UNINITIALIZED
                  20000228    00000048     Accelerometer.obj (.bss:defaultSensor)
                  20000270    00000030     UartCommands.obj (.bss:defaultUartModule)
                  200002a0    00000020     (.common:rxxx_buffer)
                  200002c0    00000018     (.common:buf$1)
                  200002d8    00000004     (.common:command$1)
                  200002dc    00000004     (.common:hfxtFreq)
                  200002e0    00000004     (.common:lfxtFreq)
                  200002e4    00000004     (.common:setValue$2)
                  200002e8    00000002     (.common:temperature$7)
                  200002ea    00000001     (.common:dataReceived$1)
                  200002eb    00000001     (.common:status)

.TI.persistent 
*          0    20000000    00000000     UNINITIALIZED

.TI.noinit 
*          0    20000228    00000000     UNINITIALIZED

.stack     0    2000fe00    00000200     UNINITIALIZED
                  2000fe00    00000200     --HOLE--


LINKER GENERATED COPY TABLES

__TI_cinit_table @ 000020e8 records: 2, size/record: 8, table size: 16
	.data: load addr=00002058, load size=0000007a bytes, run addr=20000000, run size=00000227 bytes, compression=rle
	.bss: load addr=000020e0, load size=00000008 bytes, run addr=20000228, run size=000000c4 bytes, compression=zero_init


LINKER GENERATED HANDLER TABLE

__TI_handler_table @ 000020d4 records: 3, size/record: 4, table size: 12
	index: 0, handler: __TI_decompress_rle24
	index: 1, handler: __TI_decompress_none
	index: 2, handler: __TI_zero_init


GLOBAL SYMBOLS: SORTED ALPHABETICALLY BY Name 

address   name                                       
-------   ----                                       
00001b9d  C$$EXIT                                    
00001efd  CPU_wfi                                    
0000124d  CS_initClockSignal                         
00001d29  CS_setDCOCenteredFrequency                 
00001e19  CS_setExternalClockSourceFrequency         
00001ed9  CS_startHFXT                               
000015d9  CS_startHFXTWithTimeout                    
00001edf  CS_startLFXT                               
00001669  CS_startLFXTWithTimeout                    
00000583  ConfigAccelerometer                        
00001185  ConfigSensors                              
00001d4d  GPIO_setAsOutputPin                        
000019d9  GPIO_setAsPeripheralModuleFunctionInputPin 
00001a25  GPIO_setAsPeripheralModuleFunctionOutputPin
00001e2d  GPIO_setOutputHighOnPin                    
00001db9  GPIO_setOutputLowOnPin                     
00000f79  HexaToDecG                                 
00000fc1  HexaToDecGyro                              
00001c21  I2C_masterReceiveSingleByte                
00001a71  I2C_masterSendSingleByte                   
00001f01  I2C_setSlaveAddress                        
00000511  InitAccelerometer                          
0000107d  InitI2c0                                   
00001169  InitSensors                                
00000c55  InitUart                                   
000008b5  InitUartReceive                            
00000855  InitUarts                                  
00001007  IntToString                                
00001c7f  PCM_getCoreVoltageLevel                    
00001cab  PCM_getPowerMode                           
00001e69  PCM_getPowerState                          
00001d01  PCM_gotoLPM0                               
000016f9  PCM_gotoLPM3                               
00001ee5  PCM_setCoreVoltageLevel                    
00001401  PCM_setCoreVoltageLevelWithTimeout         
00001eeb  PCM_setPowerMode                           
0000132d  PCM_setPowerModeWithTimeout                
00001ef1  PCM_setPowerState                          
00000df5  PCM_setPowerStateWithTimeout               
00001939  PCM_shutdownDevice                         
000005eb  ReadAccelerometer                          
000006f9  ReadGyroscope                              
0000111f  ReadI2c0                                   
000011c5  ReadSensors                                
00000699  ReadTemperature                            
UNDEFED   SHT$$INIT_ARRAY$$Base                      
UNDEFED   SHT$$INIT_ARRAY$$Limit                     
00000951  SendAccelData                              
00000c99  SendCharacter                              
0000092b  SendCharacterData                          
000010d7  SendI2c0                                   
00000cad  SendString                                 
00000cd9  SendUartTest                               
00000ccf  SetPeriod                                  
00000d49  StartAquisition                            
00001e79  SysCtl_disableNMISource                    
00001e89  SysCtl_enableNMISource                     
00001ea9  SysCtl_getNMISourceStatus                  
00001eb5  UART_enableModule                          
00001545  UART_initModule                            
00001d71  UART_transmitData                          
00000973  UartCommands                               
200001b8  UartModule0                                
4000480c  WDTCTL_SYM                                 
00001dd1  WDT_A_holdTimer                            
20010000  __STACK_END                                
00000200  __STACK_SIZE                               
000020e8  __TI_CINIT_Base                            
000020f8  __TI_CINIT_Limit                           
000020d4  __TI_Handler_Table_Base                    
000020e0  __TI_Handler_Table_Limit                   
00001861  __TI_auto_init                             
20000210  __TI_cleanup_ptr                           
00001e99  __TI_decompress_none                       
00001ef7  __TI_decompress_rle24                      
20000214  __TI_dtors_ptr                             
00000000  __TI_static_base__                         
00001ec1  __TI_zero_init                             
00001b55  __aeabi_d2iz                               
00000aa7  __aeabi_dadd                               
00000a9d  __aeabi_dsub                               
00001c51  __aeabi_i2d                                
00001775  __aeabi_memclr                             
00001775  __aeabi_memclr4                            
00001775  __aeabi_memclr8                            
000014a9  __aeabi_memcpy                             
000014a9  __aeabi_memcpy4                            
000014a9  __aeabi_memcpy8                            
00001777  __aeabi_memset                             
00001777  __aeabi_memset4                            
00001777  __aeabi_memset8                            
ffffffff  __binit__                                  
ffffffff  __c_args__                                 
2000fe00  __stack                                    
00001de9  _args_main                                 
00001989  _c_int00                                   
00001f08  _ctypes_                                   
20000208  _lock                                      
00001e4f  _nop                                       
00001e47  _register_lock                             
00001e41  _register_unlock                           
00001f05  _system_pre_init                           
2000020c  _unlock                                    
00001ba1  abort                                      
00000385  add                                        
00001abd  atoi                                       
ffffffff  binit                                      
20000224  bufferIndex                                
0000018d  bufferRead                                 
00000145  bufferWrite                                
00001b09  copy_in                                    
20000228  defaultSensor                              
20000270  defaultUartModule                          
00000481  euscia0_isr                                
00001ba9  exit                                       
0000026b  initTimers                                 
00000000  interruptVectors                           
000003b9  main                                       
2000021c  main_func_sp                               
000014a9  memcpy                                     
0000177d  memset                                     
20000000  rx_buffer                                  
200002a0  rxxx_buffer                                
000002fd  send                                       
20000170  sensorMpu                                  
000001ef  setSystemClock                             
000001d7  startCrystalOscillator                     
200002eb  status                                     
00001e01  strcmp                                     
00001e55  strcpy                                     
00001d95  strcspn                                    
00001cd5  strspn                                     
00001be1  strtok                                     
0000049f  timer_a_0_isr                              
000004b5  timer_a_1_isr                              
0000203c  upConfig                                   
20000226  verifyFlag                                 


GLOBAL SYMBOLS: SORTED BY Symbol Address 

address   name                                       
-------   ----                                       
00000000  __TI_static_base__                         
00000000  interruptVectors                           
00000145  bufferWrite                                
0000018d  bufferRead                                 
000001d7  startCrystalOscillator                     
000001ef  setSystemClock                             
00000200  __STACK_SIZE                               
0000026b  initTimers                                 
000002fd  send                                       
00000385  add                                        
000003b9  main                                       
00000481  euscia0_isr                                
0000049f  timer_a_0_isr                              
000004b5  timer_a_1_isr                              
00000511  InitAccelerometer                          
00000583  ConfigAccelerometer                        
000005eb  ReadAccelerometer                          
00000699  ReadTemperature                            
000006f9  ReadGyroscope                              
00000855  InitUarts                                  
000008b5  InitUartReceive                            
0000092b  SendCharacterData                          
00000951  SendAccelData                              
00000973  UartCommands                               
00000a9d  __aeabi_dsub                               
00000aa7  __aeabi_dadd                               
00000c55  InitUart                                   
00000c99  SendCharacter                              
00000cad  SendString                                 
00000ccf  SetPeriod                                  
00000cd9  SendUartTest                               
00000d49  StartAquisition                            
00000df5  PCM_setPowerStateWithTimeout               
00000f79  HexaToDecG                                 
00000fc1  HexaToDecGyro                              
00001007  IntToString                                
0000107d  InitI2c0                                   
000010d7  SendI2c0                                   
0000111f  ReadI2c0                                   
00001169  InitSensors                                
00001185  ConfigSensors                              
000011c5  ReadSensors                                
0000124d  CS_initClockSignal                         
0000132d  PCM_setPowerModeWithTimeout                
00001401  PCM_setCoreVoltageLevelWithTimeout         
000014a9  __aeabi_memcpy                             
000014a9  __aeabi_memcpy4                            
000014a9  __aeabi_memcpy8                            
000014a9  memcpy                                     
00001545  UART_initModule                            
000015d9  CS_startHFXTWithTimeout                    
00001669  CS_startLFXTWithTimeout                    
000016f9  PCM_gotoLPM3                               
00001775  __aeabi_memclr                             
00001775  __aeabi_memclr4                            
00001775  __aeabi_memclr8                            
00001777  __aeabi_memset                             
00001777  __aeabi_memset4                            
00001777  __aeabi_memset8                            
0000177d  memset                                     
00001861  __TI_auto_init                             
00001939  PCM_shutdownDevice                         
00001989  _c_int00                                   
000019d9  GPIO_setAsPeripheralModuleFunctionInputPin 
00001a25  GPIO_setAsPeripheralModuleFunctionOutputPin
00001a71  I2C_masterSendSingleByte                   
00001abd  atoi                                       
00001b09  copy_in                                    
00001b55  __aeabi_d2iz                               
00001b9d  C$$EXIT                                    
00001ba1  abort                                      
00001ba9  exit                                       
00001be1  strtok                                     
00001c21  I2C_masterReceiveSingleByte                
00001c51  __aeabi_i2d                                
00001c7f  PCM_getCoreVoltageLevel                    
00001cab  PCM_getPowerMode                           
00001cd5  strspn                                     
00001d01  PCM_gotoLPM0                               
00001d29  CS_setDCOCenteredFrequency                 
00001d4d  GPIO_setAsOutputPin                        
00001d71  UART_transmitData                          
00001d95  strcspn                                    
00001db9  GPIO_setOutputLowOnPin                     
00001dd1  WDT_A_holdTimer                            
00001de9  _args_main                                 
00001e01  strcmp                                     
00001e19  CS_setExternalClockSourceFrequency         
00001e2d  GPIO_setOutputHighOnPin                    
00001e41  _register_unlock                           
00001e47  _register_lock                             
00001e4f  _nop                                       
00001e55  strcpy                                     
00001e69  PCM_getPowerState                          
00001e79  SysCtl_disableNMISource                    
00001e89  SysCtl_enableNMISource                     
00001e99  __TI_decompress_none                       
00001ea9  SysCtl_getNMISourceStatus                  
00001eb5  UART_enableModule                          
00001ec1  __TI_zero_init                             
00001ed9  CS_startHFXT                               
00001edf  CS_startLFXT                               
00001ee5  PCM_setCoreVoltageLevel                    
00001eeb  PCM_setPowerMode                           
00001ef1  PCM_setPowerState                          
00001ef7  __TI_decompress_rle24                      
00001efd  CPU_wfi                                    
00001f01  I2C_setSlaveAddress                        
00001f05  _system_pre_init                           
00001f08  _ctypes_                                   
0000203c  upConfig                                   
000020d4  __TI_Handler_Table_Base                    
000020e0  __TI_Handler_Table_Limit                   
000020e8  __TI_CINIT_Base                            
000020f8  __TI_CINIT_Limit                           
20000000  rx_buffer                                  
20000170  sensorMpu                                  
200001b8  UartModule0                                
20000208  _lock                                      
2000020c  _unlock                                    
20000210  __TI_cleanup_ptr                           
20000214  __TI_dtors_ptr                             
2000021c  main_func_sp                               
20000224  bufferIndex                                
20000226  verifyFlag                                 
20000228  defaultSensor                              
20000270  defaultUartModule                          
200002a0  rxxx_buffer                                
200002eb  status                                     
2000fe00  __stack                                    
20010000  __STACK_END                                
4000480c  WDTCTL_SYM                                 
ffffffff  __binit__                                  
ffffffff  __c_args__                                 
ffffffff  binit                                      
UNDEFED   SHT$$INIT_ARRAY$$Base                      
UNDEFED   SHT$$INIT_ARRAY$$Limit                     

[137 symbols]
