******************************************************************************
                  TI ARM Linker PC v5.2.5                      
******************************************************************************
>> Linked Wed May 18 11:51:03 2016

OUTPUT FILE NAME:   <layers123.out>
ENTRY POINT SYMBOL: "_c_int00"  address: 0000154d


MEMORY CONFIGURATION

         name            origin    length      used     unused   attr    fill
----------------------  --------  ---------  --------  --------  ----  --------
  MAIN                  00000000   00040000  00001bd0  0003e430  R  X
  INFO                  00200000   00004000  00000000  00004000  R  X
  SRAM_CODE             01000000   00010000  00000000  00010000  RW X
  SRAM_DATA             20000000   00010000  00000bd7  0000f429  RW  


SEGMENT ALLOCATION MAP

run origin  load origin   length   init length attrs members
----------  ----------- ---------- ----------- ----- -------
00000000    00000000    00001bd0   00001bd0    r-x
  00000000    00000000    00000144   00000144    r-- .intvecs
  00000144    00000144    00001880   00001880    r-x .text
  000019c4    000019c4    00000164   00000164    r-- .const
  00001b28    00001b28    000000a8   000000a8    r-- .cinit
20000000    20000000    000009da   00000000    rw-
  20000000    20000000    000008c1   00000000    rw- .data
  200008c4    200008c4    00000116   00000000    rw- .bss
2000fe00    2000fe00    00000200   00000000    rw-
  2000fe00    2000fe00    00000200   00000000    rw- .stack


SECTION ALLOCATION MAP

 output                                  attributes/
section   page    origin      length       input sections
--------  ----  ----------  ----------   ----------------
.intvecs   0    00000000    00000144     
                  00000000    00000144     msp432_startup_ccs.obj (.intvecs)

.text      0    00000144    00001880     
                  00000144    000005f4     UartCommands.obj (.text)
                  00000738    00000344     Accelerometer.obj (.text)
                  00000a7c    000001b6     rtsv7M4_T_le_v4SPD16_eabi.lib : fd_add_t2.obj (.text)
                  00000c32    00000002     --HOLE-- [fill = 0]
                  00000c34    000001a0     Uart0.obj (.text)
                  00000dd4    00000118     Timers.obj (.text)
                  00000eec    00000108     main.obj (.text)
                  00000ff4    00000104     Utils.obj (.text)
                  000010f8    000000ec     i2c0.obj (.text)
                  000011e4    000000e4     Sensors.obj (.text)
                  000012c8    0000009c     rtsv7M4_T_le_v4SPD16_eabi.lib : memcpy_t2.obj (.text)
                  00001364    00000094     msp432p4xx_driverlib.lib : uart.o (.text:UART_initModule)
                  000013f8    0000007a     rtsv7M4_T_le_v4SPD16_eabi.lib : memset_t2.obj (.text)
                  00001472    00000002     --HOLE-- [fill = 0]
                  00001474    0000006c                                   : autoinit.obj (.text)
                  000014e0    0000006a                                   : copy_decompress_rle.obj (.text)
                  0000154a    00000002     --HOLE-- [fill = 0]
                  0000154c    00000050                                   : boot.obj (.text)
                  0000159c    0000004c     msp432p4xx_driverlib.lib : gpio.o (.text:GPIO_setAsPeripheralModuleFunctionInputPin)
                  000015e8    0000004c                              : gpio.o (.text:GPIO_setAsPeripheralModuleFunctionOutputPin)
                  00001634    0000004c                              : i2c.o (.text:I2C_masterSendSingleByte)
                  00001680    0000004c     rtsv7M4_T_le_v4SPD16_eabi.lib : atoi.obj (.text)
                  000016cc    0000004c                                   : cpy_tbl.obj (.text)
                  00001718    00000048                                   : fd_toi_t2.obj (.text)
                  00001760    00000044                                   : exit.obj (.text)
                  000017a4    00000040                                   : strtok.obj (.text)
                  000017e4    00000030     msp432p4xx_driverlib.lib : i2c.o (.text:I2C_masterReceiveSingleByte)
                  00001814    0000002e     rtsv7M4_T_le_v4SPD16_eabi.lib : i_tofd_t2.obj (.text)
                  00001842    0000002a                                   : strspn.obj (.text)
                  0000186c    00000024     msp432p4xx_driverlib.lib : cs.o (.text:CS_setDCOCenteredFrequency)
                  00001890    00000024                              : gpio.o (.text:GPIO_setAsOutputPin)
                  000018b4    00000024                              : uart.o (.text:UART_transmitData)
                  000018d8    00000024     rtsv7M4_T_le_v4SPD16_eabi.lib : strcspn.obj (.text)
                  000018fc    00000018     msp432p4xx_driverlib.lib : gpio.o (.text:GPIO_setOutputLowOnPin)
                  00001914    00000018                              : wdt_a.o (.text:WDT_A_holdTimer)
                  0000192c    00000018     rtsv7M4_T_le_v4SPD16_eabi.lib : args_main.obj (.text)
                  00001944    00000018                                   : strcmp.obj (.text)
                  0000195c    00000014                                   : _lock.obj (.text)
                  00001970    00000014                                   : strcpy.obj (.text)
                  00001984    0000000e                                   : copy_decompress_none.obj (.text:decompress:none)
                  00001992    0000000c     msp432p4xx_driverlib.lib : uart.o (.text:UART_enableModule)
                  0000199e    0000000c     rtsv7M4_T_le_v4SPD16_eabi.lib : copy_zero_init.obj (.text:decompress:ZI)
                  000019aa    0000000c     msp432_startup_ccs.obj (.text)
                  000019b6    00000006     rtsv7M4_T_le_v4SPD16_eabi.lib : copy_decompress_rle.obj (.text:decompress:rle24)
                  000019bc    00000004     msp432p4xx_driverlib.lib : i2c.o (.text:I2C_setSlaveAddress)
                  000019c0    00000004     rtsv7M4_T_le_v4SPD16_eabi.lib : pre_init.obj (.text)

.const     0    000019c4    00000164     
                  000019c4    00000101     rtsv7M4_T_le_v4SPD16_eabi.lib : ctype.obj (.const:.string:_ctypes_)
                  00001ac5    00000003     --HOLE-- [fill = 0]
                  00001ac8    00000030     msp432p4xx_driverlib.lib : gpio.o (.const:GPIO_PORT_TO_BASE)
                  00001af8    00000030     Timers.obj (.const)

.cinit     0    00001b28    000000a8     
                  00001b28    00000080     (.cinit..data.load) [load image, compression = rle]
                  00001ba8    0000000c     (__TI_handler_table)
                  00001bb4    00000004     --HOLE-- [fill = 0]
                  00001bb8    00000008     (.cinit..bss.load) [load image, compression = zero_init]
                  00001bc0    00000010     (__TI_cinit_table)

.data      0    20000000    000008c1     UNINITIALIZED
                  20000000    00000800     UartCommands.obj (.data:rx_buffer)
                  20000800    00000048     Accelerometer.obj (.data:sensorMpu)
                  20000848    00000030     UartCommands.obj (.data:UartModule0)
                  20000878    00000014     Accelerometer.obj (.data)
                  2000088c    0000000c     Uart0.obj (.data)
                  20000898    0000000c     main.obj (.data)
                  200008a4    00000008     rtsv7M4_T_le_v4SPD16_eabi.lib : _lock.obj (.data)
                  200008ac    00000008                                   : exit.obj (.data)
                  200008b4    00000004     Sensors.obj (.data)
                  200008b8    00000004     rtsv7M4_T_le_v4SPD16_eabi.lib : stkdepth_vars.obj (.data)
                  200008bc    00000004                                   : strtok.obj (.data)
                  200008c0    00000001     UartCommands.obj (.data)

.bss       0    200008c4    00000116     UNINITIALIZED
                  200008c4    00000048     Accelerometer.obj (.bss:defaultSensor)
                  2000090c    00000030     UartCommands.obj (.bss:defaultUartModule)
                  2000093c    00000020     (.common:receive_buffer)
                  2000095c    00000018     (.common:buf$1)
                  20000974    00000010     (.common:xVal)
                  20000984    00000010     (.common:yVal)
                  20000994    00000010     (.common:zVal)
                  200009a4    00000004     (.common:command$1)
                  200009a8    00000004     (.common:received_byte)
                  200009ac    00000004     (.common:setValueA0$4)
                  200009b0    00000004     (.common:setValueA1$3)
                  200009b4    00000004     (.common:treshold$2)
                  200009b8    00000004     (.common:tresholdConfiguration)
                  200009bc    00000004     (.common:valueX)
                  200009c0    00000004     (.common:valueX1)
                  200009c4    00000004     (.common:valueY)
                  200009c8    00000004     (.common:valueY1)
                  200009cc    00000004     (.common:valueZ)
                  200009d0    00000004     (.common:valueZ1)
                  200009d4    00000002     (.common:temperature$7)
                  200009d6    00000001     (.common:dataReceived$1)
                  200009d7    00000001     (.common:status1)
                  200009d8    00000001     (.common:status2)
                  200009d9    00000001     (.common:status3)

.TI.persistent 
*          0    20000000    00000000     UNINITIALIZED

.TI.noinit 
*          0    200008c4    00000000     UNINITIALIZED

.stack     0    2000fe00    00000200     UNINITIALIZED
                  2000fe00    00000200     --HOLE--


LINKER GENERATED COPY TABLES

__TI_cinit_table @ 00001bc0 records: 2, size/record: 8, table size: 16
	.data: load addr=00001b28, load size=00000080 bytes, run addr=20000000, run size=000008c1 bytes, compression=rle
	.bss: load addr=00001bb8, load size=00000008 bytes, run addr=200008c4, run size=00000116 bytes, compression=zero_init


LINKER GENERATED HANDLER TABLE

__TI_handler_table @ 00001ba8 records: 3, size/record: 4, table size: 12
	index: 0, handler: __TI_decompress_rle24
	index: 1, handler: __TI_decompress_none
	index: 2, handler: __TI_zero_init


GLOBAL SYMBOLS: SORTED ALPHABETICALLY BY Name 

address   name                                       
-------   ----                                       
00000419  Add                                        
00001761  C$$EXIT                                    
0000186d  CS_setDCOCenteredFrequency                 
000007ab  ConfigAccelerometer                        
00001201  ConfigSensors                              
00001891  GPIO_setAsOutputPin                        
0000159d  GPIO_setAsPeripheralModuleFunctionInputPin 
000015e9  GPIO_setAsPeripheralModuleFunctionOutputPin
000018fd  GPIO_setOutputLowOnPin                     
0000053d  GetTreshold                                
00000ff5  HexaToDecG                                 
0000103d  HexaToDecGyro                              
000017e5  I2C_masterReceiveSingleByte                
00001635  I2C_masterSendSingleByte                   
000019bd  I2C_setSlaveAddress                        
00000739  InitAccelerometer                          
000010f9  InitI2c0                                   
000011e5  InitSensors                                
00000dd5  InitTimers                                 
00000c35  InitUart                                   
0000023b  InitUartReceive                            
000001db  InitUarts                                  
00001083  IntToString                                
00000813  ReadAccelerometer                          
00000921  ReadGyroscope                              
0000119b  ReadI2c0                                   
00001241  ReadSensors                                
000008c1  ReadTemperature                            
UNDEFED   SHT$$INIT_ARRAY$$Base                      
UNDEFED   SHT$$INIT_ARRAY$$Limit                     
00000491  Send                                       
000002d7  SendAccelData                              
00000c79  SendCharacter                              
000002b1  SendCharacterData                          
00001153  SendI2c0                                   
00000c8d  SendString                                 
00000cb9  SendUartTest                               
00000caf  SetPeriod                                  
00000ea9  SetTimerA0_0Period                         
00000e7d  SetTimerA1_0Period                         
00000d29  StartAquisition                            
00000e3b  StartTimerA0_0                             
00000e1d  StartTimerA1_0                             
00000671  StopFlag                                   
00000e6b  StopTimerA0_0                              
00000e5b  StopTimerA1_0                              
00001993  UART_enableModule                          
00001365  UART_initModule                            
000018b5  UART_transmitData                          
000002f9  UartCommands                               
20000848  UartModule0                                
4000480c  WDTCTL_SYM                                 
00001915  WDT_A_holdTimer                            
0000057d  WaitUntilStart                             
20010000  __STACK_END                                
00000200  __STACK_SIZE                               
00001bc0  __TI_CINIT_Base                            
00001bd0  __TI_CINIT_Limit                           
00001ba8  __TI_Handler_Table_Base                    
00001bb4  __TI_Handler_Table_Limit                   
00001475  __TI_auto_init                             
200008ac  __TI_cleanup_ptr                           
00001985  __TI_decompress_none                       
000019b7  __TI_decompress_rle24                      
200008b0  __TI_dtors_ptr                             
00000000  __TI_static_base__                         
0000199f  __TI_zero_init                             
00001719  __aeabi_d2iz                               
00000a87  __aeabi_dadd                               
00000a7d  __aeabi_dsub                               
00001815  __aeabi_i2d                                
000013f9  __aeabi_memclr                             
000013f9  __aeabi_memclr4                            
000013f9  __aeabi_memclr8                            
000012c9  __aeabi_memcpy                             
000012c9  __aeabi_memcpy4                            
000012c9  __aeabi_memcpy8                            
000013fb  __aeabi_memset                             
000013fb  __aeabi_memset4                            
000013fb  __aeabi_memset8                            
ffffffff  __binit__                                  
ffffffff  __c_args__                                 
2000fe00  __stack                                    
0000192d  _args_main                                 
0000154d  _c_int00                                   
000019c4  _ctypes_                                   
200008a4  _lock                                      
0000196b  _nop                                       
00001963  _register_lock                             
0000195d  _register_unlock                           
000019c1  _system_pre_init                           
200008a8  _unlock                                    
00001765  abort                                      
00001681  atoi                                       
ffffffff  binit                                      
20000898  bufferIndex                                
0000018f  bufferRead                                 
00000145  bufferWrite                                
2000089b  checkFlag                                  
000016cd  copy_in                                    
200008c4  defaultSensor                              
2000090c  defaultUartModule                          
00000f39  euscia0_isr                                
0000176d  exit                                       
2000089c  flagTreshold                               
00000000  interruptVectors                           
00000eed  main                                       
200008b8  main_func_sp                               
000012c9  memcpy                                     
00001401  memset                                     
2000093c  receive_buffer                             
200009a8  received_byte                              
20000000  rx_buffer                                  
20000800  sensorMpu                                  
200008a0  setTreshold                                
2000089a  startFlag                                  
200009d7  status1                                    
200009d8  status2                                    
200009d9  status3                                    
00001945  strcmp                                     
00001971  strcpy                                     
000018d9  strcspn                                    
00001843  strspn                                     
000017a5  strtok                                     
00000fa3  timer_a_0_isr                              
00000f57  timer_a_1_isr                              
200009b8  tresholdConfiguration                      
200009bc  valueX                                     
200009c0  valueX1                                    
200009c4  valueY                                     
200009c8  valueY1                                    
200009cc  valueZ                                     
200009d0  valueZ1                                    
200008c0  verifyFlag                                 
20000974  xVal                                       
20000984  yVal                                       
20000994  zVal                                       


GLOBAL SYMBOLS: SORTED BY Symbol Address 

address   name                                       
-------   ----                                       
00000000  __TI_static_base__                         
00000000  interruptVectors                           
00000145  bufferWrite                                
0000018f  bufferRead                                 
000001db  InitUarts                                  
00000200  __STACK_SIZE                               
0000023b  InitUartReceive                            
000002b1  SendCharacterData                          
000002d7  SendAccelData                              
000002f9  UartCommands                               
00000419  Add                                        
00000491  Send                                       
0000053d  GetTreshold                                
0000057d  WaitUntilStart                             
00000671  StopFlag                                   
00000739  InitAccelerometer                          
000007ab  ConfigAccelerometer                        
00000813  ReadAccelerometer                          
000008c1  ReadTemperature                            
00000921  ReadGyroscope                              
00000a7d  __aeabi_dsub                               
00000a87  __aeabi_dadd                               
00000c35  InitUart                                   
00000c79  SendCharacter                              
00000c8d  SendString                                 
00000caf  SetPeriod                                  
00000cb9  SendUartTest                               
00000d29  StartAquisition                            
00000dd5  InitTimers                                 
00000e1d  StartTimerA1_0                             
00000e3b  StartTimerA0_0                             
00000e5b  StopTimerA1_0                              
00000e6b  StopTimerA0_0                              
00000e7d  SetTimerA1_0Period                         
00000ea9  SetTimerA0_0Period                         
00000eed  main                                       
00000f39  euscia0_isr                                
00000f57  timer_a_1_isr                              
00000fa3  timer_a_0_isr                              
00000ff5  HexaToDecG                                 
0000103d  HexaToDecGyro                              
00001083  IntToString                                
000010f9  InitI2c0                                   
00001153  SendI2c0                                   
0000119b  ReadI2c0                                   
000011e5  InitSensors                                
00001201  ConfigSensors                              
00001241  ReadSensors                                
000012c9  __aeabi_memcpy                             
000012c9  __aeabi_memcpy4                            
000012c9  __aeabi_memcpy8                            
000012c9  memcpy                                     
00001365  UART_initModule                            
000013f9  __aeabi_memclr                             
000013f9  __aeabi_memclr4                            
000013f9  __aeabi_memclr8                            
000013fb  __aeabi_memset                             
000013fb  __aeabi_memset4                            
000013fb  __aeabi_memset8                            
00001401  memset                                     
00001475  __TI_auto_init                             
0000154d  _c_int00                                   
0000159d  GPIO_setAsPeripheralModuleFunctionInputPin 
000015e9  GPIO_setAsPeripheralModuleFunctionOutputPin
00001635  I2C_masterSendSingleByte                   
00001681  atoi                                       
000016cd  copy_in                                    
00001719  __aeabi_d2iz                               
00001761  C$$EXIT                                    
00001765  abort                                      
0000176d  exit                                       
000017a5  strtok                                     
000017e5  I2C_masterReceiveSingleByte                
00001815  __aeabi_i2d                                
00001843  strspn                                     
0000186d  CS_setDCOCenteredFrequency                 
00001891  GPIO_setAsOutputPin                        
000018b5  UART_transmitData                          
000018d9  strcspn                                    
000018fd  GPIO_setOutputLowOnPin                     
00001915  WDT_A_holdTimer                            
0000192d  _args_main                                 
00001945  strcmp                                     
0000195d  _register_unlock                           
00001963  _register_lock                             
0000196b  _nop                                       
00001971  strcpy                                     
00001985  __TI_decompress_none                       
00001993  UART_enableModule                          
0000199f  __TI_zero_init                             
000019b7  __TI_decompress_rle24                      
000019bd  I2C_setSlaveAddress                        
000019c1  _system_pre_init                           
000019c4  _ctypes_                                   
00001ba8  __TI_Handler_Table_Base                    
00001bb4  __TI_Handler_Table_Limit                   
00001bc0  __TI_CINIT_Base                            
00001bd0  __TI_CINIT_Limit                           
20000000  rx_buffer                                  
20000800  sensorMpu                                  
20000848  UartModule0                                
20000898  bufferIndex                                
2000089a  startFlag                                  
2000089b  checkFlag                                  
2000089c  flagTreshold                               
200008a0  setTreshold                                
200008a4  _lock                                      
200008a8  _unlock                                    
200008ac  __TI_cleanup_ptr                           
200008b0  __TI_dtors_ptr                             
200008b8  main_func_sp                               
200008c0  verifyFlag                                 
200008c4  defaultSensor                              
2000090c  defaultUartModule                          
2000093c  receive_buffer                             
20000974  xVal                                       
20000984  yVal                                       
20000994  zVal                                       
200009a8  received_byte                              
200009b8  tresholdConfiguration                      
200009bc  valueX                                     
200009c0  valueX1                                    
200009c4  valueY                                     
200009c8  valueY1                                    
200009cc  valueZ                                     
200009d0  valueZ1                                    
200009d7  status1                                    
200009d8  status2                                    
200009d9  status3                                    
2000fe00  __stack                                    
20010000  __STACK_END                                
4000480c  WDTCTL_SYM                                 
ffffffff  __binit__                                  
ffffffff  __c_args__                                 
ffffffff  binit                                      
UNDEFED   SHT$$INIT_ARRAY$$Base                      
UNDEFED   SHT$$INIT_ARRAY$$Limit                     

[137 symbols]
