******************************************************************************
                  TI ARM Linker PC v5.2.5                      
******************************************************************************
>> Linked Fri Apr 22 13:30:07 2016

OUTPUT FILE NAME:   <layers123.out>
ENTRY POINT SYMBOL: "_c_int00"  address: 00000c9d


MEMORY CONFIGURATION

         name            origin    length      used     unused   attr    fill
----------------------  --------  ---------  --------  --------  ----  --------
  MAIN                  00000000   00040000  000011e4  0003ee1c  R  X
  INFO                  00200000   00004000  00000000  00004000  R  X
  SRAM_CODE             01000000   00010000  00000000  00010000  RW X
  SRAM_DATA             20000000   00010000  0000035a  0000fca6  RW  


SEGMENT ALLOCATION MAP

run origin  load origin   length   init length attrs members
----------  ----------- ---------- ----------- ----- -------
00000000    00000000    000011e8   000011e8    r-x
  00000000    00000000    00000144   00000144    r-- .intvecs
  00000144    00000144    00000ed4   00000ed4    r-x .text
  00001018    00001018    00000134   00000134    r-- .const
  00001150    00001150    00000098   00000098    r-- .cinit
20000000    20000000    0000015d   00000000    rw-
  20000000    20000000    000000b1   00000000    rw- .bss
  200000b4    200000b4    000000a9   00000000    rw- .data
2000fe00    2000fe00    00000200   00000000    rw-
  2000fe00    2000fe00    00000200   00000000    rw- .stack


SECTION ALLOCATION MAP

 output                                  attributes/
section   page    origin      length       input sections
--------  ----  ----------  ----------   ----------------
.intvecs   0    00000000    00000144     
                  00000000    00000144     msp432_startup_ccs.obj (.intvecs)

.text      0    00000144    00000ed4     
                  00000144    00000254     UartCommands.obj (.text)
                  00000398    000001fc     Accelerometer.obj (.text)
                  00000594    000001b0     main.obj (.text)
                  00000744    000000ec     i2c0.obj (.text)
                  00000830    000000c0     Utils.obj (.text)
                  000008f0    000000a4     Sensors.obj (.text)
                  00000994    0000009c     rtsv7M4_T_le_v4SPD16_eabi.lib : memcpy_t2.obj (.text)
                  00000a30    00000094     msp432p4xx_driverlib.lib : uart.o (.text:UART_initModule)
                  00000ac4    00000084     Uart0.obj (.text)
                  00000b48    0000007a     rtsv7M4_T_le_v4SPD16_eabi.lib : memset_t2.obj (.text)
                  00000bc2    00000002     --HOLE-- [fill = 0]
                  00000bc4    0000006c                                   : autoinit.obj (.text)
                  00000c30    0000006a                                   : copy_decompress_rle.obj (.text)
                  00000c9a    00000002     --HOLE-- [fill = 0]
                  00000c9c    00000050                                   : boot.obj (.text)
                  00000cec    0000004c     msp432p4xx_driverlib.lib : gpio.o (.text:GPIO_setAsPeripheralModuleFunctionInputPin)
                  00000d38    0000004c                              : i2c.o (.text:I2C_masterSendSingleByte)
                  00000d84    0000004c     rtsv7M4_T_le_v4SPD16_eabi.lib : atoi.obj (.text)
                  00000dd0    0000004c                                   : cpy_tbl.obj (.text)
                  00000e1c    00000044                                   : exit.obj (.text)
                  00000e60    00000040                                   : strtok.obj (.text)
                  00000ea0    00000030     msp432p4xx_driverlib.lib : i2c.o (.text:I2C_masterReceiveSingleByte)
                  00000ed0    0000002a     rtsv7M4_T_le_v4SPD16_eabi.lib : strspn.obj (.text)
                  00000efa    00000002     --HOLE-- [fill = 0]
                  00000efc    00000024     msp432p4xx_driverlib.lib : cs.o (.text:CS_setDCOCenteredFrequency)
                  00000f20    00000024                              : uart.o (.text:UART_transmitData)
                  00000f44    00000024     rtsv7M4_T_le_v4SPD16_eabi.lib : strcspn.obj (.text)
                  00000f68    00000018     msp432p4xx_driverlib.lib : wdt_a.o (.text:WDT_A_holdTimer)
                  00000f80    00000018     rtsv7M4_T_le_v4SPD16_eabi.lib : args_main.obj (.text)
                  00000f98    00000018                                   : strcmp.obj (.text)
                  00000fb0    00000014                                   : _lock.obj (.text)
                  00000fc4    00000014                                   : strcpy.obj (.text)
                  00000fd8    0000000e                                   : copy_decompress_none.obj (.text:decompress:none)
                  00000fe6    0000000c     msp432p4xx_driverlib.lib : uart.o (.text:UART_enableModule)
                  00000ff2    0000000c     rtsv7M4_T_le_v4SPD16_eabi.lib : copy_zero_init.obj (.text:decompress:ZI)
                  00000ffe    0000000c     msp432_startup_ccs.obj (.text)
                  0000100a    00000006     rtsv7M4_T_le_v4SPD16_eabi.lib : copy_decompress_rle.obj (.text:decompress:rle24)
                  00001010    00000004     msp432p4xx_driverlib.lib : i2c.o (.text:I2C_setSlaveAddress)
                  00001014    00000004     rtsv7M4_T_le_v4SPD16_eabi.lib : pre_init.obj (.text)

.const     0    00001018    00000134     
                  00001018    00000101     rtsv7M4_T_le_v4SPD16_eabi.lib : ctype.obj (.const:.string:_ctypes_)
                  00001119    00000003     --HOLE-- [fill = 0]
                  0000111c    00000030     msp432p4xx_driverlib.lib : gpio.o (.const:GPIO_PORT_TO_BASE)

.cinit     0    00001150    00000098     
                  00001150    0000006e     (.cinit..data.load) [load image, compression = rle]
                  000011be    00000002     --HOLE-- [fill = 0]
                  000011c0    0000000c     (__TI_handler_table)
                  000011cc    00000004     --HOLE-- [fill = 0]
                  000011d0    00000008     (.cinit..bss.load) [load image, compression = zero_init]
                  000011d8    00000010     (__TI_cinit_table)

.bss       0    20000000    000000b1     UNINITIALIZED
                  20000000    00000040     Accelerometer.obj (.bss:defaultSensor)
                  20000040    00000030     UartCommands.obj (.bss:defaultUartModule)
                  20000070    00000020     (.common:rx_buffer)
                  20000090    00000018     (.common:buf$1)
                  200000a8    00000004     (.common:command$1)
                  200000ac    00000004     (.common:setValue$2)
                  200000b0    00000001     (.common:dataReceived$1)

.data      0    200000b4    000000a9     UNINITIALIZED
                  200000b4    00000040     Accelerometer.obj (.data:sensorMpu)
                  200000f4    00000030     UartCommands.obj (.data:UartModule0)
                  20000124    00000010     main.obj (.data)
                  20000134    0000000c     Accelerometer.obj (.data)
                  20000140    00000008     rtsv7M4_T_le_v4SPD16_eabi.lib : _lock.obj (.data)
                  20000148    00000008                                   : exit.obj (.data)
                  20000150    00000004     Sensors.obj (.data)
                  20000154    00000004     rtsv7M4_T_le_v4SPD16_eabi.lib : stkdepth_vars.obj (.data)
                  20000158    00000004                                   : strtok.obj (.data)
                  2000015c    00000001     UartCommands.obj (.data)

.TI.noinit 
*          0    20000000    00000000     UNINITIALIZED

.TI.persistent 
*          0    200000b4    00000000     UNINITIALIZED

.stack     0    2000fe00    00000200     UNINITIALIZED
                  2000fe00    00000200     --HOLE--


LINKER GENERATED COPY TABLES

__TI_cinit_table @ 000011d8 records: 2, size/record: 8, table size: 16
	.data: load addr=00001150, load size=0000006e bytes, run addr=200000b4, run size=000000a9 bytes, compression=rle
	.bss: load addr=000011d0, load size=00000008 bytes, run addr=20000000, run size=000000b1 bytes, compression=zero_init


LINKER GENERATED HANDLER TABLE

__TI_handler_table @ 000011c0 records: 3, size/record: 4, table size: 12
	index: 0, handler: __TI_decompress_rle24
	index: 1, handler: __TI_decompress_none
	index: 2, handler: __TI_zero_init


GLOBAL SYMBOLS: SORTED ALPHABETICALLY BY Name 

address   name                                      
-------   ----                                      
00000e1d  C$$EXIT                                   
00000efd  CS_setDCOCenteredFrequency                
0000040b  ConfigAccelerometer                       
0000090d  ConfigSensors                             
00000ced  GPIO_setAsPeripheralModuleFunctionInputPin
00000831  HexaToDecG                                
00000ea1  I2C_masterReceiveSingleByte               
00000d39  I2C_masterSendSingleByte                  
00001011  I2C_setSlaveAddress                       
00000399  InitAccelerometer                         
00000745  InitI2c0                                  
000008f1  InitSensors                               
00000ac5  InitUart                                  
000001a5  InitUartReceive                           
00000145  InitUarts                                 
00000879  IntToString                               
00000473  ReadAccelerometer                         
000007e7  ReadI2c0                                  
0000094d  ReadSensors                               
UNDEFED   SHT$$INIT_ARRAY$$Base                     
UNDEFED   SHT$$INIT_ARRAY$$Limit                    
00000249  SendAccelData                             
00000b09  SendCharacter                             
00000223  SendCharacterData                         
0000079f  SendI2c0                                  
00000595  SendName                                  
00000b1d  SendString                                
00000627  SendTest                                  
000005b7  SendUartTest                              
00000b3f  SetPeriod                                 
00000fe7  UART_enableModule                         
00000a31  UART_initModule                           
00000f21  UART_transmitData                         
0000026b  UartCommands                              
200000f4  UartModule0                               
4000480c  WDTCTL_SYM                                
00000f69  WDT_A_holdTimer                           
20010000  __STACK_END                               
00000200  __STACK_SIZE                              
000011d8  __TI_CINIT_Base                           
000011e8  __TI_CINIT_Limit                          
000011c0  __TI_Handler_Table_Base                   
000011cc  __TI_Handler_Table_Limit                  
00000bc5  __TI_auto_init                            
20000148  __TI_cleanup_ptr                          
00000fd9  __TI_decompress_none                      
0000100b  __TI_decompress_rle24                     
2000014c  __TI_dtors_ptr                            
00000000  __TI_static_base__                        
00000ff3  __TI_zero_init                            
00000b49  __aeabi_memclr                            
00000b49  __aeabi_memclr4                           
00000b49  __aeabi_memclr8                           
00000995  __aeabi_memcpy                            
00000995  __aeabi_memcpy4                           
00000995  __aeabi_memcpy8                           
00000b4b  __aeabi_memset                            
00000b4b  __aeabi_memset4                           
00000b4b  __aeabi_memset8                           
ffffffff  __binit__                                 
ffffffff  __c_args__                                
2000fe00  __stack                                   
00000f81  _args_main                                
00000c9d  _c_int00                                  
00001018  _ctypes_                                  
20000140  _lock                                     
00000fbf  _nop                                      
00000fb7  _register_lock                            
00000fb1  _register_unlock                          
00001015  _system_pre_init                          
20000144  _unlock                                   
00000e21  abort                                     
00000d85  atoi                                      
ffffffff  binit                                     
20000124  bufferIndex                               
00000dd1  copy_in                                   
20000000  defaultSensor                             
20000040  defaultUartModule                         
000006e5  euscia0_isr                               
00000e29  exit                                      
00000000  interruptVectors                          
000006a3  main                                      
20000154  main_func_sp                              
00000995  memcpy                                    
00000b51  memset                                    
20000070  rx_buffer                                 
200000b4  sensorMpu                                 
00000f99  strcmp                                    
00000fc5  strcpy                                    
00000f45  strcspn                                   
00000ed1  strspn                                    
00000e61  strtok                                    
2000015c  verifyFlag                                


GLOBAL SYMBOLS: SORTED BY Symbol Address 

address   name                                      
-------   ----                                      
00000000  __TI_static_base__                        
00000000  interruptVectors                          
00000145  InitUarts                                 
000001a5  InitUartReceive                           
00000200  __STACK_SIZE                              
00000223  SendCharacterData                         
00000249  SendAccelData                             
0000026b  UartCommands                              
00000399  InitAccelerometer                         
0000040b  ConfigAccelerometer                       
00000473  ReadAccelerometer                         
00000595  SendName                                  
000005b7  SendUartTest                              
00000627  SendTest                                  
000006a3  main                                      
000006e5  euscia0_isr                               
00000745  InitI2c0                                  
0000079f  SendI2c0                                  
000007e7  ReadI2c0                                  
00000831  HexaToDecG                                
00000879  IntToString                               
000008f1  InitSensors                               
0000090d  ConfigSensors                             
0000094d  ReadSensors                               
00000995  __aeabi_memcpy                            
00000995  __aeabi_memcpy4                           
00000995  __aeabi_memcpy8                           
00000995  memcpy                                    
00000a31  UART_initModule                           
00000ac5  InitUart                                  
00000b09  SendCharacter                             
00000b1d  SendString                                
00000b3f  SetPeriod                                 
00000b49  __aeabi_memclr                            
00000b49  __aeabi_memclr4                           
00000b49  __aeabi_memclr8                           
00000b4b  __aeabi_memset                            
00000b4b  __aeabi_memset4                           
00000b4b  __aeabi_memset8                           
00000b51  memset                                    
00000bc5  __TI_auto_init                            
00000c9d  _c_int00                                  
00000ced  GPIO_setAsPeripheralModuleFunctionInputPin
00000d39  I2C_masterSendSingleByte                  
00000d85  atoi                                      
00000dd1  copy_in                                   
00000e1d  C$$EXIT                                   
00000e21  abort                                     
00000e29  exit                                      
00000e61  strtok                                    
00000ea1  I2C_masterReceiveSingleByte               
00000ed1  strspn                                    
00000efd  CS_setDCOCenteredFrequency                
00000f21  UART_transmitData                         
00000f45  strcspn                                   
00000f69  WDT_A_holdTimer                           
00000f81  _args_main                                
00000f99  strcmp                                    
00000fb1  _register_unlock                          
00000fb7  _register_lock                            
00000fbf  _nop                                      
00000fc5  strcpy                                    
00000fd9  __TI_decompress_none                      
00000fe7  UART_enableModule                         
00000ff3  __TI_zero_init                            
0000100b  __TI_decompress_rle24                     
00001011  I2C_setSlaveAddress                       
00001015  _system_pre_init                          
00001018  _ctypes_                                  
000011c0  __TI_Handler_Table_Base                   
000011cc  __TI_Handler_Table_Limit                  
000011d8  __TI_CINIT_Base                           
000011e8  __TI_CINIT_Limit                          
20000000  defaultSensor                             
20000040  defaultUartModule                         
20000070  rx_buffer                                 
200000b4  sensorMpu                                 
200000f4  UartModule0                               
20000124  bufferIndex                               
20000140  _lock                                     
20000144  _unlock                                   
20000148  __TI_cleanup_ptr                          
2000014c  __TI_dtors_ptr                            
20000154  main_func_sp                              
2000015c  verifyFlag                                
2000fe00  __stack                                   
20010000  __STACK_END                               
4000480c  WDTCTL_SYM                                
ffffffff  __binit__                                 
ffffffff  __c_args__                                
ffffffff  binit                                     
UNDEFED   SHT$$INIT_ARRAY$$Base                     
UNDEFED   SHT$$INIT_ARRAY$$Limit                    

[93 symbols]
