******************************************************************************
                  TI ARM Linker PC v5.2.5                      
******************************************************************************
>> Linked Tue May 17 13:50:26 2016

OUTPUT FILE NAME:   <layers123.out>
ENTRY POINT SYMBOL: "_c_int00"  address: 00001525


MEMORY CONFIGURATION

         name            origin    length      used     unused   attr    fill
----------------------  --------  ---------  --------  --------  ----  --------
  MAIN                  00000000   00040000  00001bb4  0003e44c  R  X
  INFO                  00200000   00004000  00000000  00004000  R  X
  SRAM_CODE             01000000   00010000  00000000  00010000  RW X
  SRAM_DATA             20000000   00010000  00000bd3  0000f42d  RW  


SEGMENT ALLOCATION MAP

run origin  load origin   length   init length attrs members
----------  ----------- ---------- ----------- ----- -------
00000000    00000000    00001bb8   00001bb8    r-x
  00000000    00000000    00000144   00000144    r-- .intvecs
  00000144    00000144    0000186c   0000186c    r-x .text
  000019b0    000019b0    00000164   00000164    r-- .const
  00001b18    00001b18    000000a0   000000a0    r-- .cinit
20000000    20000000    000009d6   00000000    rw-
  20000000    20000000    000008bd   00000000    rw- .data
  200008c0    200008c0    00000116   00000000    rw- .bss
2000fe00    2000fe00    00000200   00000000    rw-
  2000fe00    2000fe00    00000200   00000000    rw- .stack


SECTION ALLOCATION MAP

 output                                  attributes/
section   page    origin      length       input sections
--------  ----  ----------  ----------   ----------------
.intvecs   0    00000000    00000144     
                  00000000    00000144     msp432_startup_ccs.obj (.intvecs)

.text      0    00000144    0000186c     
                  00000144    000005e4     UartCommands.obj (.text)
                  00000728    00000344     Accelerometer.obj (.text)
                  00000a6c    000001b6     rtsv7M4_T_le_v4SPD16_eabi.lib : fd_add_t2.obj (.text)
                  00000c22    00000002     --HOLE-- [fill = 0]
                  00000c24    000001a0     Uart0.obj (.text)
                  00000dc4    00000114     Timers.obj (.text)
                  00000ed8    00000104     Utils.obj (.text)
                  00000fdc    000000f4     main.obj (.text)
                  000010d0    000000ec     i2c0.obj (.text)
                  000011bc    000000e4     Sensors.obj (.text)
                  000012a0    0000009c     rtsv7M4_T_le_v4SPD16_eabi.lib : memcpy_t2.obj (.text)
                  0000133c    00000094     msp432p4xx_driverlib.lib : uart.o (.text:UART_initModule)
                  000013d0    0000007a     rtsv7M4_T_le_v4SPD16_eabi.lib : memset_t2.obj (.text)
                  0000144a    00000002     --HOLE-- [fill = 0]
                  0000144c    0000006c                                   : autoinit.obj (.text)
                  000014b8    0000006a                                   : copy_decompress_rle.obj (.text)
                  00001522    00000002     --HOLE-- [fill = 0]
                  00001524    00000050                                   : boot.obj (.text)
                  00001574    0000004c     msp432p4xx_driverlib.lib : gpio.o (.text:GPIO_setAsPeripheralModuleFunctionInputPin)
                  000015c0    0000004c                              : gpio.o (.text:GPIO_setAsPeripheralModuleFunctionOutputPin)
                  0000160c    0000004c                              : i2c.o (.text:I2C_masterSendSingleByte)
                  00001658    0000004c     rtsv7M4_T_le_v4SPD16_eabi.lib : atoi.obj (.text)
                  000016a4    0000004c                                   : cpy_tbl.obj (.text)
                  000016f0    00000048                                   : fd_toi_t2.obj (.text)
                  00001738    00000044                                   : exit.obj (.text)
                  0000177c    00000040                                   : strtok.obj (.text)
                  000017bc    00000030     msp432p4xx_driverlib.lib : i2c.o (.text:I2C_masterReceiveSingleByte)
                  000017ec    0000002e     rtsv7M4_T_le_v4SPD16_eabi.lib : i_tofd_t2.obj (.text)
                  0000181a    0000002a                                   : strspn.obj (.text)
                  00001844    00000024     msp432p4xx_driverlib.lib : cs.o (.text:CS_setDCOCenteredFrequency)
                  00001868    00000024                              : gpio.o (.text:GPIO_setAsOutputPin)
                  0000188c    00000024                              : uart.o (.text:UART_transmitData)
                  000018b0    00000024     rtsv7M4_T_le_v4SPD16_eabi.lib : strcspn.obj (.text)
                  000018d4    00000018     msp432p4xx_driverlib.lib : gpio.o (.text:GPIO_setOutputLowOnPin)
                  000018ec    00000018                              : wdt_a.o (.text:WDT_A_holdTimer)
                  00001904    00000018     rtsv7M4_T_le_v4SPD16_eabi.lib : args_main.obj (.text)
                  0000191c    00000018                                   : strcmp.obj (.text)
                  00001934    00000014     msp432p4xx_driverlib.lib : gpio.o (.text:GPIO_setOutputHighOnPin)
                  00001948    00000014     rtsv7M4_T_le_v4SPD16_eabi.lib : _lock.obj (.text)
                  0000195c    00000014                                   : strcpy.obj (.text)
                  00001970    0000000e                                   : copy_decompress_none.obj (.text:decompress:none)
                  0000197e    0000000c     msp432p4xx_driverlib.lib : uart.o (.text:UART_enableModule)
                  0000198a    0000000c     rtsv7M4_T_le_v4SPD16_eabi.lib : copy_zero_init.obj (.text:decompress:ZI)
                  00001996    0000000c     msp432_startup_ccs.obj (.text)
                  000019a2    00000006     rtsv7M4_T_le_v4SPD16_eabi.lib : copy_decompress_rle.obj (.text:decompress:rle24)
                  000019a8    00000004     msp432p4xx_driverlib.lib : i2c.o (.text:I2C_setSlaveAddress)
                  000019ac    00000004     rtsv7M4_T_le_v4SPD16_eabi.lib : pre_init.obj (.text)

.const     0    000019b0    00000164     
                  000019b0    00000101     rtsv7M4_T_le_v4SPD16_eabi.lib : ctype.obj (.const:.string:_ctypes_)
                  00001ab1    00000003     --HOLE-- [fill = 0]
                  00001ab4    00000030     msp432p4xx_driverlib.lib : gpio.o (.const:GPIO_PORT_TO_BASE)
                  00001ae4    00000030     Timers.obj (.const)

.cinit     0    00001b18    000000a0     
                  00001b18    0000007a     (.cinit..data.load) [load image, compression = rle]
                  00001b92    00000002     --HOLE-- [fill = 0]
                  00001b94    0000000c     (__TI_handler_table)
                  00001ba0    00000008     (.cinit..bss.load) [load image, compression = zero_init]
                  00001ba8    00000010     (__TI_cinit_table)

.data      0    20000000    000008bd     UNINITIALIZED
                  20000000    00000800     UartCommands.obj (.data:rx_buffer)
                  20000800    00000048     Accelerometer.obj (.data:sensorMpu)
                  20000848    00000030     UartCommands.obj (.data:UartModule0)
                  20000878    00000014     Accelerometer.obj (.data)
                  2000088c    0000000c     Uart0.obj (.data)
                  20000898    00000008     main.obj (.data)
                  200008a0    00000008     rtsv7M4_T_le_v4SPD16_eabi.lib : _lock.obj (.data)
                  200008a8    00000008                                   : exit.obj (.data)
                  200008b0    00000004     Sensors.obj (.data)
                  200008b4    00000004     rtsv7M4_T_le_v4SPD16_eabi.lib : stkdepth_vars.obj (.data)
                  200008b8    00000004                                   : strtok.obj (.data)
                  200008bc    00000001     UartCommands.obj (.data)

.bss       0    200008c0    00000116     UNINITIALIZED
                  200008c0    00000048     Accelerometer.obj (.bss:defaultSensor)
                  20000908    00000030     UartCommands.obj (.bss:defaultUartModule)
                  20000938    00000020     (.common:receive_buffer)
                  20000958    00000018     (.common:buf$1)
                  20000970    00000010     (.common:xVal)
                  20000980    00000010     (.common:yVal)
                  20000990    00000010     (.common:zVal)
                  200009a0    00000004     (.common:command$1)
                  200009a4    00000004     (.common:received_byte)
                  200009a8    00000004     (.common:setValueA0$4)
                  200009ac    00000004     (.common:setValueA1$3)
                  200009b0    00000004     (.common:treshold$2)
                  200009b4    00000004     (.common:tresholdConfiguration)
                  200009b8    00000004     (.common:valueX)
                  200009bc    00000004     (.common:valueX1)
                  200009c0    00000004     (.common:valueY)
                  200009c4    00000004     (.common:valueY1)
                  200009c8    00000004     (.common:valueZ)
                  200009cc    00000004     (.common:valueZ1)
                  200009d0    00000002     (.common:temperature$7)
                  200009d2    00000001     (.common:dataReceived$1)
                  200009d3    00000001     (.common:status1)
                  200009d4    00000001     (.common:status2)
                  200009d5    00000001     (.common:status3)

.TI.persistent 
*          0    20000000    00000000     UNINITIALIZED

.TI.noinit 
*          0    200008c0    00000000     UNINITIALIZED

.stack     0    2000fe00    00000200     UNINITIALIZED
                  2000fe00    00000200     --HOLE--


LINKER GENERATED COPY TABLES

__TI_cinit_table @ 00001ba8 records: 2, size/record: 8, table size: 16
	.data: load addr=00001b18, load size=0000007a bytes, run addr=20000000, run size=000008bd bytes, compression=rle
	.bss: load addr=00001ba0, load size=00000008 bytes, run addr=200008c0, run size=00000116 bytes, compression=zero_init


LINKER GENERATED HANDLER TABLE

__TI_handler_table @ 00001b94 records: 3, size/record: 4, table size: 12
	index: 0, handler: __TI_decompress_rle24
	index: 1, handler: __TI_decompress_none
	index: 2, handler: __TI_zero_init


GLOBAL SYMBOLS: SORTED ALPHABETICALLY BY Name 

address   name                                       
-------   ----                                       
00000415  Add                                        
00001739  C$$EXIT                                    
00001845  CS_setDCOCenteredFrequency                 
0000079b  ConfigAccelerometer                        
000011d9  ConfigSensors                              
00001869  GPIO_setAsOutputPin                        
00001575  GPIO_setAsPeripheralModuleFunctionInputPin 
000015c1  GPIO_setAsPeripheralModuleFunctionOutputPin
00001935  GPIO_setOutputHighOnPin                    
000018d5  GPIO_setOutputLowOnPin                     
00000539  GetTreshold                                
00000ed9  HexaToDecG                                 
00000f21  HexaToDecGyro                              
000017bd  I2C_masterReceiveSingleByte                
0000160d  I2C_masterSendSingleByte                   
000019a9  I2C_setSlaveAddress                        
00000729  InitAccelerometer                          
000010d1  InitI2c0                                   
000011bd  InitSensors                                
00000dc5  InitTimers                                 
00000c25  InitUart                                   
0000023b  InitUartReceive                            
000001db  InitUarts                                  
00000f67  IntToString                                
00000803  ReadAccelerometer                          
00000911  ReadGyroscope                              
00001173  ReadI2c0                                   
00001219  ReadSensors                                
000008b1  ReadTemperature                            
UNDEFED   SHT$$INIT_ARRAY$$Base                      
UNDEFED   SHT$$INIT_ARRAY$$Limit                     
0000048d  Send                                       
000002d7  SendAccelData                              
00000c69  SendCharacter                              
000002b1  SendCharacterData                          
0000112b  SendI2c0                                   
00000c7d  SendString                                 
00000ca9  SendUartTest                               
00000c9f  SetPeriod                                  
00000e97  SetTimerA0_0Period                         
00000e6b  SetTimerA1_0Period                         
00000d19  StartAquisition                            
00000e2b  StartTimerA0_0                             
00000e0d  StartTimerA1_0                             
00000e5b  StopTimerA0_0                              
00000e4b  StopTimerA1_0                              
0000197f  UART_enableModule                          
0000133d  UART_initModule                            
0000188d  UART_transmitData                          
000002f9  UartCommands                               
20000848  UartModule0                                
4000480c  WDTCTL_SYM                                 
000018ed  WDT_A_holdTimer                            
00000579  WaitUntilStart                             
20010000  __STACK_END                                
00000200  __STACK_SIZE                               
00001ba8  __TI_CINIT_Base                            
00001bb8  __TI_CINIT_Limit                           
00001b94  __TI_Handler_Table_Base                    
00001ba0  __TI_Handler_Table_Limit                   
0000144d  __TI_auto_init                             
200008a8  __TI_cleanup_ptr                           
00001971  __TI_decompress_none                       
000019a3  __TI_decompress_rle24                      
200008ac  __TI_dtors_ptr                             
00000000  __TI_static_base__                         
0000198b  __TI_zero_init                             
000016f1  __aeabi_d2iz                               
00000a77  __aeabi_dadd                               
00000a6d  __aeabi_dsub                               
000017ed  __aeabi_i2d                                
000013d1  __aeabi_memclr                             
000013d1  __aeabi_memclr4                            
000013d1  __aeabi_memclr8                            
000012a1  __aeabi_memcpy                             
000012a1  __aeabi_memcpy4                            
000012a1  __aeabi_memcpy8                            
000013d3  __aeabi_memset                             
000013d3  __aeabi_memset4                            
000013d3  __aeabi_memset8                            
ffffffff  __binit__                                  
ffffffff  __c_args__                                 
2000fe00  __stack                                    
00001905  _args_main                                 
00001525  _c_int00                                   
000019b0  _ctypes_                                   
200008a0  _lock                                      
00001957  _nop                                       
0000194f  _register_lock                             
00001949  _register_unlock                           
000019ad  _system_pre_init                           
200008a4  _unlock                                    
0000173d  abort                                      
00001659  atoi                                       
ffffffff  binit                                      
20000898  bufferIndex                                
0000018f  bufferRead                                 
00000145  bufferWrite                                
000016a5  copy_in                                    
200008c0  defaultSensor                              
20000908  defaultUartModule                          
00001029  euscia0_isr                                
00001745  exit                                       
2000089b  flagTreshold                               
00000000  interruptVectors                           
00000fdd  main                                       
200008b4  main_func_sp                               
000012a1  memcpy                                     
000013d9  memset                                     
20000938  receive_buffer                             
200009a4  received_byte                              
20000000  rx_buffer                                  
20000800  sensorMpu                                  
2000089c  setTreshold                                
2000089a  startFlag                                  
200009d3  status1                                    
200009d4  status2                                    
200009d5  status3                                    
0000191d  strcmp                                     
0000195d  strcpy                                     
000018b1  strcspn                                    
0000181b  strspn                                     
0000177d  strtok                                     
00001083  timer_a_0_isr                              
00001047  timer_a_1_isr                              
200009b4  tresholdConfiguration                      
200009b8  valueX                                     
200009bc  valueX1                                    
200009c0  valueY                                     
200009c4  valueY1                                    
200009c8  valueZ                                     
200009cc  valueZ1                                    
200008bc  verifyFlag                                 
20000970  xVal                                       
20000980  yVal                                       
20000990  zVal                                       


GLOBAL SYMBOLS: SORTED BY Symbol Address 

address   name                                       
-------   ----                                       
00000000  __TI_static_base__                         
00000000  interruptVectors                           
00000145  bufferWrite                                
0000018f  bufferRead                                 
000001db  InitUarts                                  
00000200  __STACK_SIZE                               
0000023b  InitUartReceive                            
000002b1  SendCharacterData                          
000002d7  SendAccelData                              
000002f9  UartCommands                               
00000415  Add                                        
0000048d  Send                                       
00000539  GetTreshold                                
00000579  WaitUntilStart                             
00000729  InitAccelerometer                          
0000079b  ConfigAccelerometer                        
00000803  ReadAccelerometer                          
000008b1  ReadTemperature                            
00000911  ReadGyroscope                              
00000a6d  __aeabi_dsub                               
00000a77  __aeabi_dadd                               
00000c25  InitUart                                   
00000c69  SendCharacter                              
00000c7d  SendString                                 
00000c9f  SetPeriod                                  
00000ca9  SendUartTest                               
00000d19  StartAquisition                            
00000dc5  InitTimers                                 
00000e0d  StartTimerA1_0                             
00000e2b  StartTimerA0_0                             
00000e4b  StopTimerA1_0                              
00000e5b  StopTimerA0_0                              
00000e6b  SetTimerA1_0Period                         
00000e97  SetTimerA0_0Period                         
00000ed9  HexaToDecG                                 
00000f21  HexaToDecGyro                              
00000f67  IntToString                                
00000fdd  main                                       
00001029  euscia0_isr                                
00001047  timer_a_1_isr                              
00001083  timer_a_0_isr                              
000010d1  InitI2c0                                   
0000112b  SendI2c0                                   
00001173  ReadI2c0                                   
000011bd  InitSensors                                
000011d9  ConfigSensors                              
00001219  ReadSensors                                
000012a1  __aeabi_memcpy                             
000012a1  __aeabi_memcpy4                            
000012a1  __aeabi_memcpy8                            
000012a1  memcpy                                     
0000133d  UART_initModule                            
000013d1  __aeabi_memclr                             
000013d1  __aeabi_memclr4                            
000013d1  __aeabi_memclr8                            
000013d3  __aeabi_memset                             
000013d3  __aeabi_memset4                            
000013d3  __aeabi_memset8                            
000013d9  memset                                     
0000144d  __TI_auto_init                             
00001525  _c_int00                                   
00001575  GPIO_setAsPeripheralModuleFunctionInputPin 
000015c1  GPIO_setAsPeripheralModuleFunctionOutputPin
0000160d  I2C_masterSendSingleByte                   
00001659  atoi                                       
000016a5  copy_in                                    
000016f1  __aeabi_d2iz                               
00001739  C$$EXIT                                    
0000173d  abort                                      
00001745  exit                                       
0000177d  strtok                                     
000017bd  I2C_masterReceiveSingleByte                
000017ed  __aeabi_i2d                                
0000181b  strspn                                     
00001845  CS_setDCOCenteredFrequency                 
00001869  GPIO_setAsOutputPin                        
0000188d  UART_transmitData                          
000018b1  strcspn                                    
000018d5  GPIO_setOutputLowOnPin                     
000018ed  WDT_A_holdTimer                            
00001905  _args_main                                 
0000191d  strcmp                                     
00001935  GPIO_setOutputHighOnPin                    
00001949  _register_unlock                           
0000194f  _register_lock                             
00001957  _nop                                       
0000195d  strcpy                                     
00001971  __TI_decompress_none                       
0000197f  UART_enableModule                          
0000198b  __TI_zero_init                             
000019a3  __TI_decompress_rle24                      
000019a9  I2C_setSlaveAddress                        
000019ad  _system_pre_init                           
000019b0  _ctypes_                                   
00001b94  __TI_Handler_Table_Base                    
00001ba0  __TI_Handler_Table_Limit                   
00001ba8  __TI_CINIT_Base                            
00001bb8  __TI_CINIT_Limit                           
20000000  rx_buffer                                  
20000800  sensorMpu                                  
20000848  UartModule0                                
20000898  bufferIndex                                
2000089a  startFlag                                  
2000089b  flagTreshold                               
2000089c  setTreshold                                
200008a0  _lock                                      
200008a4  _unlock                                    
200008a8  __TI_cleanup_ptr                           
200008ac  __TI_dtors_ptr                             
200008b4  main_func_sp                               
200008bc  verifyFlag                                 
200008c0  defaultSensor                              
20000908  defaultUartModule                          
20000938  receive_buffer                             
20000970  xVal                                       
20000980  yVal                                       
20000990  zVal                                       
200009a4  received_byte                              
200009b4  tresholdConfiguration                      
200009b8  valueX                                     
200009bc  valueX1                                    
200009c0  valueY                                     
200009c4  valueY1                                    
200009c8  valueZ                                     
200009cc  valueZ1                                    
200009d3  status1                                    
200009d4  status2                                    
200009d5  status3                                    
2000fe00  __stack                                    
20010000  __STACK_END                                
4000480c  WDTCTL_SYM                                 
ffffffff  __binit__                                  
ffffffff  __c_args__                                 
ffffffff  binit                                      
UNDEFED   SHT$$INIT_ARRAY$$Base                      
UNDEFED   SHT$$INIT_ARRAY$$Limit                     

[136 symbols]
