******************************************************************************
                  TI ARM Linker PC v5.2.5                      
******************************************************************************
>> Linked Tue May 10 17:23:55 2016

OUTPUT FILE NAME:   <layers123.out>
ENTRY POINT SYMBOL: "_c_int00"  address: 00001a69


MEMORY CONFIGURATION

         name            origin    length      used     unused   attr    fill
----------------------  --------  ---------  --------  --------  ----  --------
  MAIN                  00000000   00040000  000021c0  0003de40  R  X
  INFO                  00200000   00004000  00000000  00004000  R  X
  SRAM_CODE             01000000   00010000  00000000  00010000  RW X
  SRAM_DATA             20000000   00010000  00000bc9  0000f437  RW  


SEGMENT ALLOCATION MAP

run origin  load origin   length   init length attrs members
----------  ----------- ---------- ----------- ----- -------
00000000    00000000    000021c0   000021c0    r-x
  00000000    00000000    00000144   00000144    r-- .intvecs
  00000144    00000144    00001e90   00001e90    r-x .text
  00001fd4    00001fd4    0000014c   0000014c    r-- .const
  00002120    00002120    000000a0   000000a0    r-- .cinit
20000000    20000000    000009cc   00000000    rw-
  20000000    20000000    000008b9   00000000    rw- .data
  200008bc    200008bc    00000110   00000000    rw- .bss
2000fe00    2000fe00    00000200   00000000    rw-
  2000fe00    2000fe00    00000200   00000000    rw- .stack


SECTION ALLOCATION MAP

 output                                  attributes/
section   page    origin      length       input sections
--------  ----  ----------  ----------   ----------------
.intvecs   0    00000000    00000144     
                  00000000    00000144     msp432_startup_ccs.obj (.intvecs)

.text      0    00000144    00001e90     
                  00000144    000004cc     UartCommands.obj (.text)
                  00000610    00000344     Accelerometer.obj (.text)
                  00000954    000001b6     rtsv7M4_T_le_v4SPD16_eabi.lib : fd_add_t2.obj (.text)
                  00000b0a    00000002     --HOLE-- [fill = 0]
                  00000b0c    000001a0     Uart0.obj (.text)
                  00000cac    00000182     msp432p4xx_driverlib.lib : pcm.o (.text:PCM_setPowerStateWithTimeout)
                  00000e2e    00000002     --HOLE-- [fill = 0]
                  00000e30    0000015c     Timers.obj (.text)
                  00000f8c    00000104     Utils.obj (.text)
                  00001090    000000ec     i2c0.obj (.text)
                  0000117c    000000e4     Sensors.obj (.text)
                  00001260    000000e0     msp432p4xx_driverlib.lib : cs.o (.text:CS_initClockSignal)
                  00001340    000000d4                              : pcm.o (.text:PCM_setPowerModeWithTimeout)
                  00001414    000000cc     main.obj (.text)
                  000014e0    000000a8     msp432p4xx_driverlib.lib : pcm.o (.text:PCM_setCoreVoltageLevelWithTimeout)
                  00001588    0000009c     rtsv7M4_T_le_v4SPD16_eabi.lib : memcpy_t2.obj (.text)
                  00001624    00000094     msp432p4xx_driverlib.lib : uart.o (.text:UART_initModule)
                  000016b8    00000090                              : cs.o (.text:CS_startHFXTWithTimeout)
                  00001748    00000090                              : cs.o (.text:CS_startLFXTWithTimeout)
                  000017d8    0000007c                              : pcm.o (.text:PCM_gotoLPM3)
                  00001854    0000007a     rtsv7M4_T_le_v4SPD16_eabi.lib : memset_t2.obj (.text)
                  000018ce    00000002     --HOLE-- [fill = 0]
                  000018d0    00000070     msp432p4xx_driverlib.lib : cs.o (.text:_CSGetHFXTFrequency)
                  00001940    0000006c     rtsv7M4_T_le_v4SPD16_eabi.lib : autoinit.obj (.text)
                  000019ac    0000006a                                   : copy_decompress_rle.obj (.text)
                  00001a16    00000002     --HOLE-- [fill = 0]
                  00001a18    00000050     msp432p4xx_driverlib.lib : pcm.o (.text:PCM_shutdownDevice)
                  00001a68    00000050     rtsv7M4_T_le_v4SPD16_eabi.lib : boot.obj (.text)
                  00001ab8    0000004c     msp432p4xx_driverlib.lib : gpio.o (.text:GPIO_setAsPeripheralModuleFunctionInputPin)
                  00001b04    0000004c                              : gpio.o (.text:GPIO_setAsPeripheralModuleFunctionOutputPin)
                  00001b50    0000004c                              : i2c.o (.text:I2C_masterSendSingleByte)
                  00001b9c    0000004c     rtsv7M4_T_le_v4SPD16_eabi.lib : atoi.obj (.text)
                  00001be8    0000004c                                   : cpy_tbl.obj (.text)
                  00001c34    00000048                                   : fd_toi_t2.obj (.text)
                  00001c7c    00000044                                   : exit.obj (.text)
                  00001cc0    00000040                                   : strtok.obj (.text)
                  00001d00    00000030     msp432p4xx_driverlib.lib : i2c.o (.text:I2C_masterReceiveSingleByte)
                  00001d30    0000002e     rtsv7M4_T_le_v4SPD16_eabi.lib : i_tofd_t2.obj (.text)
                  00001d5e    0000002c     msp432p4xx_driverlib.lib : pcm.o (.text:PCM_getCoreVoltageLevel)
                  00001d8a    0000002a                              : pcm.o (.text:PCM_getPowerMode)
                  00001db4    0000002a     rtsv7M4_T_le_v4SPD16_eabi.lib : strspn.obj (.text)
                  00001dde    00000002     --HOLE-- [fill = 0]
                  00001de0    00000028     msp432p4xx_driverlib.lib : pcm.o (.text:PCM_gotoLPM0)
                  00001e08    00000024                              : cs.o (.text:CS_setDCOCenteredFrequency)
                  00001e2c    00000024                              : gpio.o (.text:GPIO_setAsOutputPin)
                  00001e50    00000024                              : uart.o (.text:UART_transmitData)
                  00001e74    00000024     rtsv7M4_T_le_v4SPD16_eabi.lib : strcspn.obj (.text)
                  00001e98    00000018     msp432p4xx_driverlib.lib : gpio.o (.text:GPIO_setOutputLowOnPin)
                  00001eb0    00000018                              : wdt_a.o (.text:WDT_A_holdTimer)
                  00001ec8    00000018     rtsv7M4_T_le_v4SPD16_eabi.lib : args_main.obj (.text)
                  00001ee0    00000018                                   : strcmp.obj (.text)
                  00001ef8    00000014     msp432p4xx_driverlib.lib : cs.o (.text:CS_setExternalClockSourceFrequency)
                  00001f0c    00000014     rtsv7M4_T_le_v4SPD16_eabi.lib : _lock.obj (.text)
                  00001f20    00000014                                   : strcpy.obj (.text)
                  00001f34    00000010     msp432p4xx_driverlib.lib : pcm.o (.text:PCM_getPowerState)
                  00001f44    00000010                              : sysctl.o (.text:SysCtl_disableNMISource)
                  00001f54    00000010                              : sysctl.o (.text:SysCtl_enableNMISource)
                  00001f64    0000000e     rtsv7M4_T_le_v4SPD16_eabi.lib : copy_decompress_none.obj (.text:decompress:none)
                  00001f72    00000002     --HOLE-- [fill = 0]
                  00001f74    0000000c     msp432p4xx_driverlib.lib : sysctl.o (.text:SysCtl_getNMISourceStatus)
                  00001f80    0000000c                              : uart.o (.text:UART_enableModule)
                  00001f8c    0000000c     rtsv7M4_T_le_v4SPD16_eabi.lib : copy_zero_init.obj (.text:decompress:ZI)
                  00001f98    0000000c     msp432_startup_ccs.obj (.text)
                  00001fa4    00000006     msp432p4xx_driverlib.lib : cs.o (.text:CS_startHFXT)
                  00001faa    00000006                              : cs.o (.text:CS_startLFXT)
                  00001fb0    00000006                              : pcm.o (.text:PCM_setCoreVoltageLevel)
                  00001fb6    00000006                              : pcm.o (.text:PCM_setPowerMode)
                  00001fbc    00000006                              : pcm.o (.text:PCM_setPowerState)
                  00001fc2    00000006     rtsv7M4_T_le_v4SPD16_eabi.lib : copy_decompress_rle.obj (.text:decompress:rle24)
                  00001fc8    00000004     msp432p4xx_driverlib.lib : cpu.o (.text:CPU_wfi)
                  00001fcc    00000004                              : i2c.o (.text:I2C_setSlaveAddress)
                  00001fd0    00000004     rtsv7M4_T_le_v4SPD16_eabi.lib : pre_init.obj (.text)

.const     0    00001fd4    0000014c     
                  00001fd4    00000101     rtsv7M4_T_le_v4SPD16_eabi.lib : ctype.obj (.const:.string:_ctypes_)
                  000020d5    00000003     --HOLE-- [fill = 0]
                  000020d8    00000030     msp432p4xx_driverlib.lib : gpio.o (.const:GPIO_PORT_TO_BASE)
                  00002108    00000018     Timers.obj (.const)

.cinit     0    00002120    000000a0     
                  00002120    0000007a     (.cinit..data.load) [load image, compression = rle]
                  0000219a    00000002     --HOLE-- [fill = 0]
                  0000219c    0000000c     (__TI_handler_table)
                  000021a8    00000008     (.cinit..bss.load) [load image, compression = zero_init]
                  000021b0    00000010     (__TI_cinit_table)

.data      0    20000000    000008b9     UNINITIALIZED
                  20000000    00000800     UartCommands.obj (.data:rx_buffer)
                  20000800    00000048     Accelerometer.obj (.data:sensorMpu)
                  20000848    00000030     UartCommands.obj (.data:UartModule0)
                  20000878    00000014     Accelerometer.obj (.data)
                  2000088c    0000000c     Uart0.obj (.data)
                  20000898    00000008     rtsv7M4_T_le_v4SPD16_eabi.lib : _lock.obj (.data)
                  200008a0    00000008                                   : exit.obj (.data)
                  200008a8    00000004     Sensors.obj (.data)
                  200008ac    00000004     main.obj (.data)
                  200008b0    00000004     rtsv7M4_T_le_v4SPD16_eabi.lib : stkdepth_vars.obj (.data)
                  200008b4    00000004                                   : strtok.obj (.data)
                  200008b8    00000001     UartCommands.obj (.data)

.bss       0    200008bc    00000110     UNINITIALIZED
                  200008bc    00000048     Accelerometer.obj (.bss:defaultSensor)
                  20000904    00000030     UartCommands.obj (.bss:defaultUartModule)
                  20000934    00000020     (.common:receive_buffer)
                  20000954    00000018     (.common:buf$1)
                  2000096c    00000010     (.common:xVal)
                  2000097c    00000010     (.common:yVal)
                  2000098c    00000010     (.common:zVal)
                  2000099c    00000004     (.common:command$1)
                  200009a0    00000004     (.common:hfxtFreq)
                  200009a4    00000004     (.common:lfxtFreq)
                  200009a8    00000004     (.common:received_byte)
                  200009ac    00000004     (.common:setValue$2)
                  200009b0    00000004     (.common:valueX)
                  200009b4    00000004     (.common:valueX1)
                  200009b8    00000004     (.common:valueY)
                  200009bc    00000004     (.common:valueY1)
                  200009c0    00000004     (.common:valueZ)
                  200009c4    00000004     (.common:valueZ1)
                  200009c8    00000002     (.common:temperature$7)
                  200009ca    00000001     (.common:dataReceived$1)
                  200009cb    00000001     (.common:status)

.TI.persistent 
*          0    20000000    00000000     UNINITIALIZED

.TI.noinit 
*          0    200008bc    00000000     UNINITIALIZED

.stack     0    2000fe00    00000200     UNINITIALIZED
                  2000fe00    00000200     --HOLE--


LINKER GENERATED COPY TABLES

__TI_cinit_table @ 000021b0 records: 2, size/record: 8, table size: 16
	.data: load addr=00002120, load size=0000007a bytes, run addr=20000000, run size=000008b9 bytes, compression=rle
	.bss: load addr=000021a8, load size=00000008 bytes, run addr=200008bc, run size=00000110 bytes, compression=zero_init


LINKER GENERATED HANDLER TABLE

__TI_handler_table @ 0000219c records: 3, size/record: 4, table size: 12
	index: 0, handler: __TI_decompress_rle24
	index: 1, handler: __TI_decompress_none
	index: 2, handler: __TI_zero_init


GLOBAL SYMBOLS: SORTED ALPHABETICALLY BY Name 

address   name                                       
-------   ----                                       
00000375  Add                                        
00001c7d  C$$EXIT                                    
00001fc9  CPU_wfi                                    
00001261  CS_initClockSignal                         
00001e09  CS_setDCOCenteredFrequency                 
00001ef9  CS_setExternalClockSourceFrequency         
00001fa5  CS_startHFXT                               
000016b9  CS_startHFXTWithTimeout                    
00001fab  CS_startLFXT                               
00001749  CS_startLFXTWithTimeout                    
00000683  ConfigAccelerometer                        
00001199  ConfigSensors                              
00001e2d  GPIO_setAsOutputPin                        
00001ab9  GPIO_setAsPeripheralModuleFunctionInputPin 
00001b05  GPIO_setAsPeripheralModuleFunctionOutputPin
00001e99  GPIO_setOutputLowOnPin                     
00000f8d  HexaToDecG                                 
00000fd5  HexaToDecGyro                              
00001d01  I2C_masterReceiveSingleByte                
00001b51  I2C_masterSendSingleByte                   
00001fcd  I2C_setSlaveAddress                        
00000611  InitAccelerometer                          
00001091  InitI2c0                                   
0000117d  InitSensors                                
00000b0d  InitUart                                   
0000023b  InitUartReceive                            
000001db  InitUarts                                  
0000101b  IntToString                                
00000499  Monitoring                                 
00001d5f  PCM_getCoreVoltageLevel                    
00001d8b  PCM_getPowerMode                           
00001f35  PCM_getPowerState                          
00001de1  PCM_gotoLPM0                               
000017d9  PCM_gotoLPM3                               
00001fb1  PCM_setCoreVoltageLevel                    
000014e1  PCM_setCoreVoltageLevelWithTimeout         
00001fb7  PCM_setPowerMode                           
00001341  PCM_setPowerModeWithTimeout                
00001fbd  PCM_setPowerState                          
00000cad  PCM_setPowerStateWithTimeout               
00001a19  PCM_shutdownDevice                         
000006eb  ReadAccelerometer                          
000007f9  ReadGyroscope                              
00001133  ReadI2c0                                   
000011d9  ReadSensors                                
00000799  ReadTemperature                            
UNDEFED   SHT$$INIT_ARRAY$$Base                      
UNDEFED   SHT$$INIT_ARRAY$$Limit                     
000003b5  Send                                       
000002d7  SendAccelData                              
00000b51  SendCharacter                              
000002b1  SendCharacterData                          
000010eb  SendI2c0                                   
00000b65  SendString                                 
00000b91  SendUartTest                               
00000b87  SetPeriod                                  
00000f39  SetTimersPeriod                            
00000c01  StartAquisition                            
00001f45  SysCtl_disableNMISource                    
00001f55  SysCtl_enableNMISource                     
00001f75  SysCtl_getNMISourceStatus                  
00001f81  UART_enableModule                          
00001625  UART_initModule                            
00001e51  UART_transmitData                          
000002f9  UartCommands                               
20000848  UartModule0                                
4000480c  WDTCTL_SYM                                 
00001eb1  WDT_A_holdTimer                            
20010000  __STACK_END                                
00000200  __STACK_SIZE                               
000021b0  __TI_CINIT_Base                            
000021c0  __TI_CINIT_Limit                           
0000219c  __TI_Handler_Table_Base                    
000021a8  __TI_Handler_Table_Limit                   
00001941  __TI_auto_init                             
200008a0  __TI_cleanup_ptr                           
00001f65  __TI_decompress_none                       
00001fc3  __TI_decompress_rle24                      
200008a4  __TI_dtors_ptr                             
00000000  __TI_static_base__                         
00001f8d  __TI_zero_init                             
00001c35  __aeabi_d2iz                               
0000095f  __aeabi_dadd                               
00000955  __aeabi_dsub                               
00001d31  __aeabi_i2d                                
00001855  __aeabi_memclr                             
00001855  __aeabi_memclr4                            
00001855  __aeabi_memclr8                            
00001589  __aeabi_memcpy                             
00001589  __aeabi_memcpy4                            
00001589  __aeabi_memcpy8                            
00001857  __aeabi_memset                             
00001857  __aeabi_memset4                            
00001857  __aeabi_memset8                            
ffffffff  __binit__                                  
ffffffff  __c_args__                                 
2000fe00  __stack                                    
00001ec9  _args_main                                 
00001a69  _c_int00                                   
00001fd4  _ctypes_                                   
20000898  _lock                                      
00001f1b  _nop                                       
00001f13  _register_lock                             
00001f0d  _register_unlock                           
00001fd1  _system_pre_init                           
2000089c  _unlock                                    
00001c81  abort                                      
00001b9d  atoi                                       
ffffffff  binit                                      
200008ac  bufferIndex                                
0000018f  bufferRead                                 
00000145  bufferWrite                                
00001be9  copy_in                                    
200008bc  defaultSensor                              
20000904  defaultUartModule                          
0000145d  euscia0_isr                                
00001c89  exit                                       
200008af  flagTreshold                               
00000ec5  initTimers                                 
00000000  interruptVectors                           
00001415  main                                       
200008b0  main_func_sp                               
00001589  memcpy                                     
0000185d  memset                                     
20000934  receive_buffer                             
200009a8  received_byte                              
20000000  rx_buffer                                  
20000800  sensorMpu                                  
00000e31  setSystemClock                             
00000ead  startCrystalOscillator                     
200008ae  startFlag                                  
200009cb  status                                     
00001ee1  strcmp                                     
00001f21  strcpy                                     
00001e75  strcspn                                    
00001db5  strspn                                     
00001cc1  strtok                                     
000014a7  timer_a_0_isr                              
0000147b  timer_a_1_isr                              
200009b0  valueX                                     
200009b4  valueX1                                    
200009b8  valueY                                     
200009bc  valueY1                                    
200009c0  valueZ                                     
200009c4  valueZ1                                    
200008b8  verifyFlag                                 
2000096c  xVal                                       
2000097c  yVal                                       
2000098c  zVal                                       


GLOBAL SYMBOLS: SORTED BY Symbol Address 

address   name                                       
-------   ----                                       
00000000  __TI_static_base__                         
00000000  interruptVectors                           
00000145  bufferWrite                                
0000018f  bufferRead                                 
000001db  InitUarts                                  
00000200  __STACK_SIZE                               
0000023b  InitUartReceive                            
000002b1  SendCharacterData                          
000002d7  SendAccelData                              
000002f9  UartCommands                               
00000375  Add                                        
000003b5  Send                                       
00000499  Monitoring                                 
00000611  InitAccelerometer                          
00000683  ConfigAccelerometer                        
000006eb  ReadAccelerometer                          
00000799  ReadTemperature                            
000007f9  ReadGyroscope                              
00000955  __aeabi_dsub                               
0000095f  __aeabi_dadd                               
00000b0d  InitUart                                   
00000b51  SendCharacter                              
00000b65  SendString                                 
00000b87  SetPeriod                                  
00000b91  SendUartTest                               
00000c01  StartAquisition                            
00000cad  PCM_setPowerStateWithTimeout               
00000e31  setSystemClock                             
00000ead  startCrystalOscillator                     
00000ec5  initTimers                                 
00000f39  SetTimersPeriod                            
00000f8d  HexaToDecG                                 
00000fd5  HexaToDecGyro                              
0000101b  IntToString                                
00001091  InitI2c0                                   
000010eb  SendI2c0                                   
00001133  ReadI2c0                                   
0000117d  InitSensors                                
00001199  ConfigSensors                              
000011d9  ReadSensors                                
00001261  CS_initClockSignal                         
00001341  PCM_setPowerModeWithTimeout                
00001415  main                                       
0000145d  euscia0_isr                                
0000147b  timer_a_1_isr                              
000014a7  timer_a_0_isr                              
000014e1  PCM_setCoreVoltageLevelWithTimeout         
00001589  __aeabi_memcpy                             
00001589  __aeabi_memcpy4                            
00001589  __aeabi_memcpy8                            
00001589  memcpy                                     
00001625  UART_initModule                            
000016b9  CS_startHFXTWithTimeout                    
00001749  CS_startLFXTWithTimeout                    
000017d9  PCM_gotoLPM3                               
00001855  __aeabi_memclr                             
00001855  __aeabi_memclr4                            
00001855  __aeabi_memclr8                            
00001857  __aeabi_memset                             
00001857  __aeabi_memset4                            
00001857  __aeabi_memset8                            
0000185d  memset                                     
00001941  __TI_auto_init                             
00001a19  PCM_shutdownDevice                         
00001a69  _c_int00                                   
00001ab9  GPIO_setAsPeripheralModuleFunctionInputPin 
00001b05  GPIO_setAsPeripheralModuleFunctionOutputPin
00001b51  I2C_masterSendSingleByte                   
00001b9d  atoi                                       
00001be9  copy_in                                    
00001c35  __aeabi_d2iz                               
00001c7d  C$$EXIT                                    
00001c81  abort                                      
00001c89  exit                                       
00001cc1  strtok                                     
00001d01  I2C_masterReceiveSingleByte                
00001d31  __aeabi_i2d                                
00001d5f  PCM_getCoreVoltageLevel                    
00001d8b  PCM_getPowerMode                           
00001db5  strspn                                     
00001de1  PCM_gotoLPM0                               
00001e09  CS_setDCOCenteredFrequency                 
00001e2d  GPIO_setAsOutputPin                        
00001e51  UART_transmitData                          
00001e75  strcspn                                    
00001e99  GPIO_setOutputLowOnPin                     
00001eb1  WDT_A_holdTimer                            
00001ec9  _args_main                                 
00001ee1  strcmp                                     
00001ef9  CS_setExternalClockSourceFrequency         
00001f0d  _register_unlock                           
00001f13  _register_lock                             
00001f1b  _nop                                       
00001f21  strcpy                                     
00001f35  PCM_getPowerState                          
00001f45  SysCtl_disableNMISource                    
00001f55  SysCtl_enableNMISource                     
00001f65  __TI_decompress_none                       
00001f75  SysCtl_getNMISourceStatus                  
00001f81  UART_enableModule                          
00001f8d  __TI_zero_init                             
00001fa5  CS_startHFXT                               
00001fab  CS_startLFXT                               
00001fb1  PCM_setCoreVoltageLevel                    
00001fb7  PCM_setPowerMode                           
00001fbd  PCM_setPowerState                          
00001fc3  __TI_decompress_rle24                      
00001fc9  CPU_wfi                                    
00001fcd  I2C_setSlaveAddress                        
00001fd1  _system_pre_init                           
00001fd4  _ctypes_                                   
0000219c  __TI_Handler_Table_Base                    
000021a8  __TI_Handler_Table_Limit                   
000021b0  __TI_CINIT_Base                            
000021c0  __TI_CINIT_Limit                           
20000000  rx_buffer                                  
20000800  sensorMpu                                  
20000848  UartModule0                                
20000898  _lock                                      
2000089c  _unlock                                    
200008a0  __TI_cleanup_ptr                           
200008a4  __TI_dtors_ptr                             
200008ac  bufferIndex                                
200008ae  startFlag                                  
200008af  flagTreshold                               
200008b0  main_func_sp                               
200008b8  verifyFlag                                 
200008bc  defaultSensor                              
20000904  defaultUartModule                          
20000934  receive_buffer                             
2000096c  xVal                                       
2000097c  yVal                                       
2000098c  zVal                                       
200009a8  received_byte                              
200009b0  valueX                                     
200009b4  valueX1                                    
200009b8  valueY                                     
200009bc  valueY1                                    
200009c0  valueZ                                     
200009c4  valueZ1                                    
200009cb  status                                     
2000fe00  __stack                                    
20010000  __STACK_END                                
4000480c  WDTCTL_SYM                                 
ffffffff  __binit__                                  
ffffffff  __c_args__                                 
ffffffff  binit                                      
UNDEFED   SHT$$INIT_ARRAY$$Base                      
UNDEFED   SHT$$INIT_ARRAY$$Limit                     

[149 symbols]
