******************************************************************************
                  TI ARM Linker PC v5.2.5                      
******************************************************************************
>> Linked Mon May 16 14:14:04 2016

OUTPUT FILE NAME:   <layers123.out>
ENTRY POINT SYMBOL: "_c_int00"  address: 00001a05


MEMORY CONFIGURATION

         name            origin    length      used     unused   attr    fill
----------------------  --------  ---------  --------  --------  ----  --------
  MAIN                  00000000   00040000  00002170  0003de90  R  X
  INFO                  00200000   00004000  00000000  00004000  R  X
  SRAM_CODE             01000000   00010000  00000000  00010000  RW X
  SRAM_DATA             20000000   00010000  00000bbf  0000f441  RW  


SEGMENT ALLOCATION MAP

run origin  load origin   length   init length attrs members
----------  ----------- ---------- ----------- ----- -------
00000000    00000000    00002170   00002170    r-x
  00000000    00000000    00000144   00000144    r-- .intvecs
  00000144    00000144    00001e40   00001e40    r-x .text
  00001f84    00001f84    0000014c   0000014c    r-- .const
  000020d0    000020d0    000000a0   000000a0    r-- .cinit
20000000    20000000    000009c2   00000000    rw-
  20000000    20000000    000008ad   00000000    rw- .data
  200008b0    200008b0    00000112   00000000    rw- .bss
2000fe00    2000fe00    00000200   00000000    rw-
  2000fe00    2000fe00    00000200   00000000    rw- .stack


SECTION ALLOCATION MAP

 output                                  attributes/
section   page    origin      length       input sections
--------  ----  ----------  ----------   ----------------
.intvecs   0    00000000    00000144     
                  00000000    00000144     msp432_startup_ccs.obj (.intvecs)

.text      0    00000144    00001e40     
                  00000144    000004e8     UartCommands.obj (.text)
                  0000062c    00000344     Accelerometer.obj (.text)
                  00000970    000001b6     rtsv7M4_T_le_v4SPD16_eabi.lib : fd_add_t2.obj (.text)
                  00000b26    00000182     msp432p4xx_driverlib.lib : pcm.o (.text:PCM_setPowerStateWithTimeout)
                  00000ca8    0000014c     Timers.obj (.text)
                  00000df4    00000114     Uart0.obj (.text)
                  00000f08    00000104     Utils.obj (.text)
                  0000100c    000000ec     i2c0.obj (.text)
                  000010f8    000000ec     main.obj (.text)
                  000011e4    000000e4     Sensors.obj (.text)
                  000012c8    000000e0     msp432p4xx_driverlib.lib : cs.o (.text:CS_initClockSignal)
                  000013a8    000000d4                              : pcm.o (.text:PCM_setPowerModeWithTimeout)
                  0000147c    000000a8                              : pcm.o (.text:PCM_setCoreVoltageLevelWithTimeout)
                  00001524    0000009c     rtsv7M4_T_le_v4SPD16_eabi.lib : memcpy_t2.obj (.text)
                  000015c0    00000094     msp432p4xx_driverlib.lib : uart.o (.text:UART_initModule)
                  00001654    00000090                              : cs.o (.text:CS_startHFXTWithTimeout)
                  000016e4    00000090                              : cs.o (.text:CS_startLFXTWithTimeout)
                  00001774    0000007c                              : pcm.o (.text:PCM_gotoLPM3)
                  000017f0    0000007a     rtsv7M4_T_le_v4SPD16_eabi.lib : memset_t2.obj (.text)
                  0000186a    00000002     --HOLE-- [fill = 0]
                  0000186c    00000070     msp432p4xx_driverlib.lib : cs.o (.text:_CSGetHFXTFrequency)
                  000018dc    0000006c     rtsv7M4_T_le_v4SPD16_eabi.lib : autoinit.obj (.text)
                  00001948    0000006a                                   : copy_decompress_rle.obj (.text)
                  000019b2    00000002     --HOLE-- [fill = 0]
                  000019b4    00000050     msp432p4xx_driverlib.lib : pcm.o (.text:PCM_shutdownDevice)
                  00001a04    00000050     rtsv7M4_T_le_v4SPD16_eabi.lib : boot.obj (.text)
                  00001a54    0000004c     msp432p4xx_driverlib.lib : gpio.o (.text:GPIO_setAsPeripheralModuleFunctionInputPin)
                  00001aa0    0000004c                              : gpio.o (.text:GPIO_setAsPeripheralModuleFunctionOutputPin)
                  00001aec    0000004c                              : i2c.o (.text:I2C_masterSendSingleByte)
                  00001b38    0000004c     rtsv7M4_T_le_v4SPD16_eabi.lib : atoi.obj (.text)
                  00001b84    0000004c                                   : cpy_tbl.obj (.text)
                  00001bd0    00000048                                   : fd_toi_t2.obj (.text)
                  00001c18    00000044                                   : exit.obj (.text)
                  00001c5c    00000040                                   : strtok.obj (.text)
                  00001c9c    00000030     msp432p4xx_driverlib.lib : i2c.o (.text:I2C_masterReceiveSingleByte)
                  00001ccc    0000002e     rtsv7M4_T_le_v4SPD16_eabi.lib : i_tofd_t2.obj (.text)
                  00001cfa    0000002c     msp432p4xx_driverlib.lib : pcm.o (.text:PCM_getCoreVoltageLevel)
                  00001d26    0000002a                              : pcm.o (.text:PCM_getPowerMode)
                  00001d50    0000002a     rtsv7M4_T_le_v4SPD16_eabi.lib : strspn.obj (.text)
                  00001d7a    00000002     --HOLE-- [fill = 0]
                  00001d7c    00000028     msp432p4xx_driverlib.lib : pcm.o (.text:PCM_gotoLPM0)
                  00001da4    00000024                              : cs.o (.text:CS_setDCOCenteredFrequency)
                  00001dc8    00000024                              : gpio.o (.text:GPIO_setAsOutputPin)
                  00001dec    00000024                              : uart.o (.text:UART_transmitData)
                  00001e10    00000024     rtsv7M4_T_le_v4SPD16_eabi.lib : strcspn.obj (.text)
                  00001e34    00000018     msp432p4xx_driverlib.lib : gpio.o (.text:GPIO_setOutputLowOnPin)
                  00001e4c    00000018                              : wdt_a.o (.text:WDT_A_holdTimer)
                  00001e64    00000018     rtsv7M4_T_le_v4SPD16_eabi.lib : args_main.obj (.text)
                  00001e7c    00000018                                   : strcmp.obj (.text)
                  00001e94    00000014     msp432p4xx_driverlib.lib : cs.o (.text:CS_setExternalClockSourceFrequency)
                  00001ea8    00000014                              : gpio.o (.text:GPIO_setOutputHighOnPin)
                  00001ebc    00000014     rtsv7M4_T_le_v4SPD16_eabi.lib : _lock.obj (.text)
                  00001ed0    00000014                                   : strcpy.obj (.text)
                  00001ee4    00000010     msp432p4xx_driverlib.lib : pcm.o (.text:PCM_getPowerState)
                  00001ef4    00000010                              : sysctl.o (.text:SysCtl_disableNMISource)
                  00001f04    00000010                              : sysctl.o (.text:SysCtl_enableNMISource)
                  00001f14    0000000e     rtsv7M4_T_le_v4SPD16_eabi.lib : copy_decompress_none.obj (.text:decompress:none)
                  00001f22    00000002     --HOLE-- [fill = 0]
                  00001f24    0000000c     msp432p4xx_driverlib.lib : sysctl.o (.text:SysCtl_getNMISourceStatus)
                  00001f30    0000000c                              : uart.o (.text:UART_enableModule)
                  00001f3c    0000000c     rtsv7M4_T_le_v4SPD16_eabi.lib : copy_zero_init.obj (.text:decompress:ZI)
                  00001f48    0000000c     msp432_startup_ccs.obj (.text)
                  00001f54    00000006     msp432p4xx_driverlib.lib : cs.o (.text:CS_startHFXT)
                  00001f5a    00000006                              : cs.o (.text:CS_startLFXT)
                  00001f60    00000006                              : pcm.o (.text:PCM_setCoreVoltageLevel)
                  00001f66    00000006                              : pcm.o (.text:PCM_setPowerMode)
                  00001f6c    00000006                              : pcm.o (.text:PCM_setPowerState)
                  00001f72    00000006     rtsv7M4_T_le_v4SPD16_eabi.lib : copy_decompress_rle.obj (.text:decompress:rle24)
                  00001f78    00000004     msp432p4xx_driverlib.lib : cpu.o (.text:CPU_wfi)
                  00001f7c    00000004                              : i2c.o (.text:I2C_setSlaveAddress)
                  00001f80    00000004     rtsv7M4_T_le_v4SPD16_eabi.lib : pre_init.obj (.text)

.const     0    00001f84    0000014c     
                  00001f84    00000101     rtsv7M4_T_le_v4SPD16_eabi.lib : ctype.obj (.const:.string:_ctypes_)
                  00002085    00000003     --HOLE-- [fill = 0]
                  00002088    00000030     msp432p4xx_driverlib.lib : gpio.o (.const:GPIO_PORT_TO_BASE)
                  000020b8    00000018     Timers.obj (.const)

.cinit     0    000020d0    000000a0     
                  000020d0    0000007a     (.cinit..data.load) [load image, compression = rle]
                  0000214a    00000002     --HOLE-- [fill = 0]
                  0000214c    0000000c     (__TI_handler_table)
                  00002158    00000008     (.cinit..bss.load) [load image, compression = zero_init]
                  00002160    00000010     (__TI_cinit_table)

.data      0    20000000    000008ad     UNINITIALIZED
                  20000000    00000800     UartCommands.obj (.data:rx_buffer)
                  20000800    00000048     Accelerometer.obj (.data:sensorMpu)
                  20000848    00000030     UartCommands.obj (.data:UartModule0)
                  20000878    00000014     Accelerometer.obj (.data)
                  2000088c    00000008     rtsv7M4_T_le_v4SPD16_eabi.lib : _lock.obj (.data)
                  20000894    00000008                                   : exit.obj (.data)
                  2000089c    00000004     Sensors.obj (.data)
                  200008a0    00000004     main.obj (.data)
                  200008a4    00000004     rtsv7M4_T_le_v4SPD16_eabi.lib : stkdepth_vars.obj (.data)
                  200008a8    00000004                                   : strtok.obj (.data)
                  200008ac    00000001     UartCommands.obj (.data)

.bss       0    200008b0    00000112     UNINITIALIZED
                  200008b0    00000048     Accelerometer.obj (.bss:defaultSensor)
                  200008f8    00000030     UartCommands.obj (.bss:defaultUartModule)
                  20000928    00000020     (.common:receive_buffer)
                  20000948    00000018     (.common:buf$1)
                  20000960    00000010     (.common:xVal)
                  20000970    00000010     (.common:yVal)
                  20000980    00000010     (.common:zVal)
                  20000990    00000004     (.common:command$1)
                  20000994    00000004     (.common:hfxtFreq)
                  20000998    00000004     (.common:lfxtFreq)
                  2000099c    00000004     (.common:received_byte)
                  200009a0    00000004     (.common:setValue$2)
                  200009a4    00000004     (.common:valueX)
                  200009a8    00000004     (.common:valueX1)
                  200009ac    00000004     (.common:valueY)
                  200009b0    00000004     (.common:valueY1)
                  200009b4    00000004     (.common:valueZ)
                  200009b8    00000004     (.common:valueZ1)
                  200009bc    00000002     (.common:temperature$7)
                  200009be    00000001     (.common:dataReceived$1)
                  200009bf    00000001     (.common:status1)
                  200009c0    00000001     (.common:status2)
                  200009c1    00000001     (.common:status3)

.TI.persistent 
*          0    20000000    00000000     UNINITIALIZED

.TI.noinit 
*          0    200008b0    00000000     UNINITIALIZED

.stack     0    2000fe00    00000200     UNINITIALIZED
                  2000fe00    00000200     --HOLE--


LINKER GENERATED COPY TABLES

__TI_cinit_table @ 00002160 records: 2, size/record: 8, table size: 16
	.data: load addr=000020d0, load size=0000007a bytes, run addr=20000000, run size=000008ad bytes, compression=rle
	.bss: load addr=00002158, load size=00000008 bytes, run addr=200008b0, run size=00000112 bytes, compression=zero_init


LINKER GENERATED HANDLER TABLE

__TI_handler_table @ 0000214c records: 3, size/record: 4, table size: 12
	index: 0, handler: __TI_decompress_rle24
	index: 1, handler: __TI_decompress_none
	index: 2, handler: __TI_zero_init


GLOBAL SYMBOLS: SORTED ALPHABETICALLY BY Name 

address   name                                       
-------   ----                                       
00000375  Add                                        
00001c19  C$$EXIT                                    
00001f79  CPU_wfi                                    
000012c9  CS_initClockSignal                         
00001da5  CS_setDCOCenteredFrequency                 
00001e95  CS_setExternalClockSourceFrequency         
00001f55  CS_startHFXT                               
00001655  CS_startHFXTWithTimeout                    
00001f5b  CS_startLFXT                               
000016e5  CS_startLFXTWithTimeout                    
0000069f  ConfigAccelerometer                        
00001201  ConfigSensors                              
00001dc9  GPIO_setAsOutputPin                        
00001a55  GPIO_setAsPeripheralModuleFunctionInputPin 
00001aa1  GPIO_setAsPeripheralModuleFunctionOutputPin
00001ea9  GPIO_setOutputHighOnPin                    
00001e35  GPIO_setOutputLowOnPin                     
00000f09  HexaToDecG                                 
00000f51  HexaToDecGyro                              
00001c9d  I2C_masterReceiveSingleByte                
00001aed  I2C_masterSendSingleByte                   
00001f7d  I2C_setSlaveAddress                        
0000062d  InitAccelerometer                          
0000100d  InitI2c0                                   
000011e5  InitSensors                                
00000df5  InitUart                                   
0000023b  InitUartReceive                            
000001db  InitUarts                                  
00000f97  IntToString                                
000004a9  Monitoring                                 
00001cfb  PCM_getCoreVoltageLevel                    
00001d27  PCM_getPowerMode                           
00001ee5  PCM_getPowerState                          
00001d7d  PCM_gotoLPM0                               
00001775  PCM_gotoLPM3                               
00001f61  PCM_setCoreVoltageLevel                    
0000147d  PCM_setCoreVoltageLevelWithTimeout         
00001f67  PCM_setPowerMode                           
000013a9  PCM_setPowerModeWithTimeout                
00001f6d  PCM_setPowerState                          
00000b27  PCM_setPowerStateWithTimeout               
000019b5  PCM_shutdownDevice                         
00000707  ReadAccelerometer                          
00000815  ReadGyroscope                              
000010af  ReadI2c0                                   
00001241  ReadSensors                                
000007b5  ReadTemperature                            
UNDEFED   SHT$$INIT_ARRAY$$Base                      
UNDEFED   SHT$$INIT_ARRAY$$Limit                     
000003b5  Send                                       
000002d7  SendAccelData                              
00000e39  SendCharacter                              
000002b1  SendCharacterData                          
00001067  SendI2c0                                   
00000e4d  SendString                                 
00000e79  SendUartTest                               
00000e6f  SetPeriod                                  
00000da1  SetTimersPeriod                            
00001ef5  SysCtl_disableNMISource                    
00001f05  SysCtl_enableNMISource                     
00001f25  SysCtl_getNMISourceStatus                  
00001f31  UART_enableModule                          
000015c1  UART_initModule                            
00001ded  UART_transmitData                          
000002f9  UartCommands                               
20000848  UartModule0                                
4000480c  WDTCTL_SYM                                 
00001e4d  WDT_A_holdTimer                            
20010000  __STACK_END                                
00000200  __STACK_SIZE                               
00002160  __TI_CINIT_Base                            
00002170  __TI_CINIT_Limit                           
0000214c  __TI_Handler_Table_Base                    
00002158  __TI_Handler_Table_Limit                   
000018dd  __TI_auto_init                             
20000894  __TI_cleanup_ptr                           
00001f15  __TI_decompress_none                       
00001f73  __TI_decompress_rle24                      
20000898  __TI_dtors_ptr                             
00000000  __TI_static_base__                         
00001f3d  __TI_zero_init                             
00001bd1  __aeabi_d2iz                               
0000097b  __aeabi_dadd                               
00000971  __aeabi_dsub                               
00001ccd  __aeabi_i2d                                
000017f1  __aeabi_memclr                             
000017f1  __aeabi_memclr4                            
000017f1  __aeabi_memclr8                            
00001525  __aeabi_memcpy                             
00001525  __aeabi_memcpy4                            
00001525  __aeabi_memcpy8                            
000017f3  __aeabi_memset                             
000017f3  __aeabi_memset4                            
000017f3  __aeabi_memset8                            
ffffffff  __binit__                                  
ffffffff  __c_args__                                 
2000fe00  __stack                                    
00001e65  _args_main                                 
00001a05  _c_int00                                   
00001f84  _ctypes_                                   
2000088c  _lock                                      
00001ecb  _nop                                       
00001ec3  _register_lock                             
00001ebd  _register_unlock                           
00001f81  _system_pre_init                           
20000890  _unlock                                    
00001c1d  abort                                      
00001b39  atoi                                       
ffffffff  binit                                      
200008a0  bufferIndex                                
0000018f  bufferRead                                 
00000145  bufferWrite                                
00001b85  copy_in                                    
200008b0  defaultSensor                              
200008f8  defaultUartModule                          
00001141  euscia0_isr                                
00001c25  exit                                       
200008a3  flagTreshold                               
00000d3d  initTimers                                 
00000000  interruptVectors                           
000010f9  main                                       
200008a4  main_func_sp                               
00001525  memcpy                                     
000017f9  memset                                     
20000928  receive_buffer                             
2000099c  received_byte                              
20000000  rx_buffer                                  
20000800  sensorMpu                                  
00000ca9  setSystemClock                             
00000d25  startCrystalOscillator                     
200008a2  startFlag                                  
200009bf  status1                                    
200009c0  status2                                    
200009c1  status3                                    
00001e7d  strcmp                                     
00001ed1  strcpy                                     
00001e11  strcspn                                    
00001d51  strspn                                     
00001c5d  strtok                                     
0000119b  timer_a_0_isr                              
0000115f  timer_a_1_isr                              
200009a4  valueX                                     
200009a8  valueX1                                    
200009ac  valueY                                     
200009b0  valueY1                                    
200009b4  valueZ                                     
200009b8  valueZ1                                    
200008ac  verifyFlag                                 
20000960  xVal                                       
20000970  yVal                                       
20000980  zVal                                       


GLOBAL SYMBOLS: SORTED BY Symbol Address 

address   name                                       
-------   ----                                       
00000000  __TI_static_base__                         
00000000  interruptVectors                           
00000145  bufferWrite                                
0000018f  bufferRead                                 
000001db  InitUarts                                  
00000200  __STACK_SIZE                               
0000023b  InitUartReceive                            
000002b1  SendCharacterData                          
000002d7  SendAccelData                              
000002f9  UartCommands                               
00000375  Add                                        
000003b5  Send                                       
000004a9  Monitoring                                 
0000062d  InitAccelerometer                          
0000069f  ConfigAccelerometer                        
00000707  ReadAccelerometer                          
000007b5  ReadTemperature                            
00000815  ReadGyroscope                              
00000971  __aeabi_dsub                               
0000097b  __aeabi_dadd                               
00000b27  PCM_setPowerStateWithTimeout               
00000ca9  setSystemClock                             
00000d25  startCrystalOscillator                     
00000d3d  initTimers                                 
00000da1  SetTimersPeriod                            
00000df5  InitUart                                   
00000e39  SendCharacter                              
00000e4d  SendString                                 
00000e6f  SetPeriod                                  
00000e79  SendUartTest                               
00000f09  HexaToDecG                                 
00000f51  HexaToDecGyro                              
00000f97  IntToString                                
0000100d  InitI2c0                                   
00001067  SendI2c0                                   
000010af  ReadI2c0                                   
000010f9  main                                       
00001141  euscia0_isr                                
0000115f  timer_a_1_isr                              
0000119b  timer_a_0_isr                              
000011e5  InitSensors                                
00001201  ConfigSensors                              
00001241  ReadSensors                                
000012c9  CS_initClockSignal                         
000013a9  PCM_setPowerModeWithTimeout                
0000147d  PCM_setCoreVoltageLevelWithTimeout         
00001525  __aeabi_memcpy                             
00001525  __aeabi_memcpy4                            
00001525  __aeabi_memcpy8                            
00001525  memcpy                                     
000015c1  UART_initModule                            
00001655  CS_startHFXTWithTimeout                    
000016e5  CS_startLFXTWithTimeout                    
00001775  PCM_gotoLPM3                               
000017f1  __aeabi_memclr                             
000017f1  __aeabi_memclr4                            
000017f1  __aeabi_memclr8                            
000017f3  __aeabi_memset                             
000017f3  __aeabi_memset4                            
000017f3  __aeabi_memset8                            
000017f9  memset                                     
000018dd  __TI_auto_init                             
000019b5  PCM_shutdownDevice                         
00001a05  _c_int00                                   
00001a55  GPIO_setAsPeripheralModuleFunctionInputPin 
00001aa1  GPIO_setAsPeripheralModuleFunctionOutputPin
00001aed  I2C_masterSendSingleByte                   
00001b39  atoi                                       
00001b85  copy_in                                    
00001bd1  __aeabi_d2iz                               
00001c19  C$$EXIT                                    
00001c1d  abort                                      
00001c25  exit                                       
00001c5d  strtok                                     
00001c9d  I2C_masterReceiveSingleByte                
00001ccd  __aeabi_i2d                                
00001cfb  PCM_getCoreVoltageLevel                    
00001d27  PCM_getPowerMode                           
00001d51  strspn                                     
00001d7d  PCM_gotoLPM0                               
00001da5  CS_setDCOCenteredFrequency                 
00001dc9  GPIO_setAsOutputPin                        
00001ded  UART_transmitData                          
00001e11  strcspn                                    
00001e35  GPIO_setOutputLowOnPin                     
00001e4d  WDT_A_holdTimer                            
00001e65  _args_main                                 
00001e7d  strcmp                                     
00001e95  CS_setExternalClockSourceFrequency         
00001ea9  GPIO_setOutputHighOnPin                    
00001ebd  _register_unlock                           
00001ec3  _register_lock                             
00001ecb  _nop                                       
00001ed1  strcpy                                     
00001ee5  PCM_getPowerState                          
00001ef5  SysCtl_disableNMISource                    
00001f05  SysCtl_enableNMISource                     
00001f15  __TI_decompress_none                       
00001f25  SysCtl_getNMISourceStatus                  
00001f31  UART_enableModule                          
00001f3d  __TI_zero_init                             
00001f55  CS_startHFXT                               
00001f5b  CS_startLFXT                               
00001f61  PCM_setCoreVoltageLevel                    
00001f67  PCM_setPowerMode                           
00001f6d  PCM_setPowerState                          
00001f73  __TI_decompress_rle24                      
00001f79  CPU_wfi                                    
00001f7d  I2C_setSlaveAddress                        
00001f81  _system_pre_init                           
00001f84  _ctypes_                                   
0000214c  __TI_Handler_Table_Base                    
00002158  __TI_Handler_Table_Limit                   
00002160  __TI_CINIT_Base                            
00002170  __TI_CINIT_Limit                           
20000000  rx_buffer                                  
20000800  sensorMpu                                  
20000848  UartModule0                                
2000088c  _lock                                      
20000890  _unlock                                    
20000894  __TI_cleanup_ptr                           
20000898  __TI_dtors_ptr                             
200008a0  bufferIndex                                
200008a2  startFlag                                  
200008a3  flagTreshold                               
200008a4  main_func_sp                               
200008ac  verifyFlag                                 
200008b0  defaultSensor                              
200008f8  defaultUartModule                          
20000928  receive_buffer                             
20000960  xVal                                       
20000970  yVal                                       
20000980  zVal                                       
2000099c  received_byte                              
200009a4  valueX                                     
200009a8  valueX1                                    
200009ac  valueY                                     
200009b0  valueY1                                    
200009b4  valueZ                                     
200009b8  valueZ1                                    
200009bf  status1                                    
200009c0  status2                                    
200009c1  status3                                    
2000fe00  __stack                                    
20010000  __STACK_END                                
4000480c  WDTCTL_SYM                                 
ffffffff  __binit__                                  
ffffffff  __c_args__                                 
ffffffff  binit                                      
UNDEFED   SHT$$INIT_ARRAY$$Base                      
UNDEFED   SHT$$INIT_ARRAY$$Limit                     

[151 symbols]
